✔ VERIFIER-DERIVE: a real environment bundle verifies, and the derivations are reached (19673.726ms)
✔ VERIFIER-DERIVE: a validity result that claims `valid` over a failed gate is refused (16694.498208ms)
✔ VERIFIER-DERIVE: a status that disagrees with its own gates is refused, on that ground alone (15899.442583ms)
✔ VERIFIER-DERIVE: a failed gate with no invalidity finding naming it is refused (15898.28675ms)
✔ VERIFIER-DERIVE: a valid result citing invalidity findings is refused (17005.209916ms)
✔ VERIFIER-DERIVE: a restoration `passed` that its own evidence contradicts is refused (17032.786334ms)
✔ VERIFIER-DERIVE: a restoration citing no compensation receipt is refused (15462.174459ms)
✔ VERIFIER-DERIVE: a teardown `passed` over non-empty residue is refused (15522.407292ms)
✔ VERIFIER-DERIVE: a teardown whose residue count and list disagree is refused (15834.942709ms)
✔ VERIFIER-DERIVE: a bundle whose lifecycle names no substrate binding is refused (24289.3245ms)
✔ VERIFIER-DERIVE: a binding naming another run is refused (39205.059583ms)
✖ VERIFIER-DERIVE: a cancellation claiming `not_required` over an environment is refused (5769.426125ms)
✔ VERIFIER-DERIVE: a cancellation closing over a pre-environment cleanup is refused (5531.526166ms)
ℹ tests 13
ℹ suites 0
ℹ pass 12
ℹ fail 1
ℹ cancelled 0
ℹ skipped 0
ℹ todo 0
ℹ duration_ms 224543.841917

✖ failing tests:

test at tests/dist/adversarial/environmentVerifierDerivation.test.js:185:1
✖ VERIFIER-DERIVE: a cancellation claiming `not_required` over an environment is refused (5769.426125ms)
  AssertionError [ERR_ASSERTION]: Expected values to be strictly equal:
  + actual - expected
  
  + undefined
  - 'EMERGENCY_CLEANUP_INCOMPLETE'
  
      at TestContext.<anonymous> (file:///private/var/folders/gy/fgcsxyg95yxdym1qs1tvkzj80000gp/T/erl2-negative-control-kjbPvx/tree/tests/dist/adversarial/environmentVerifierDerivation.test.js:199:12)
      at Test.runInAsyncScope (node:async_hooks:226:14)
      at Test.run (node:internal/test_runner/test:1382:25)
      at Test.processPendingSubtests (node:internal/test_runner/test:960:18)
      at Test.postRun (node:internal/test_runner/test:1522:19)
      at Test.run (node:internal/test_runner/test:1447:12)
      at async Test.processPendingSubtests (node:internal/test_runner/test:960:7) {
    generatedMessage: true,
    code: 'ERR_ASSERTION',
    actual: undefined,
    expected: 'EMERGENCY_CLEANUP_INCOMPLETE',
    operator: 'strictEqual',
    diff: 'simple'
  }
