✔ REFUSAL-ATOMIC: this is P1-10 — journey with a missing comparison policy freezes no cutoff policy (11391.047209ms)
✔ REFUSAL-ATOMIC: every representative refusal cause leaves the run byte-identical (43002.66325ms)
✔ REFUSAL-ATOMIC: a refused environment command creates no substrate or reservation directory (3929.625417ms)
✔ REFUSAL-ATOMIC: nothing is written after the valid terminal, refused or replayed (17909.045375ms)
✔ PREREQ-CLI: this is P1-9 — a committed post-capture step cannot run before activation (18001.985208ms)
✔ CANCEL-BRANCH: a live environment never receives a pre-environment cleanup terminal (40462.33425ms)
✖ CANCEL-BRANCH: the branch is not decided by one file's existence (4005.484667ms)
✖ CANCEL-BRANCH: an unreadable binding refuses rather than answering pre-environment (4023.338209ms)
✔ CANCEL-BRANCH: a pre-environment run still takes the pre-environment branch (3667.725ms)
✔ CANCEL-BRANCH: cancelling a cleanup interrupted mid-flight continues it, not restarts it (15549.113584ms)
✔ CANCEL-BRANCH: cancelling after emergency cleanup completed returns its terminal (15278.919667ms)
✔ CANCEL-BRANCH: cancelling a cancelled run returns the same record and writes nothing (5020.366708ms)
ℹ tests 12
ℹ suites 0
ℹ pass 10
ℹ fail 2
ℹ cancelled 0
ℹ skipped 0
ℹ todo 0
ℹ duration_ms 183084.431459

✖ failing tests:

test at tests/dist/adversarial/lifecycleOrdering.test.js:230:1
✖ CANCEL-BRANCH: the branch is not decided by one file's existence (4005.484667ms)
  AssertionError [ERR_ASSERTION]: deleting the binding artifact must not downgrade the cancellation branch
      at TestContext.<anonymous> (file:///private/var/folders/gy/fgcsxyg95yxdym1qs1tvkzj80000gp/T/erl2-negative-control-kjbPvx/tree/tests/dist/adversarial/lifecycleOrdering.test.js:243:12)
      at Test.runInAsyncScope (node:async_hooks:226:14)
      at Test.run (node:internal/test_runner/test:1382:25)
      at Test.processPendingSubtests (node:internal/test_runner/test:960:18)
      at Test.postRun (node:internal/test_runner/test:1522:19)
      at Test.run (node:internal/test_runner/test:1447:12)
      at async Test.processPendingSubtests (node:internal/test_runner/test:960:7) {
    generatedMessage: false,
    code: 'ERR_ASSERTION',
    actual: 'not_required',
    expected: 'not_required',
    operator: 'notStrictEqual',
    diff: 'simple'
  }

test at tests/dist/adversarial/lifecycleOrdering.test.js:246:1
✖ CANCEL-BRANCH: an unreadable binding refuses rather than answering pre-environment (4023.338209ms)
  AssertionError [ERR_ASSERTION]: an unreadable binding must be a typed refusal, got CANCELLATION_REQUESTED
  + actual - expected
  
  + 'CANCELLATION_REQUESTED'
  - 'ENV_SUBSTRATE_UNREADABLE'
  
      at TestContext.<anonymous> (file:///private/var/folders/gy/fgcsxyg95yxdym1qs1tvkzj80000gp/T/erl2-negative-control-kjbPvx/tree/tests/dist/adversarial/lifecycleOrdering.test.js:259:12)
      at Test.runInAsyncScope (node:async_hooks:226:14)
      at Test.run (node:internal/test_runner/test:1382:25)
      at Test.processPendingSubtests (node:internal/test_runner/test:960:18)
      at Test.postRun (node:internal/test_runner/test:1522:19)
      at Test.run (node:internal/test_runner/test:1447:12)
      at async Test.processPendingSubtests (node:internal/test_runner/test:960:7) {
    generatedMessage: false,
    code: 'ERR_ASSERTION',
    actual: 'CANCELLATION_REQUESTED',
    expected: 'ENV_SUBSTRATE_UNREADABLE',
    operator: 'strictEqual',
    diff: 'simple'
  }
