✔ REFUSAL-ATOMIC: this is P1-10 — journey with a missing comparison policy freezes no cutoff policy (11423.106875ms)
✔ REFUSAL-ATOMIC: every representative refusal cause leaves the run byte-identical (42904.456458ms)
✔ REFUSAL-ATOMIC: a refused environment command creates no substrate or reservation directory (4058.561584ms)
✔ REFUSAL-ATOMIC: nothing is written after the valid terminal, refused or replayed (16443.734875ms)
✔ PREREQ-CLI: this is P1-9 — a committed post-capture step cannot run before activation (16238.984625ms)
✔ CANCEL-BRANCH: a live environment never receives a pre-environment cleanup terminal (38863.274709ms)
✔ CANCEL-BRANCH: the branch is not decided by one file's existence (3966.520541ms)
✔ CANCEL-BRANCH: an unreadable binding refuses rather than answering pre-environment (3834.496458ms)
✔ CANCEL-BRANCH: a pre-environment run still takes the pre-environment branch (3803.345208ms)
✖ CANCEL-BRANCH: cancelling a cleanup interrupted mid-flight continues it, not restarts it (15112.257ms)
✔ CANCEL-BRANCH: cancelling after emergency cleanup completed returns its terminal (14511.47825ms)
✔ CANCEL-BRANCH: cancelling a cancelled run returns the same record and writes nothing (5133.257708ms)
ℹ tests 12
ℹ suites 0
ℹ pass 11
ℹ fail 1
ℹ cancelled 0
ℹ skipped 0
ℹ todo 0
ℹ duration_ms 177265.258166

✖ failing tests:

test at tests/dist/adversarial/lifecycleOrdering.test.js:269:1
✖ CANCEL-BRANCH: cancelling a cleanup interrupted mid-flight continues it, not restarts it (15112.257ms)
  AssertionError [ERR_ASSERTION]: cancel must reach exactly one terminal
  
  0 !== 1
  
      at TestContext.<anonymous> (file:///private/var/folders/gy/fgcsxyg95yxdym1qs1tvkzj80000gp/T/erl2-negative-control-kjbPvx/tree/tests/dist/adversarial/lifecycleOrdering.test.js:298:12)
      at Test.runInAsyncScope (node:async_hooks:226:14)
      at Test.run (node:internal/test_runner/test:1382:25)
      at Test.processPendingSubtests (node:internal/test_runner/test:960:18)
      at Test.postRun (node:internal/test_runner/test:1522:19)
      at Test.run (node:internal/test_runner/test:1447:12)
      at async Test.processPendingSubtests (node:internal/test_runner/test:960:7) {
    generatedMessage: false,
    code: 'ERR_ASSERTION',
    actual: 0,
    expected: 1,
    operator: 'strictEqual',
    diff: 'simple'
  }
