✖ COMPENSATION-ADV: a receipt reading `succeeded` over a mutation that is still applied is refused (16451.594208ms)
✖ COMPENSATION-ADV: the refused run reaches the authorized invalid terminal, and it verifies (13584.114458ms)
✔ COMPENSATION-ADV: a compensation that reverts unrelated state is refused too (13451.911709ms)
✖ COMPENSATION-ADV: a genuine compensation passes, freezes its probe, and verifies offline (13558.020291ms)
✖ COMPENSATION-ADV: the verifier refuses every way a probe can be about something else (13676.905334ms)
✖ COMPENSATION-ADV: a terminal that omits the observation entirely is refused (13546.900375ms)
✔ COMPENSATION-ADV: `reverted nothing` and `had nothing to revert` are different answers (1.080166ms)
✔ COMPENSATION-ADV: a resumed compensation that already ran is not mistaken for a no-op (0.069292ms)
ℹ tests 8
ℹ suites 0
ℹ pass 3
ℹ fail 5
ℹ cancelled 0
ℹ skipped 0
ℹ todo 0
ℹ duration_ms 84653.129042

✖ failing tests:

test at tests/dist/adversarial/compensationAdversarial.test.js:71:1
✖ COMPENSATION-ADV: a receipt reading `succeeded` over a mutation that is still applied is refused (16451.594208ms)
  AssertionError [ERR_ASSERTION]: a no-op compensation must not pass restoration
      at TestContext.<anonymous> (file:///private/var/folders/gy/fgcsxyg95yxdym1qs1tvkzj80000gp/T/erl2-negative-control-kjbPvx/tree/tests/dist/adversarial/compensationAdversarial.test.js:74:12)
      at Test.runInAsyncScope (node:async_hooks:226:14)
      at Test.run (node:internal/test_runner/test:1382:25)
      at Test.start (node:internal/test_runner/test:1242:17)
      at startSubtestAfterBootstrap (node:internal/test_runner/harness:387:17) {
    generatedMessage: false,
    code: 'ERR_ASSERTION',
    actual: 0,
    expected: 0,
    operator: 'notStrictEqual',
    diff: 'simple'
  }

test at tests/dist/adversarial/compensationAdversarial.test.js:87:1
✖ COMPENSATION-ADV: the refused run reaches the authorized invalid terminal, and it verifies (13584.114458ms)
  AssertionError [ERR_ASSERTION]: Expected "actual" to be strictly unequal to: 0
      at TestContext.<anonymous> (file:///private/var/folders/gy/fgcsxyg95yxdym1qs1tvkzj80000gp/T/erl2-negative-control-kjbPvx/tree/tests/dist/adversarial/compensationAdversarial.test.js:89:12)
      at Test.runInAsyncScope (node:async_hooks:226:14)
      at Test.run (node:internal/test_runner/test:1382:25)
      at Test.processPendingSubtests (node:internal/test_runner/test:960:18)
      at Test.postRun (node:internal/test_runner/test:1522:19)
      at Test.run (node:internal/test_runner/test:1447:12)
      at async startSubtestAfterBootstrap (node:internal/test_runner/harness:387:3) {
    generatedMessage: true,
    code: 'ERR_ASSERTION',
    actual: 0,
    expected: 0,
    operator: 'notStrictEqual',
    diff: 'simple'
  }

test at tests/dist/adversarial/compensationAdversarial.test.js:121:1
✖ COMPENSATION-ADV: a genuine compensation passes, freezes its probe, and verifies offline (13558.020291ms)
  AssertionError [ERR_ASSERTION]: restore: [{"code":"RESTORATION_NOT_INDEPENDENTLY_OBSERVED","message":"the compensation receipt reports success, but re-reading the bound substrate derives collateral (reverted without being asked to: activate-0fa68e48e336); the authorized route is receipt-backed emergency cleanup"}]
  
  9 !== 0
  
      at drive (file:///private/var/folders/gy/fgcsxyg95yxdym1qs1tvkzj80000gp/T/erl2-negative-control-kjbPvx/tree/tests/dist/support/environmentCli.js:109:16)
      at finalizedRun (file:///private/var/folders/gy/fgcsxyg95yxdym1qs1tvkzj80000gp/T/erl2-negative-control-kjbPvx/tree/tests/dist/adversarial/compensationAdversarial.test.js:67:18)
      at TestContext.<anonymous> (file:///private/var/folders/gy/fgcsxyg95yxdym1qs1tvkzj80000gp/T/erl2-negative-control-kjbPvx/tree/tests/dist/adversarial/compensationAdversarial.test.js:122:17)
      at Test.runInAsyncScope (node:async_hooks:226:14)
      at Test.run (node:internal/test_runner/test:1382:25)
      at Test.processPendingSubtests (node:internal/test_runner/test:960:18)
      at Test.postRun (node:internal/test_runner/test:1522:19)
      at Test.run (node:internal/test_runner/test:1447:12)
      at async Test.processPendingSubtests (node:internal/test_runner/test:960:7) {
    generatedMessage: false,
    code: 'ERR_ASSERTION',
    actual: 9,
    expected: 0,
    operator: 'strictEqual',
    diff: 'simple'
  }

test at tests/dist/adversarial/compensationAdversarial.test.js:140:1
✖ COMPENSATION-ADV: the verifier refuses every way a probe can be about something else (13676.905334ms)
  AssertionError [ERR_ASSERTION]: restore: [{"code":"RESTORATION_NOT_INDEPENDENTLY_OBSERVED","message":"the compensation receipt reports success, but re-reading the bound substrate derives collateral (reverted without being asked to: activate-f0f90677db17); the authorized route is receipt-backed emergency cleanup"}]
  
  9 !== 0
  
      at drive (file:///private/var/folders/gy/fgcsxyg95yxdym1qs1tvkzj80000gp/T/erl2-negative-control-kjbPvx/tree/tests/dist/support/environmentCli.js:109:16)
      at finalizedRun (file:///private/var/folders/gy/fgcsxyg95yxdym1qs1tvkzj80000gp/T/erl2-negative-control-kjbPvx/tree/tests/dist/adversarial/compensationAdversarial.test.js:67:18)
      at TestContext.<anonymous> (file:///private/var/folders/gy/fgcsxyg95yxdym1qs1tvkzj80000gp/T/erl2-negative-control-kjbPvx/tree/tests/dist/adversarial/compensationAdversarial.test.js:141:17)
      at Test.runInAsyncScope (node:async_hooks:226:14)
      at Test.run (node:internal/test_runner/test:1382:25)
      at Test.processPendingSubtests (node:internal/test_runner/test:960:18)
      at Test.postRun (node:internal/test_runner/test:1522:19)
      at Test.run (node:internal/test_runner/test:1447:12)
      at async Test.processPendingSubtests (node:internal/test_runner/test:960:7) {
    generatedMessage: false,
    code: 'ERR_ASSERTION',
    actual: 9,
    expected: 0,
    operator: 'strictEqual',
    diff: 'simple'
  }

test at tests/dist/adversarial/compensationAdversarial.test.js:197:1
✖ COMPENSATION-ADV: a terminal that omits the observation entirely is refused (13546.900375ms)
  AssertionError [ERR_ASSERTION]: restore: [{"code":"RESTORATION_NOT_INDEPENDENTLY_OBSERVED","message":"the compensation receipt reports success, but re-reading the bound substrate derives collateral (reverted without being asked to: activate-d187a6373f41); the authorized route is receipt-backed emergency cleanup"}]
  
  9 !== 0
  
      at drive (file:///private/var/folders/gy/fgcsxyg95yxdym1qs1tvkzj80000gp/T/erl2-negative-control-kjbPvx/tree/tests/dist/support/environmentCli.js:109:16)
      at finalizedRun (file:///private/var/folders/gy/fgcsxyg95yxdym1qs1tvkzj80000gp/T/erl2-negative-control-kjbPvx/tree/tests/dist/adversarial/compensationAdversarial.test.js:67:18)
      at TestContext.<anonymous> (file:///private/var/folders/gy/fgcsxyg95yxdym1qs1tvkzj80000gp/T/erl2-negative-control-kjbPvx/tree/tests/dist/adversarial/compensationAdversarial.test.js:201:17)
      at Test.runInAsyncScope (node:async_hooks:226:14)
      at Test.run (node:internal/test_runner/test:1382:25)
      at Test.processPendingSubtests (node:internal/test_runner/test:960:18)
      at Test.postRun (node:internal/test_runner/test:1522:19)
      at Test.run (node:internal/test_runner/test:1447:12)
      at async Test.processPendingSubtests (node:internal/test_runner/test:960:7) {
    generatedMessage: false,
    code: 'ERR_ASSERTION',
    actual: 9,
    expected: 0,
    operator: 'strictEqual',
    diff: 'simple'
  }
