✔ COMPOSE-ADV: an unqualified lock never reaches a substrate (18.0135ms)
✔ COMPOSE-ADV: a lock whose amd64 slot holds an arm64 manifest is refused (6.229125ms)
✔ COMPOSE-ADV: a lock pinning an EXTRA service is refused (2.08125ms)
✔ COMPOSE-ADV: a lock MISSING one of the subset's images is refused (2.290542ms)
✔ COMPOSE-ADV: a changed applied configuration file is refused before provisioning (2.111666ms)
✔ COMPOSE-ADV: every discovery is an exact run-scoped name or label value (9.059125ms)
✔ COMPOSE-ADV: a broad cleanup selector is refused by construction (0.1165ms)
✔ COMPOSE-ADV: a foreign object wearing this run's project label stops the teardown (3.963375ms)
✔ COMPOSE-ADV: a compensation that reverts nothing is receipted as failed (6.646417ms)
✔ COMPOSE-ADV: a mutation the substrate did not apply is receipted as failed (4.187666ms)
✔ COMPOSE-ADV: a teardown Compose reports as clean is re-inspected (3.6585ms)
✔ COMPOSE-ADV: a failed `compose pull` refuses before anything is created (2.217667ms)
✔ COMPOSE-ADV: a partial provision is reported partial, with everything created (2.424291ms)
✔ COMPOSE-ADV: a stored receipt is not adopted once the substrate contradicts it (2.739917ms)
✔ COMPOSE-ADV: an expected container name running an image the lock does not pin is refused (9.054ms)
✔ COMPOSE-ADV: an expected container name whose image cannot be resolved at all is refused (4.810208ms)
✖ COMPOSE-ADV: an expected container carrying another run's run_id label is refused (3.376125ms)
✖ COMPOSE-ADV: an expected container carrying a foreign driver_id label is refused (2.783084ms)
✖ COMPOSE-ADV: an expected container carrying a foreign Compose project label is refused (3.857042ms)
✖ COMPOSE-ADV: an expected container MISSING an ownership label is refused (4.123958ms)
✖ COMPOSE-ADV: two unproven containers are two inventory entries, not one (2.730625ms)
✔ COMPOSE-ADV: the baseline observation records what Docker said, not what the lock says (3.634709ms)
✔ COMPOSE-ADV: an activation observed on an unproven container is not this run's mutation (4.082459ms)
﹣ COMPOSE-ADV: the RENDERED configuration publishes one loopback port and nothing else (0.029959ms) # RENDERED TOPOLOGY UNPROVEN: the extracted upstream configuration is absent (environments/otel-demo/upstream/extracted-1bf3ef8fbaffc049/.env, environments/otel-demo/upstream/extracted-1bf3ef8fbaffc049/compose.yaml); `environments/otel-demo/upstream/` is git-ignored, so a fresh checkout does not carry it — run `node scripts/qualify-otel-demo.mjs --fetch-only` to materialise it
✔ COMPOSE-ADV: the substrate identity changes when the daemon does (2.795709ms)
✔ COMPOSE-ADV: telemetry the collector received is observed with the lines its counts derive from (3.309333ms)
✔ COMPOSE-ADV: a collector that is not provably this run's yields an absent observation, not a zero (2.695083ms)
✔ COMPOSE-ADV: a collector whose logs cannot be read is absent for a different, named reason (2.379375ms)
✔ COMPOSE-ADV: a verified collector that received nothing this run is observed, honestly, as zero (2.635083ms)
ℹ tests 29
ℹ suites 0
ℹ pass 23
ℹ fail 5
ℹ cancelled 0
ℹ skipped 1
ℹ todo 0
ℹ duration_ms 525.956458

✖ failing tests:

test at tests/dist/adversarial/composeSubstrate.test.js:483:1
✖ COMPOSE-ADV: an expected container carrying another run's run_id label is refused (3.376125ms)
  AssertionError [ERR_ASSERTION]: the baseline probe must fail for a container that is not ours
  
  true !== false
  
      at assertRefusedAsNotOurs (file:///private/var/folders/gy/fgcsxyg95yxdym1qs1tvkzj80000gp/T/erl2-negative-control-kjbPvx/tree/tests/dist/adversarial/composeSubstrate.test.js:421:12)
      at TestContext.<anonymous> (file:///private/var/folders/gy/fgcsxyg95yxdym1qs1tvkzj80000gp/T/erl2-negative-control-kjbPvx/tree/tests/dist/adversarial/composeSubstrate.test.js:487:5)
      at Test.runInAsyncScope (node:async_hooks:226:14)
      at Test.run (node:internal/test_runner/test:1382:25)
      at Test.processPendingSubtests (node:internal/test_runner/test:960:18)
      at Test.postRun (node:internal/test_runner/test:1522:19)
      at Test.run (node:internal/test_runner/test:1447:12)
      at async Test.processPendingSubtests (node:internal/test_runner/test:960:7) {
    generatedMessage: false,
    code: 'ERR_ASSERTION',
    actual: true,
    expected: false,
    operator: 'strictEqual',
    diff: 'simple'
  }

test at tests/dist/adversarial/composeSubstrate.test.js:489:1
✖ COMPOSE-ADV: an expected container carrying a foreign driver_id label is refused (2.783084ms)
  AssertionError [ERR_ASSERTION]: the baseline probe must fail for a container that is not ours
  
  true !== false
  
      at assertRefusedAsNotOurs (file:///private/var/folders/gy/fgcsxyg95yxdym1qs1tvkzj80000gp/T/erl2-negative-control-kjbPvx/tree/tests/dist/adversarial/composeSubstrate.test.js:421:12)
      at TestContext.<anonymous> (file:///private/var/folders/gy/fgcsxyg95yxdym1qs1tvkzj80000gp/T/erl2-negative-control-kjbPvx/tree/tests/dist/adversarial/composeSubstrate.test.js:493:5)
      at Test.runInAsyncScope (node:async_hooks:226:14)
      at Test.run (node:internal/test_runner/test:1382:25)
      at Test.processPendingSubtests (node:internal/test_runner/test:960:18)
      at Test.postRun (node:internal/test_runner/test:1522:19)
      at Test.run (node:internal/test_runner/test:1447:12)
      at async Test.processPendingSubtests (node:internal/test_runner/test:960:7) {
    generatedMessage: false,
    code: 'ERR_ASSERTION',
    actual: true,
    expected: false,
    operator: 'strictEqual',
    diff: 'simple'
  }

test at tests/dist/adversarial/composeSubstrate.test.js:495:1
✖ COMPOSE-ADV: an expected container carrying a foreign Compose project label is refused (3.857042ms)
  AssertionError [ERR_ASSERTION]: the baseline probe must fail for a container that is not ours
  
  true !== false
  
      at assertRefusedAsNotOurs (file:///private/var/folders/gy/fgcsxyg95yxdym1qs1tvkzj80000gp/T/erl2-negative-control-kjbPvx/tree/tests/dist/adversarial/composeSubstrate.test.js:421:12)
      at TestContext.<anonymous> (file:///private/var/folders/gy/fgcsxyg95yxdym1qs1tvkzj80000gp/T/erl2-negative-control-kjbPvx/tree/tests/dist/adversarial/composeSubstrate.test.js:499:5)
      at Test.runInAsyncScope (node:async_hooks:226:14)
      at Test.run (node:internal/test_runner/test:1382:25)
      at Test.processPendingSubtests (node:internal/test_runner/test:960:18)
      at Test.postRun (node:internal/test_runner/test:1522:19)
      at Test.run (node:internal/test_runner/test:1447:12)
      at async Test.processPendingSubtests (node:internal/test_runner/test:960:7) {
    generatedMessage: false,
    code: 'ERR_ASSERTION',
    actual: true,
    expected: false,
    operator: 'strictEqual',
    diff: 'simple'
  }

test at tests/dist/adversarial/composeSubstrate.test.js:501:1
✖ COMPOSE-ADV: an expected container MISSING an ownership label is refused (4.123958ms)
  AssertionError [ERR_ASSERTION]: the baseline probe must fail for a container that is not ours
  
  true !== false
  
      at assertRefusedAsNotOurs (file:///private/var/folders/gy/fgcsxyg95yxdym1qs1tvkzj80000gp/T/erl2-negative-control-kjbPvx/tree/tests/dist/adversarial/composeSubstrate.test.js:421:12)
      at TestContext.<anonymous> (file:///private/var/folders/gy/fgcsxyg95yxdym1qs1tvkzj80000gp/T/erl2-negative-control-kjbPvx/tree/tests/dist/adversarial/composeSubstrate.test.js:507:5)
      at Test.runInAsyncScope (node:async_hooks:226:14)
      at Test.run (node:internal/test_runner/test:1382:25)
      at Test.processPendingSubtests (node:internal/test_runner/test:960:18)
      at Test.postRun (node:internal/test_runner/test:1522:19)
      at Test.run (node:internal/test_runner/test:1447:12)
      at async Test.processPendingSubtests (node:internal/test_runner/test:960:7) {
    generatedMessage: false,
    code: 'ERR_ASSERTION',
    actual: true,
    expected: false,
    operator: 'strictEqual',
    diff: 'simple'
  }

test at tests/dist/adversarial/composeSubstrate.test.js:509:1
✖ COMPOSE-ADV: two unproven containers are two inventory entries, not one (2.730625ms)
  AssertionError [ERR_ASSERTION]: both unproven containers must be inventoried
  
  1 !== 2
  
      at TestContext.<anonymous> (file:///private/var/folders/gy/fgcsxyg95yxdym1qs1tvkzj80000gp/T/erl2-negative-control-kjbPvx/tree/tests/dist/adversarial/composeSubstrate.test.js:522:12)
      at Test.runInAsyncScope (node:async_hooks:226:14)
      at Test.run (node:internal/test_runner/test:1382:25)
      at Test.processPendingSubtests (node:internal/test_runner/test:960:18)
      at Test.postRun (node:internal/test_runner/test:1522:19)
      at Test.run (node:internal/test_runner/test:1447:12)
      at async Test.processPendingSubtests (node:internal/test_runner/test:960:7) {
    generatedMessage: false,
    code: 'ERR_ASSERTION',
    actual: 1,
    expected: 2,
    operator: 'strictEqual',
    diff: 'simple'
  }
