✖ CONTAINER-PROFILE: with nothing derived, the profile is refused and reports why (0.752625ms)
✔ CONTAINER-PROFILE: the local-process profile is untouched by the container profile existing (0.237875ms)
✔ CONTAINER-PROFILE: a drifted substrate is refused before anything executes (13.868208ms)
✔ CONTAINER-PROFILE: mocked probes qualify nothing, launcher or no launcher (2.723ms)
✔ CONTAINER-PROFILE: a qualified substrate with no launcher is still refused (1.86825ms)
✔ CONTAINER-PROFILE: an opaque or third-party subject is refused a fully working profile (2.471875ms)
✔ CONTAINER-PROFILE: probe evidence frozen against another lock licenses nothing (1.239292ms)
✔ CONTAINER-PROFILE: the control report is derived per control, from the probe bytes (1.06125ms)
✔ CONTAINER-PROFILE: an activation is re-derived from its evidence on every use (1.8355ms)
✔ CONTAINER-PROFILE: a container manifest that names no substrate lock is refused (8.633834ms)
✔ CONTAINER-PROFILE: a host cannot be built on the container profile without an activation (5.407666ms)
✔ CONTAINER-PROFILE: the module closure is the declared graph, resolved and bounded (2.233208ms)
✔ CONTAINER-PROFILE: the launcher and the probes apply the same hardened flags (0.1405ms)
ℹ tests 13
ℹ suites 0
ℹ pass 12
ℹ fail 1
ℹ cancelled 0
ℹ skipped 0
ℹ todo 0
ℹ duration_ms 207.751167

✖ failing tests:

test at tests/dist/adversarial/containerSandboxProfile.test.js:100:1
✖ CONTAINER-PROFILE: with nothing derived, the profile is refused and reports why (0.752625ms)
  AssertionError [ERR_ASSERTION]: an underived container profile: expected a refusal and none was raised
      at throwsCode (file:///private/var/folders/gy/fgcsxyg95yxdym1qs1tvkzj80000gp/T/erl2-negative-control-kjbPvx/tree/tests/dist/adversarial/containerSandboxProfile.test.js:97:12)
      at TestContext.<anonymous> (file:///private/var/folders/gy/fgcsxyg95yxdym1qs1tvkzj80000gp/T/erl2-negative-control-kjbPvx/tree/tests/dist/adversarial/containerSandboxProfile.test.js:101:5)
      at Test.runInAsyncScope (node:async_hooks:226:14)
      at Test.run (node:internal/test_runner/test:1382:25)
      at Test.start (node:internal/test_runner/test:1242:17)
      at startSubtestAfterBootstrap (node:internal/test_runner/harness:387:17) {
    generatedMessage: false,
    code: 'ERR_ASSERTION',
    actual: undefined,
    expected: undefined,
    operator: 'fail',
    diff: 'simple'
  }
