✔ CONTAINER-PROFILE: with nothing derived, the profile is refused and reports why (0.67675ms)
✔ CONTAINER-PROFILE: the local-process profile is untouched by the container profile existing (0.158625ms)
✔ CONTAINER-PROFILE: a drifted substrate is refused before anything executes (14.003375ms)
✔ CONTAINER-PROFILE: mocked probes qualify nothing, launcher or no launcher (2.228166ms)
✔ CONTAINER-PROFILE: a qualified substrate with no launcher is still refused (1.623083ms)
✔ CONTAINER-PROFILE: an opaque or third-party subject is refused a fully working profile (2.701625ms)
✔ CONTAINER-PROFILE: probe evidence frozen against another lock licenses nothing (1.195167ms)
✔ CONTAINER-PROFILE: the control report is derived per control, from the probe bytes (0.976708ms)
✖ CONTAINER-PROFILE: an activation is re-derived from its evidence on every use (1.301708ms)
✔ CONTAINER-PROFILE: a container manifest that names no substrate lock is refused (9.134917ms)
✔ CONTAINER-PROFILE: a host cannot be built on the container profile without an activation (4.78875ms)
✔ CONTAINER-PROFILE: the module closure is the declared graph, resolved and bounded (2.089792ms)
✔ CONTAINER-PROFILE: the launcher and the probes apply the same hardened flags (0.137417ms)
ℹ tests 13
ℹ suites 0
ℹ pass 12
ℹ fail 1
ℹ cancelled 0
ℹ skipped 0
ℹ todo 0
ℹ duration_ms 223.30375

✖ failing tests:

test at tests/dist/adversarial/containerSandboxProfile.test.js:250:1
✖ CONTAINER-PROFILE: an activation is re-derived from its evidence on every use (1.301708ms)
  AssertionError [ERR_ASSERTION]: a label with no evidence behind it: expected a refusal and none was raised
      at throwsCode (file:///private/var/folders/gy/fgcsxyg95yxdym1qs1tvkzj80000gp/T/erl2-negative-control-kjbPvx/tree/tests/dist/adversarial/containerSandboxProfile.test.js:97:12)
      at TestContext.<anonymous> (file:///private/var/folders/gy/fgcsxyg95yxdym1qs1tvkzj80000gp/T/erl2-negative-control-kjbPvx/tree/tests/dist/adversarial/containerSandboxProfile.test.js:290:9)
      at Test.runInAsyncScope (node:async_hooks:226:14)
      at Test.run (node:internal/test_runner/test:1382:25)
      at Test.processPendingSubtests (node:internal/test_runner/test:960:18)
      at Test.postRun (node:internal/test_runner/test:1522:19)
      at Test.run (node:internal/test_runner/test:1447:12)
      at async Test.processPendingSubtests (node:internal/test_runner/test:960:7) {
    generatedMessage: false,
    code: 'ERR_ASSERTION',
    actual: undefined,
    expected: undefined,
    operator: 'fail',
    diff: 'simple'
  }
