✔ CONTAINER-PROFILE: with nothing derived, the profile is refused and reports why (0.710583ms)
✔ CONTAINER-PROFILE: the local-process profile is untouched by the container profile existing (0.168667ms)
✔ CONTAINER-PROFILE: a drifted substrate is refused before anything executes (14.849333ms)
✔ CONTAINER-PROFILE: mocked probes qualify nothing, launcher or no launcher (2.406917ms)
✔ CONTAINER-PROFILE: a qualified substrate with no launcher is still refused (1.791041ms)
✔ CONTAINER-PROFILE: an opaque or third-party subject is refused a fully working profile (2.984917ms)
✔ CONTAINER-PROFILE: probe evidence frozen against another lock licenses nothing (1.347083ms)
✔ CONTAINER-PROFILE: the control report is derived per control, from the probe bytes (1.221458ms)
✔ CONTAINER-PROFILE: an activation is re-derived from its evidence on every use (2.069292ms)
✖ CONTAINER-PROFILE: a container manifest that names no substrate lock is refused (10.71525ms)
✔ CONTAINER-PROFILE: a host cannot be built on the container profile without an activation (5.812084ms)
✔ CONTAINER-PROFILE: the module closure is the declared graph, resolved and bounded (2.080375ms)
✔ CONTAINER-PROFILE: the launcher and the probes apply the same hardened flags (0.147959ms)
ℹ tests 13
ℹ suites 0
ℹ pass 12
ℹ fail 1
ℹ cancelled 0
ℹ skipped 0
ℹ todo 0
ℹ duration_ms 242.646041

✖ failing tests:

test at tests/dist/adversarial/containerSandboxProfile.test.js:294:1
✖ CONTAINER-PROFILE: a container manifest that names no substrate lock is refused (10.71525ms)
  AssertionError [ERR_ASSERTION]: a container manifest bound to a foreign lock: expected a refusal and none was raised
      at throwsCode (file:///private/var/folders/gy/fgcsxyg95yxdym1qs1tvkzj80000gp/T/erl2-negative-control-kjbPvx/tree/tests/dist/adversarial/containerSandboxProfile.test.js:97:12)
      at TestContext.<anonymous> (file:///private/var/folders/gy/fgcsxyg95yxdym1qs1tvkzj80000gp/T/erl2-negative-control-kjbPvx/tree/tests/dist/adversarial/containerSandboxProfile.test.js:346:5)
      at Test.runInAsyncScope (node:async_hooks:226:14)
      at Test.run (node:internal/test_runner/test:1382:25)
      at Test.processPendingSubtests (node:internal/test_runner/test:960:18)
      at Test.postRun (node:internal/test_runner/test:1522:19)
      at Test.run (node:internal/test_runner/test:1447:12)
      at async Test.processPendingSubtests (node:internal/test_runner/test:960:7) {
    generatedMessage: false,
    code: 'ERR_ASSERTION',
    actual: undefined,
    expected: undefined,
    operator: 'fail',
    diff: 'simple'
  }
