✔ COMPOSE-EGRESS-ADV: a record naming an arbitrary public host is refused (4.348292ms)
✔ COMPOSE-EGRESS-ADV: a record naming a non-canonical loopback spelling is refused (2.370833ms)
✔ COMPOSE-EGRESS-ADV: a record naming a different run is refused (0.509083ms)
✔ COMPOSE-EGRESS-ADV: a record naming a different substrate is refused (0.434333ms)
✔ COMPOSE-EGRESS-ADV: a record naming a different service is refused (0.360333ms)
✔ COMPOSE-EGRESS-ADV: a record naming a different container is refused (0.803333ms)
✔ COMPOSE-EGRESS-ADV: a malformed or out-of-range port is refused (2.191333ms)
✔ COMPOSE-EGRESS-ADV: a record missing a required field is refused (1.887125ms)
✔ COMPOSE-EGRESS-ADV: a well-formed record over a verified live container grants the endpoint (0.715666ms)
✔ COMPOSE-EGRESS-ADV: a record whose container no longer exists grants nothing (0.446ms)
✔ COMPOSE-EGRESS-ADV: a stale record surviving teardown grants nothing (0.452958ms)
✔ COMPOSE-EGRESS-ADV: a live container missing or misvaluing an ownership label grants nothing (1.701708ms)
✔ COMPOSE-EGRESS-ADV: a container that is not running grants nothing (1.253292ms)
✔ COMPOSE-EGRESS-ADV: a container now publishing a different port grants nothing (0.295291ms)
✔ COMPOSE-EGRESS-ADV: a container publishing nothing grants nothing (0.344583ms)
✔ COMPOSE-EGRESS-ADV: the recorded port published from the WRONG container port grants nothing (1.803959ms)
✔ COMPOSE-EGRESS-ADV: a binding on any interface but 127.0.0.1 grants nothing (1.696917ms)
✔ COMPOSE-EGRESS-ADV: an unrelated published binding does not stand in for the endpoint's (0.771292ms)
✔ COMPOSE-EGRESS-ADV: the canonical binding — 8090/tcp on 127.0.0.1 at the recorded port — grants it (0.508709ms)
✖ COMPOSE-EGRESS-ADV: the exact expected container running a substituted image grants nothing (1.099459ms)
✖ COMPOSE-EGRESS-ADV: an unresolvable pinned image grants nothing (0.437458ms)
✖ COMPOSE-EGRESS-ADV: image id and repository digest disagreeing grants nothing (0.39475ms)
✔ COMPOSE-EGRESS-ADV: the exact locked image and endpoint mapping succeeds (0.324417ms)
✔ COMPOSE-EGRESS-ADV: a foreign container that took over the port grants nothing (0.269833ms)
✔ COMPOSE-EGRESS-ADV: no record at all grants nothing, and is not an error (0.105916ms)
✔ COMPOSE-EGRESS-ADV: an unreadable record is a refusal, not an absence (0.477916ms)
✔ COMPOSE-EGRESS-ADV: loopbackEgressPolicy refuses any host but 127.0.0.1 (0.166333ms)
✔ COMPOSE-EGRESS-ADV: loopbackEgressPolicy refuses a port that is not a host port (0.122ms)
✔ COMPOSE-EGRESS-ADV: the granted policy is still one scheme, one host, one port (2.783333ms)
ℹ tests 29
ℹ suites 0
ℹ pass 26
ℹ fail 3
ℹ cancelled 0
ℹ skipped 0
ℹ todo 0
ℹ duration_ms 265.379417

✖ failing tests:

test at tests/dist/adversarial/composeEndpointEgress.test.js:333:1
✖ COMPOSE-EGRESS-ADV: the exact expected container running a substituted image grants nothing (1.099459ms)
  AssertionError [ERR_ASSERTION]: an exact-name container running an unpinned image was authorized
  + actual - expected
  
  + {
  +   container: 'erl2-019f9a4a-7a00-7262-a262-626262626262-quote',
  +   host: '127.0.0.1',
  +   port: 18090
  + }
  - undefined
  
      at TestContext.<anonymous> (file:///private/var/folders/gy/fgcsxyg95yxdym1qs1tvkzj80000gp/T/erl2-negative-control-kjbPvx/tree/tests/dist/adversarial/composeEndpointEgress.test.js:337:12)
      at Test.runInAsyncScope (node:async_hooks:226:14)
      at Test.run (node:internal/test_runner/test:1382:25)
      at Test.processPendingSubtests (node:internal/test_runner/test:960:18)
      at Test.postRun (node:internal/test_runner/test:1522:19)
      at Test.run (node:internal/test_runner/test:1447:12)
      at async Test.processPendingSubtests (node:internal/test_runner/test:960:7) {
    generatedMessage: false,
    code: 'ERR_ASSERTION',
    actual: { host: '127.0.0.1', port: 18090, container: 'erl2-019f9a4a-7a00-7262-a262-626262626262-quote' },
    expected: undefined,
    operator: 'strictEqual',
    diff: 'simple'
  }

test at tests/dist/adversarial/composeEndpointEgress.test.js:339:1
✖ COMPOSE-EGRESS-ADV: an unresolvable pinned image grants nothing (0.437458ms)
  AssertionError [ERR_ASSERTION]: Expected values to be strictly equal:
  + actual - expected
  
  + {
  +   container: 'erl2-019f9a4a-7a00-7262-a262-626262626262-quote',
  +   host: '127.0.0.1',
  +   port: 18090
  + }
  - undefined
  
      at TestContext.<anonymous> (file:///private/var/folders/gy/fgcsxyg95yxdym1qs1tvkzj80000gp/T/erl2-negative-control-kjbPvx/tree/tests/dist/adversarial/composeEndpointEgress.test.js:342:12)
      at Test.runInAsyncScope (node:async_hooks:226:14)
      at Test.run (node:internal/test_runner/test:1382:25)
      at Test.processPendingSubtests (node:internal/test_runner/test:960:18)
      at Test.postRun (node:internal/test_runner/test:1522:19)
      at Test.run (node:internal/test_runner/test:1447:12)
      at async Test.processPendingSubtests (node:internal/test_runner/test:960:7) {
    generatedMessage: true,
    code: 'ERR_ASSERTION',
    actual: { host: '127.0.0.1', port: 18090, container: 'erl2-019f9a4a-7a00-7262-a262-626262626262-quote' },
    expected: undefined,
    operator: 'strictEqual',
    diff: 'simple'
  }

test at tests/dist/adversarial/composeEndpointEgress.test.js:344:1
✖ COMPOSE-EGRESS-ADV: image id and repository digest disagreeing grants nothing (0.39475ms)
  AssertionError [ERR_ASSERTION]: Expected values to be strictly equal:
  + actual - expected
  
  + {
  +   container: 'erl2-019f9a4a-7a00-7262-a262-626262626262-quote',
  +   host: '127.0.0.1',
  +   port: 18090
  + }
  - undefined
  
      at TestContext.<anonymous> (file:///private/var/folders/gy/fgcsxyg95yxdym1qs1tvkzj80000gp/T/erl2-negative-control-kjbPvx/tree/tests/dist/adversarial/composeEndpointEgress.test.js:351:12)
      at Test.runInAsyncScope (node:async_hooks:226:14)
      at Test.run (node:internal/test_runner/test:1382:25)
      at Test.processPendingSubtests (node:internal/test_runner/test:960:18)
      at Test.postRun (node:internal/test_runner/test:1522:19)
      at Test.run (node:internal/test_runner/test:1447:12)
      at async Test.processPendingSubtests (node:internal/test_runner/test:960:7) {
    generatedMessage: true,
    code: 'ERR_ASSERTION',
    actual: { host: '127.0.0.1', port: 18090, container: 'erl2-019f9a4a-7a00-7262-a262-626262626262-quote' },
    expected: undefined,
    operator: 'strictEqual',
    diff: 'simple'
  }
