✔ EMERGENCY-ADV: a restoration failure reaches an emergency terminal that verifies (16957.461292ms)
✔ EMERGENCY-ADV: every independently safe action is attempted, each with its own receipt (13890.026916ms)
✔ EMERGENCY-ADV: an unsafe skip carries a reason and no receipt (14419.52175ms)
✔ EMERGENCY-ADV: the unmutated cleanup derives cleanly (14210.165875ms)
✔ EMERGENCY-ADV: an omitted safe action is refused by the verifier's own derivation (14323.867583ms)
✔ EMERGENCY-ADV: a safe action relabelled as an unsafe skip is refused (13932.630458ms)
✔ EMERGENCY-ADV: an attempted action with no receipt is refused (14219.847375ms)
✔ EMERGENCY-ADV: a skip carrying a receipt is refused (14025.476333ms)
✔ EMERGENCY-ADV: a cleanup citing a frontier the run never froze is refused (14296.068334ms)
✖ EMERGENCY-ADV: a frontier whose actions its own resources do not imply is refused (14069.028833ms)
✔ EMERGENCY-ADV: post-cleanup residue must account for every unresolved action (13968.744458ms)
✔ EMERGENCY-ADV: an unsafe resource does not prevent safe cleanup of the run's own (14471.352625ms)
✔ EMERGENCY-ADV: a mixed frontier still accounts for its residue (14414.691958ms)
✔ EMERGENCY-ADV: a genuinely foreign resource does not abort the branch either (14174.927792ms)
ℹ tests 14
ℹ suites 0
ℹ pass 13
ℹ fail 1
ℹ cancelled 0
ℹ skipped 0
ℹ todo 0
ℹ duration_ms 202043.338542

✖ failing tests:

test at tests/dist/adversarial/emergencyCleanupAdversarial.test.js:228:1
✖ EMERGENCY-ADV: a frontier whose actions its own resources do not imply is refused (14069.028833ms)
  AssertionError [ERR_ASSERTION]: Expected values to be strictly equal:
  + actual - expected
  
  + 'EMERGENCY_CLEANUP_INCOMPLETE'
  - 'EMERGENCY_ACTION_SAFE_ACTION_SKIPPED'
               ^
  
      at TestContext.<anonymous> (file:///private/var/folders/gy/fgcsxyg95yxdym1qs1tvkzj80000gp/T/erl2-negative-control-kjbPvx/tree/tests/dist/adversarial/emergencyCleanupAdversarial.test.js:259:12)
      at Test.runInAsyncScope (node:async_hooks:226:14)
      at Test.run (node:internal/test_runner/test:1382:25)
      at Test.processPendingSubtests (node:internal/test_runner/test:960:18)
      at Test.postRun (node:internal/test_runner/test:1522:19)
      at Test.run (node:internal/test_runner/test:1447:12)
      at async Test.processPendingSubtests (node:internal/test_runner/test:960:7) {
    generatedMessage: true,
    code: 'ERR_ASSERTION',
    actual: 'EMERGENCY_CLEANUP_INCOMPLETE',
    expected: 'EMERGENCY_ACTION_SAFE_ACTION_SKIPPED',
    operator: 'strictEqual',
    diff: 'simple'
  }
