✔ BOUNDED-CLEANUP: a frontier-unsafe resource survives, and is reported as skipped (7154.150917ms)
✔ BOUNDED-CLEANUP: no whole-environment destroy is dispatched on the bounded route (7196.673459ms)
✔ BOUNDED-CLEANUP: every safe action has exactly one receipt, and every skip none (4130.1375ms)
✔ BOUNDED-CLEANUP: a foreign resource does not prevent the run reaching a terminal (4538.027333ms)
✔ BOUNDED-CLEANUP: the owned resources are cleaned up around the foreign one (4528.79775ms)
✔ BOUNDED-CLEANUP: a baseline failure's finding names the baseline gate (4310.047792ms)
✔ BOUNDED-CLEANUP: the cleanup consequence never replaces the original cause (4539.370542ms)
✔ BOUNDED-CLEANUP: the unmutated bounded terminal derives cleanly (4373.261584ms)
✔ BOUNDED-CLEANUP: a fabricated empty residue is refused as undeclared destruction (4197.185709ms)
✔ BOUNDED-CLEANUP: a probe that authorizes what the frontier did not is refused (4982.120583ms)
✔ BOUNDED-CLEANUP: a probe whose `before` is a post-destruction inventory is refused (4084.832875ms)
✔ BOUNDED-CLEANUP: a probe belonging to another run or another substrate is refused (4156.335583ms)
✔ BOUNDED-CLEANUP: an action claiming success over a resource that is still there is refused (4175.474875ms)
✔ BOUNDED-CLEANUP: a residue the observation does not see is refused (4141.559833ms)
✖ BOUNDED-CLEANUP: a finding naming another phase's gate is refused (4275.560083ms)
✔ BOUNDED-CLEANUP: a subject-attributed finding on a Lab environment failure is refused (4162.09825ms)
✔ BOUNDED-CLEANUP: the verifier's entry point requires the residue probe (4389.18225ms)
✔ BOUNDED-CLEANUP: a cleanup status that disagrees with the residue is refused (4233.825083ms)
✔ BOUNDED-CLEANUP: the verifier's entry point requires the pre-action frontier (4306.4635ms)
✔ BOUNDED-CLEANUP: no attestation and no public bundle descend from a bounded terminal (4543.876667ms)
✔ FRONTIER-DERIVE: an empty frontier derives no action and authorizes nothing (5.125916ms)
✔ FRONTIER-DERIVE: one owned destroyable resource derives one safe action (1.579083ms)
✔ FRONTIER-DERIVE: many owned resources all derive safe actions, one each (0.3095ms)
✔ FRONTIER-DERIVE: the attempt order is deterministic and dependency-shaped (0.723375ms)
✔ FRONTIER-DERIVE: a shared resource is contained, with a reason and no action (0.127042ms)
✔ FRONTIER-DERIVE: a foreign resource is contained as not provably ours (0.189ms)
✔ FRONTIER-DERIVE: a foreign resource makes no owned resource unsafe (0.266583ms)
✔ FRONTIER-DERIVE: a resource whose identity does not derive from its name is not ours (0.116583ms)
✔ FRONTIER-DERIVE: a resource the driver will not destroy is contained, not attempted (0.106584ms)
✔ FRONTIER-DERIVE: an edited action set no longer derives from its own resources (0.433333ms)
✔ RESIDUE-PROBE: everything authorized and gone is clean (0.122666ms)
✔ RESIDUE-PROBE: an unauthorized survivor is residue, not a failure of authorization (0.064375ms)
✔ RESIDUE-PROBE: a resource that vanished without authorization is the integrity failure (0.051708ms)
✔ RESIDUE-PROBE: an unauthorized destruction outranks leftover residue (0.077708ms)
✔ RESIDUE-PROBE: an unobservable substrate is a refusal, never a clean sheet (0.044708ms)
✔ RESIDUE-PROBE: an empty frontier that probes back empty is clean and still says so (2.72075ms)
✔ RESIDUE-PROBE: the frozen bytes do not depend on the driver's iteration order (0.372417ms)
✖ PHASE-GATE: every environment failure phase maps to exactly one distinct gate (0.58375ms)
✖ PHASE-GATE: a teardown failure does not name the restoration gate (0.09ms)
✖ PHASE-GATE: a provisioning failure does not name a baseline gate it never evaluated (0.078916ms)
✖ PHASE-GATE: an unmapped phase is refused rather than defaulted (0.078459ms)
ℹ tests 41
ℹ suites 0
ℹ pass 36
ℹ fail 5
ℹ cancelled 0
ℹ skipped 0
ℹ todo 0
ℹ duration_ms 93152.500958

✖ failing tests:

test at tests/dist/adversarial/invalidCleanupDiscipline.test.js:341:1
✖ BOUNDED-CLEANUP: a finding naming another phase's gate is refused (4275.560083ms)
  AssertionError [ERR_ASSERTION]: Expected values to be strictly equal:
  + actual - expected
  
  + undefined
  - 'INVALID_REASON_PHASE_MISMATCH'
  
      at TestContext.<anonymous> (file:///private/var/folders/gy/fgcsxyg95yxdym1qs1tvkzj80000gp/T/erl2-negative-control-kjbPvx/tree/tests/dist/adversarial/invalidCleanupDiscipline.test.js:352:12)
      at Test.runInAsyncScope (node:async_hooks:226:14)
      at Test.run (node:internal/test_runner/test:1382:25)
      at Test.processPendingSubtests (node:internal/test_runner/test:960:18)
      at Test.postRun (node:internal/test_runner/test:1522:19)
      at Test.run (node:internal/test_runner/test:1447:12)
      at async Test.processPendingSubtests (node:internal/test_runner/test:960:7) {
    generatedMessage: true,
    code: 'ERR_ASSERTION',
    actual: undefined,
    expected: 'INVALID_REASON_PHASE_MISMATCH',
    operator: 'strictEqual',
    diff: 'simple'
  }

test at tests/dist/integration/cleanupDerivation.test.js:246:1
✖ PHASE-GATE: every environment failure phase maps to exactly one distinct gate (0.58375ms)
  AssertionError [ERR_ASSERTION]: Expected values to be strictly equal:
  + actual - expected
  
  + 'environment-baseline-clean'
  - 'mandatory-graph-closed'
  
      at TestContext.<anonymous> (file:///private/var/folders/gy/fgcsxyg95yxdym1qs1tvkzj80000gp/T/erl2-negative-control-kjbPvx/tree/tests/dist/integration/cleanupDerivation.test.js:250:16)
      at Test.runInAsyncScope (node:async_hooks:226:14)
      at Test.run (node:internal/test_runner/test:1382:25)
      at Test.processPendingSubtests (node:internal/test_runner/test:960:18)
      at Test.postRun (node:internal/test_runner/test:1522:19)
      at Test.run (node:internal/test_runner/test:1447:12)
      at async Test.processPendingSubtests (node:internal/test_runner/test:960:7) {
    generatedMessage: true,
    code: 'ERR_ASSERTION',
    actual: 'environment-baseline-clean',
    expected: 'mandatory-graph-closed',
    operator: 'strictEqual',
    diff: 'simple'
  }

test at tests/dist/integration/cleanupDerivation.test.js:254:1
✖ PHASE-GATE: a teardown failure does not name the restoration gate (0.09ms)
  AssertionError [ERR_ASSERTION]: Expected values to be strictly equal:
  + actual - expected
  
  + 'environment-baseline-clean'
  - 'teardown-verified'
  
      at TestContext.<anonymous> (file:///private/var/folders/gy/fgcsxyg95yxdym1qs1tvkzj80000gp/T/erl2-negative-control-kjbPvx/tree/tests/dist/integration/cleanupDerivation.test.js:258:12)
      at Test.runInAsyncScope (node:async_hooks:226:14)
      at Test.run (node:internal/test_runner/test:1382:25)
      at Test.processPendingSubtests (node:internal/test_runner/test:960:18)
      at Test.postRun (node:internal/test_runner/test:1522:19)
      at Test.run (node:internal/test_runner/test:1447:12)
      at async Test.processPendingSubtests (node:internal/test_runner/test:960:7) {
    generatedMessage: true,
    code: 'ERR_ASSERTION',
    actual: 'environment-baseline-clean',
    expected: 'teardown-verified',
    operator: 'strictEqual',
    diff: 'simple'
  }

test at tests/dist/integration/cleanupDerivation.test.js:261:1
✖ PHASE-GATE: a provisioning failure does not name a baseline gate it never evaluated (0.078916ms)
  AssertionError [ERR_ASSERTION]: Expected "actual" to be strictly unequal to:
  
  'environment-baseline-clean'
      at TestContext.<anonymous> (file:///private/var/folders/gy/fgcsxyg95yxdym1qs1tvkzj80000gp/T/erl2-negative-control-kjbPvx/tree/tests/dist/integration/cleanupDerivation.test.js:265:12)
      at Test.runInAsyncScope (node:async_hooks:226:14)
      at Test.run (node:internal/test_runner/test:1382:25)
      at Test.processPendingSubtests (node:internal/test_runner/test:960:18)
      at Test.postRun (node:internal/test_runner/test:1522:19)
      at Test.run (node:internal/test_runner/test:1447:12)
      at async Test.processPendingSubtests (node:internal/test_runner/test:960:7) {
    generatedMessage: true,
    code: 'ERR_ASSERTION',
    actual: 'environment-baseline-clean',
    expected: 'environment-baseline-clean',
    operator: 'notStrictEqual',
    diff: 'simple'
  }

test at tests/dist/integration/cleanupDerivation.test.js:268:1
✖ PHASE-GATE: an unmapped phase is refused rather than defaulted (0.078459ms)
  AssertionError [ERR_ASSERTION]: Missing expected exception.
      at TestContext.<anonymous> (file:///private/var/folders/gy/fgcsxyg95yxdym1qs1tvkzj80000gp/T/erl2-negative-control-kjbPvx/tree/tests/dist/integration/cleanupDerivation.test.js:273:16)
      at Test.runInAsyncScope (node:async_hooks:226:14)
      at Test.run (node:internal/test_runner/test:1382:25)
      at Test.processPendingSubtests (node:internal/test_runner/test:960:18)
      at Test.postRun (node:internal/test_runner/test:1522:19)
      at Test.run (node:internal/test_runner/test:1447:12)
      at async Test.processPendingSubtests (node:internal/test_runner/test:960:7) {
    generatedMessage: false,
    code: 'ERR_ASSERTION',
    actual: undefined,
    operator: 'throws',
    diff: 'simple'
  }
