✔ EB-MOUNT: a canary in the mounted file's bytes refuses before the adapter is dispatched (61221.087958ms)
✔ EB-MOUNT: the run cannot step past a refused mount by retrying it (52385.635125ms)
✔ EB-MOUNT: a clean run publishes its mounts and the canonical entries are real files (74448.005375ms)
✖ EB-TELEMETRY: a canary in the telemetry bytes refuses before the telemetry is retained (51659.397ms)
✖ EB-TELEMETRY: a refused capture cannot be stepped past by retrying observe (58461.996125ms)
✖ EB-TELEMETRY: the run still reaches exactly one invalid terminal that verifies offline (91750.648625ms)
✔ EB-OUTPUT: a secret canary in the subject's output bytes refuses before the freeze (110307.163458ms)
✔ EB-OUTPUT: a forbidden identifier in the subject's output bytes refuses before the freeze (66510.783708ms)
✔ EB-OUTPUT: a judge canary still refuses under its own rule, not the new one (109626.707208ms)
✔ EB-OUTPUT: clean binary output freezes and the run finalizes (132292.568042ms)
✔ EB-SIZE: one byte over the declared ceiling refuses before the manifest freezes (76841.345791ms)
✔ EB-SIZE: exactly at the declared ceiling is admitted (162081.146833ms)
ℹ tests 12
ℹ suites 0
ℹ pass 9
ℹ fail 3
ℹ cancelled 0
ℹ skipped 0
ℹ todo 0
ℹ duration_ms 1052994.650333

✖ failing tests:

test at tests/dist/e2e/environmentEvidenceBoundaries.test.js:149:1
✖ EB-TELEMETRY: a canary in the telemetry bytes refuses before the telemetry is retained (51659.397ms)
  AssertionError [ERR_ASSERTION]: a canary in Lab telemetry must refuse
      at TestContext.<anonymous> (file:///private/var/folders/gy/fgcsxyg95yxdym1qs1tvkzj80000gp/T/erl2-negative-control-kjbPvx/tree/tests/dist/e2e/environmentEvidenceBoundaries.test.js:158:12)
      at Test.runInAsyncScope (node:async_hooks:226:14)
      at Test.run (node:internal/test_runner/test:1382:25)
      at Test.processPendingSubtests (node:internal/test_runner/test:960:18)
      at Test.postRun (node:internal/test_runner/test:1522:19)
      at Test.run (node:internal/test_runner/test:1447:12)
      at async Test.processPendingSubtests (node:internal/test_runner/test:960:7) {
    generatedMessage: false,
    code: 'ERR_ASSERTION',
    actual: 0,
    expected: 0,
    operator: 'notStrictEqual',
    diff: 'simple'
  }

test at tests/dist/e2e/environmentEvidenceBoundaries.test.js:174:1
✖ EB-TELEMETRY: a refused capture cannot be stepped past by retrying observe (58461.996125ms)
  AssertionError [ERR_ASSERTION]: Expected values to be strictly equal:
  + actual - expected
  
  + '-'
  - 'JOURNEY_ORACLE_CANARY_LEAKED'
  
      at TestContext.<anonymous> (file:///private/var/folders/gy/fgcsxyg95yxdym1qs1tvkzj80000gp/T/erl2-negative-control-kjbPvx/tree/tests/dist/e2e/environmentEvidenceBoundaries.test.js:177:12)
      at Test.runInAsyncScope (node:async_hooks:226:14)
      at Test.run (node:internal/test_runner/test:1382:25)
      at Test.processPendingSubtests (node:internal/test_runner/test:960:18)
      at Test.postRun (node:internal/test_runner/test:1522:19)
      at Test.run (node:internal/test_runner/test:1447:12)
      at async Test.processPendingSubtests (node:internal/test_runner/test:960:7) {
    generatedMessage: true,
    code: 'ERR_ASSERTION',
    actual: '-',
    expected: 'JOURNEY_ORACLE_CANARY_LEAKED',
    operator: 'strictEqual',
    diff: 'simple'
  }

test at tests/dist/e2e/environmentEvidenceBoundaries.test.js:181:1
✖ EB-TELEMETRY: the run still reaches exactly one invalid terminal that verifies offline (91750.648625ms)
  AssertionError [ERR_ASSERTION]: Expected values to be strictly equal:
  + actual - expected
  
  + '-'
  - 'JOURNEY_ORACLE_CANARY_LEAKED'
  
      at TestContext.<anonymous> (file:///private/var/folders/gy/fgcsxyg95yxdym1qs1tvkzj80000gp/T/erl2-negative-control-kjbPvx/tree/tests/dist/e2e/environmentEvidenceBoundaries.test.js:187:12)
      at Test.runInAsyncScope (node:async_hooks:226:14)
      at Test.run (node:internal/test_runner/test:1382:25)
      at Test.processPendingSubtests (node:internal/test_runner/test:960:18)
      at Test.postRun (node:internal/test_runner/test:1522:19)
      at Test.run (node:internal/test_runner/test:1447:12)
      at async Test.processPendingSubtests (node:internal/test_runner/test:960:7) {
    generatedMessage: true,
    code: 'ERR_ASSERTION',
    actual: '-',
    expected: 'JOURNEY_ORACLE_CANARY_LEAKED',
    operator: 'strictEqual',
    diff: 'simple'
  }
