✖ EB-MOUNT: a canary in the mounted file's bytes refuses before the adapter is dispatched (10453.1975ms)
✖ EB-MOUNT: the run cannot step past a refused mount by retrying it (6589.933375ms)
✔ EB-MOUNT: a clean run publishes its mounts and the canonical entries are real files (58976.984792ms)
✔ EB-TELEMETRY: a canary in the telemetry bytes refuses before the telemetry is retained (59357.176208ms)
✔ EB-TELEMETRY: a refused capture cannot be stepped past by retrying observe (21068.29625ms)
✔ EB-TELEMETRY: the run still reaches exactly one invalid terminal that verifies offline (21731.437416ms)
✔ EB-OUTPUT: a secret canary in the subject's output bytes refuses before the freeze (27525.545958ms)
✔ EB-OUTPUT: a forbidden identifier in the subject's output bytes refuses before the freeze (18015.875333ms)
✔ EB-OUTPUT: a judge canary still refuses under its own rule, not the new one (31034.797792ms)
✔ EB-OUTPUT: clean binary output freezes and the run finalizes (37860.663459ms)
✔ EB-SIZE: one byte over the declared ceiling refuses before the manifest freezes (38638.435708ms)
✔ EB-SIZE: exactly at the declared ceiling is admitted (65123.122375ms)
ℹ tests 12
ℹ suites 0
ℹ pass 10
ℹ fail 2
ℹ cancelled 0
ℹ skipped 0
ℹ todo 0
ℹ duration_ms 400214.426208

✖ failing tests:

test at tests/dist/e2e/environmentEvidenceBoundaries.test.js:113:1
✖ EB-MOUNT: a canary in the mounted file's bytes refuses before the adapter is dispatched (10453.1975ms)
  AssertionError [ERR_ASSERTION]: a canary in mounted bytes must refuse
      at TestContext.<anonymous> (file:///private/var/folders/gy/fgcsxyg95yxdym1qs1tvkzj80000gp/T/erl2-negative-control-kjbPvx/tree/tests/dist/e2e/environmentEvidenceBoundaries.test.js:123:12)
      at Test.runInAsyncScope (node:async_hooks:226:14)
      at Test.run (node:internal/test_runner/test:1382:25)
      at Test.start (node:internal/test_runner/test:1242:17)
      at startSubtestAfterBootstrap (node:internal/test_runner/harness:387:17) {
    generatedMessage: false,
    code: 'ERR_ASSERTION',
    actual: 0,
    expected: 0,
    operator: 'notStrictEqual',
    diff: 'simple'
  }

test at tests/dist/e2e/environmentEvidenceBoundaries.test.js:130:1
✖ EB-MOUNT: the run cannot step past a refused mount by retrying it (6589.933375ms)
  AssertionError [ERR_ASSERTION]: Expected values to be strictly equal:
  + actual - expected
  
  + '-'
  - 'JOURNEY_ORACLE_CANARY_LEAKED'
  
      at TestContext.<anonymous> (file:///private/var/folders/gy/fgcsxyg95yxdym1qs1tvkzj80000gp/T/erl2-negative-control-kjbPvx/tree/tests/dist/e2e/environmentEvidenceBoundaries.test.js:135:12)
      at Test.runInAsyncScope (node:async_hooks:226:14)
      at Test.run (node:internal/test_runner/test:1382:25)
      at Test.processPendingSubtests (node:internal/test_runner/test:960:18)
      at Test.postRun (node:internal/test_runner/test:1522:19)
      at Test.run (node:internal/test_runner/test:1447:12)
      at async startSubtestAfterBootstrap (node:internal/test_runner/harness:387:3) {
    generatedMessage: true,
    code: 'ERR_ASSERTION',
    actual: '-',
    expected: 'JOURNEY_ORACLE_CANARY_LEAKED',
    operator: 'strictEqual',
    diff: 'simple'
  }
