✔ PAYLOAD-BASELINE: the unmutated run's payload root is completely accounted (6489.347709ms)
✖ PAYLOAD-MUT: a declared payload that is not retained is refused (200.244541ms)
✔ PAYLOAD-MUT: an undeclared extra file in the payload root is refused (193.359666ms)
✔ PAYLOAD-MUT: an extra file that is itself a well-formed artifact is still refused (200.5495ms)
✔ PAYLOAD-MUT: an orphan freeze marker in the payload root is refused (209.198458ms)
✔ PAYLOAD-MUT: a declared payload replaced by a symlink is refused (188.292042ms)
✔ PAYLOAD-MUT: a subdirectory of undeclared files in the payload root is refused (221.003417ms)
✔ PAYLOAD-ORDER: altered payload bytes are caught by the referenced-bytes layer (182.032917ms)
ℹ tests 8
ℹ suites 0
ℹ pass 7
ℹ fail 1
ℹ cancelled 0
ℹ skipped 0
ℹ todo 0
ℹ duration_ms 8053.192333

✖ failing tests:

test at tests/dist/adversarial/subjectOutputPayloads.test.js:51:1
✖ PAYLOAD-MUT: a declared payload that is not retained is refused (200.244541ms)
  AssertionError [ERR_ASSERTION]: a declared payload is not optional
      at TestContext.<anonymous> (file:///private/var/folders/gy/fgcsxyg95yxdym1qs1tvkzj80000gp/T/erl2-negative-control-kjbPvx/tree/tests/dist/adversarial/subjectOutputPayloads.test.js:60:12)
      at Test.runInAsyncScope (node:async_hooks:226:14)
      at Test.run (node:internal/test_runner/test:1382:25)
      at Test.processPendingSubtests (node:internal/test_runner/test:960:18)
      at Test.postRun (node:internal/test_runner/test:1522:19)
      at Test.run (node:internal/test_runner/test:1447:12)
      at async startSubtestAfterBootstrap (node:internal/test_runner/harness:387:3) {
    generatedMessage: false,
    code: 'ERR_ASSERTION',
    actual: 0,
    expected: 0,
    operator: 'notStrictEqual',
    diff: 'simple'
  }
