✔ RUNBIND-BASELINE: the unmutated pre-environment golden verifies offline (240.032416ms)
✖ RUNBIND: a self-consistent bundle naming a different run than its attestation is refused (242.714791ms)
✖ RUNBIND: the environment branch already refused the same shape, and still does (0.399542ms)
ℹ tests 3
ℹ suites 0
ℹ pass 1
ℹ fail 2
ℹ cancelled 0
ℹ skipped 0
ℹ todo 0
ℹ duration_ms 690.561166

✖ failing tests:

test at tests/dist/adversarial/preEnvironmentBundleRunBinding.test.js:99:1
✖ RUNBIND: a self-consistent bundle naming a different run than its attestation is refused (242.714791ms)
  AssertionError [ERR_ASSERTION]: the forged bundle must be refused; verdict valid
      at TestContext.<anonymous> (file:///private/var/folders/gy/fgcsxyg95yxdym1qs1tvkzj80000gp/T/erl2-negative-control-kjbPvx/tree/tests/dist/adversarial/preEnvironmentBundleRunBinding.test.js:124:12)
      at Test.runInAsyncScope (node:async_hooks:226:14)
      at Test.run (node:internal/test_runner/test:1382:25)
      at Test.processPendingSubtests (node:internal/test_runner/test:960:18)
      at Test.postRun (node:internal/test_runner/test:1522:19)
      at Test.run (node:internal/test_runner/test:1447:12)
      at async startSubtestAfterBootstrap (node:internal/test_runner/harness:387:3) {
    generatedMessage: false,
    code: 'ERR_ASSERTION',
    actual: 0,
    expected: 0,
    operator: 'notStrictEqual',
    diff: 'simple'
  }

test at tests/dist/adversarial/preEnvironmentBundleRunBinding.test.js:128:1
✖ RUNBIND: the environment branch already refused the same shape, and still does (0.399542ms)
  AssertionError [ERR_ASSERTION]: both bundle variants must carry the binding
  
  1 !== 2
  
      at TestContext.<anonymous> (file:///private/var/folders/gy/fgcsxyg95yxdym1qs1tvkzj80000gp/T/erl2-negative-control-kjbPvx/tree/tests/dist/adversarial/preEnvironmentBundleRunBinding.test.js:134:12)
      at Test.runInAsyncScope (node:async_hooks:226:14)
      at Test.run (node:internal/test_runner/test:1382:25)
      at Test.processPendingSubtests (node:internal/test_runner/test:960:18)
      at Test.postRun (node:internal/test_runner/test:1522:19)
      at Test.run (node:internal/test_runner/test:1447:12)
      at async Test.processPendingSubtests (node:internal/test_runner/test:960:7) {
    generatedMessage: false,
    code: 'ERR_ASSERTION',
    actual: 1,
    expected: 2,
    operator: 'strictEqual',
    diff: 'simple'
  }
