✔ EMERGENCY-ADV: a restoration failure reaches an emergency terminal that verifies (16911.657042ms)
✔ EMERGENCY-ADV: every independently safe action is attempted, each with its own receipt (14033.258709ms)
✔ EMERGENCY-ADV: an unsafe skip carries a reason and no receipt (14119.786375ms)
✔ EMERGENCY-ADV: the unmutated cleanup derives cleanly (14059.439208ms)
✖ EMERGENCY-ADV: an omitted safe action is refused by the verifier's own derivation (14319.350458ms)
✖ EMERGENCY-ADV: a safe action relabelled as an unsafe skip is refused (13989.712708ms)
✖ EMERGENCY-ADV: an attempted action with no receipt is refused (14237.063458ms)
✖ EMERGENCY-ADV: a skip carrying a receipt is refused (14244.511125ms)
✔ EMERGENCY-ADV: a cleanup citing a frontier the run never froze is refused (14016.21475ms)
✔ EMERGENCY-ADV: a frontier whose actions its own resources do not imply is refused (14105.75875ms)
✔ EMERGENCY-ADV: post-cleanup residue must account for every unresolved action (14019.06125ms)
✔ EMERGENCY-ADV: an unsafe resource does not prevent safe cleanup of the run's own (14293.218125ms)
✔ EMERGENCY-ADV: a mixed frontier still accounts for its residue (14202.620459ms)
✔ EMERGENCY-ADV: a genuinely foreign resource does not abort the branch either (14611.905166ms)
ℹ tests 14
ℹ suites 0
ℹ pass 10
ℹ fail 4
ℹ cancelled 0
ℹ skipped 0
ℹ todo 0
ℹ duration_ms 201940.784792

✖ failing tests:

test at tests/dist/adversarial/emergencyCleanupAdversarial.test.js:161:1
✖ EMERGENCY-ADV: an omitted safe action is refused by the verifier's own derivation (14319.350458ms)
  AssertionError [ERR_ASSERTION]: Expected values to be strictly equal:
  + actual - expected
  
  + undefined
  - 'EMERGENCY_ACTION_SAFE_ACTION_SKIPPED'
  
      at TestContext.<anonymous> (file:///private/var/folders/gy/fgcsxyg95yxdym1qs1tvkzj80000gp/T/erl2-negative-control-kjbPvx/tree/tests/dist/adversarial/emergencyCleanupAdversarial.test.js:170:12)
      at Test.runInAsyncScope (node:async_hooks:226:14)
      at Test.run (node:internal/test_runner/test:1382:25)
      at Test.processPendingSubtests (node:internal/test_runner/test:960:18)
      at Test.postRun (node:internal/test_runner/test:1522:19)
      at Test.run (node:internal/test_runner/test:1447:12)
      at async Test.processPendingSubtests (node:internal/test_runner/test:960:7) {
    generatedMessage: true,
    code: 'ERR_ASSERTION',
    actual: undefined,
    expected: 'EMERGENCY_ACTION_SAFE_ACTION_SKIPPED',
    operator: 'strictEqual',
    diff: 'simple'
  }

test at tests/dist/adversarial/emergencyCleanupAdversarial.test.js:172:1
✖ EMERGENCY-ADV: a safe action relabelled as an unsafe skip is refused (13989.712708ms)
  AssertionError [ERR_ASSERTION]: Expected values to be strictly equal:
  + actual - expected
  
  + 'RESIDUE_DETECTED'
  - 'EMERGENCY_ACTION_SAFE_ACTION_SKIPPED'
  
      at TestContext.<anonymous> (file:///private/var/folders/gy/fgcsxyg95yxdym1qs1tvkzj80000gp/T/erl2-negative-control-kjbPvx/tree/tests/dist/adversarial/emergencyCleanupAdversarial.test.js:189:12)
      at Test.runInAsyncScope (node:async_hooks:226:14)
      at Test.run (node:internal/test_runner/test:1382:25)
      at Test.processPendingSubtests (node:internal/test_runner/test:960:18)
      at Test.postRun (node:internal/test_runner/test:1522:19)
      at Test.run (node:internal/test_runner/test:1447:12)
      at async Test.processPendingSubtests (node:internal/test_runner/test:960:7) {
    generatedMessage: true,
    code: 'ERR_ASSERTION',
    actual: 'RESIDUE_DETECTED',
    expected: 'EMERGENCY_ACTION_SAFE_ACTION_SKIPPED',
    operator: 'strictEqual',
    diff: 'simple'
  }

test at tests/dist/adversarial/emergencyCleanupAdversarial.test.js:191:1
✖ EMERGENCY-ADV: an attempted action with no receipt is refused (14237.063458ms)
  AssertionError [ERR_ASSERTION]: Expected values to be strictly equal:
  + actual - expected
  
  + undefined
  - 'EMERGENCY_ACTION_RECEIPT_MISSING'
  
      at TestContext.<anonymous> (file:///private/var/folders/gy/fgcsxyg95yxdym1qs1tvkzj80000gp/T/erl2-negative-control-kjbPvx/tree/tests/dist/adversarial/emergencyCleanupAdversarial.test.js:203:12)
      at Test.runInAsyncScope (node:async_hooks:226:14)
      at Test.run (node:internal/test_runner/test:1382:25)
      at Test.processPendingSubtests (node:internal/test_runner/test:960:18)
      at Test.postRun (node:internal/test_runner/test:1522:19)
      at Test.run (node:internal/test_runner/test:1447:12)
      at async Test.processPendingSubtests (node:internal/test_runner/test:960:7) {
    generatedMessage: true,
    code: 'ERR_ASSERTION',
    actual: undefined,
    expected: 'EMERGENCY_ACTION_RECEIPT_MISSING',
    operator: 'strictEqual',
    diff: 'simple'
  }

test at tests/dist/adversarial/emergencyCleanupAdversarial.test.js:205:1
✖ EMERGENCY-ADV: a skip carrying a receipt is refused (14244.511125ms)
  AssertionError [ERR_ASSERTION]: Expected values to be strictly equal:
  + actual - expected
  
  + undefined
  - 'EMERGENCY_ACTION_RECEIPT_MISSING'
  
      at TestContext.<anonymous> (file:///private/var/folders/gy/fgcsxyg95yxdym1qs1tvkzj80000gp/T/erl2-negative-control-kjbPvx/tree/tests/dist/adversarial/emergencyCleanupAdversarial.test.js:217:12)
      at Test.runInAsyncScope (node:async_hooks:226:14)
      at Test.run (node:internal/test_runner/test:1382:25)
      at Test.processPendingSubtests (node:internal/test_runner/test:960:18)
      at Test.postRun (node:internal/test_runner/test:1522:19)
      at Test.run (node:internal/test_runner/test:1447:12)
      at async Test.processPendingSubtests (node:internal/test_runner/test:960:7) {
    generatedMessage: true,
    code: 'ERR_ASSERTION',
    actual: undefined,
    expected: 'EMERGENCY_ACTION_RECEIPT_MISSING',
    operator: 'strictEqual',
    diff: 'simple'
  }
