✔ INV-BASELINE: an honest CLI terminal lists every applicable signed member (9578.084542ms)
✔ INV-HARNESS: re-sealing the chain unchanged still verifies (1387.290709ms)
✔ INV-MISSING: an inventory that omits generic-run-policy/v1 is refused (356.112208ms)
✔ INV-MISSING: an inventory that omits trust-policy-manifest/v2 is refused (328.754958ms)
✔ INV-MISSING: an inventory that omits trusted-timestamp-checkpoint/v1 is refused (249.304041ms)
✔ INV-MISSING: an inventory that omits acquisition-preregistration/v1 is refused (318.969625ms)
✔ INV-MISSING: a false completeness claim is not a separate rule — it is never read (244.714625ms)
✔ INV-MISSING: a manipulated completeness flag is not representable at all (365.891041ms)
✖ INV-WRONG: an entry naming a retained artifact that is not an applicable member is refused (657.223917ms)
✔ INV-WRONG: an entry whose schema contradicts the artifact is refused (242.415167ms)
✔ INV-WRONG: an entry whose key contradicts the artifact is refused (251.527084ms)
✔ INV-WRONG: an entry whose signature hash contradicts the artifact is refused (340.487042ms)
✔ INV-WRONG: the correct key under an unauthorized role is refused (256.4975ms)
✔ INV-WRONG: a signed member from another run is refused (5360.368417ms)
✔ INV-WRONG: a lifecycle-unreachable signed member is refused (323.513125ms)
✔ INV-WRONG: a member created after the inventory cutoff cannot be listed (281.218125ms)
✔ INV-SET: a duplicated entry is refused (460.049375ms)
✔ INV-SET: an inventory naming another run is refused even when every hash resolves (3641.731708ms)
✖ INV-SET: the right count with one member substituted is refused (244.993417ms)
✔ INV-SET: the verifier declares its own exclusions rather than reading the inventory's (249.83525ms)
✔ INV-SET: entry order is not normative (267.994292ms)
✔ INV-INVALID: an invalid record that retains a signer inventory is refused (198.791042ms)
ℹ tests 22
ℹ suites 0
ℹ pass 20
ℹ fail 2
ℹ cancelled 0
ℹ skipped 0
ℹ todo 0
ℹ duration_ms 26284.30375

✖ failing tests:

test at tests/dist/adversarial/signerInventoryCompleteness.test.js:206:1
✖ INV-WRONG: an entry naming a retained artifact that is not an applicable member is refused (657.223917ms)
  AssertionError [ERR_ASSERTION]: Expected values to be strictly equal:
  + actual - expected
  
  + 'INVENTORY_ENTRY_MISSING'
  - 'INVENTORY_ENTRY_EXTRA'
                     ^
  
      at TestContext.<anonymous> (file:///private/var/folders/gy/fgcsxyg95yxdym1qs1tvkzj80000gp/T/erl2-negative-control-kjbPvx/tree/tests/dist/adversarial/signerInventoryCompleteness.test.js:221:12)
      at Test.runInAsyncScope (node:async_hooks:226:14)
      at Test.run (node:internal/test_runner/test:1382:25)
      at Test.processPendingSubtests (node:internal/test_runner/test:960:18)
      at Test.postRun (node:internal/test_runner/test:1522:19)
      at Test.run (node:internal/test_runner/test:1447:12)
      at async Test.processPendingSubtests (node:internal/test_runner/test:960:7) {
    generatedMessage: true,
    code: 'ERR_ASSERTION',
    actual: 'INVENTORY_ENTRY_MISSING',
    expected: 'INVENTORY_ENTRY_EXTRA',
    operator: 'strictEqual',
    diff: 'simple'
  }

test at tests/dist/adversarial/signerInventoryCompleteness.test.js:382:1
✖ INV-SET: the right count with one member substituted is refused (244.993417ms)
  AssertionError [ERR_ASSERTION]: Expected values to be strictly equal:
  + actual - expected
  
  + 'INVENTORY_ENTRY_MISSING'
  - 'INVENTORY_ENTRY_EXTRA'
                     ^
  
      at TestContext.<anonymous> (file:///private/var/folders/gy/fgcsxyg95yxdym1qs1tvkzj80000gp/T/erl2-negative-control-kjbPvx/tree/tests/dist/adversarial/signerInventoryCompleteness.test.js:395:12)
      at Test.runInAsyncScope (node:async_hooks:226:14)
      at Test.run (node:internal/test_runner/test:1382:25)
      at Test.processPendingSubtests (node:internal/test_runner/test:960:18)
      at Test.postRun (node:internal/test_runner/test:1522:19)
      at Test.run (node:internal/test_runner/test:1447:12)
      at async Test.processPendingSubtests (node:internal/test_runner/test:960:7) {
    generatedMessage: true,
    code: 'ERR_ASSERTION',
    actual: 'INVENTORY_ENTRY_MISSING',
    expected: 'INVENTORY_ENTRY_EXTRA',
    operator: 'strictEqual',
    diff: 'simple'
  }
