✔ INV-BASELINE: an honest CLI terminal lists every applicable signed member (7563.066167ms)
✔ INV-HARNESS: re-sealing the chain unchanged still verifies (248.681541ms)
✔ INV-MISSING: an inventory that omits generic-run-policy/v1 is refused (212.424459ms)
✔ INV-MISSING: an inventory that omits trust-policy-manifest/v2 is refused (220.145708ms)
✔ INV-MISSING: an inventory that omits trusted-timestamp-checkpoint/v1 is refused (215.715959ms)
✔ INV-MISSING: an inventory that omits acquisition-preregistration/v1 is refused (218.845792ms)
✔ INV-MISSING: a false completeness claim is not a separate rule — it is never read (223.447334ms)
✔ INV-MISSING: a manipulated completeness flag is not representable at all (226.855375ms)
✔ INV-WRONG: an entry naming a retained artifact that is not an applicable member is refused (264.707542ms)
✔ INV-WRONG: an entry whose schema contradicts the artifact is refused (468.932667ms)
✔ INV-WRONG: an entry whose key contradicts the artifact is refused (305.37175ms)
✔ INV-WRONG: an entry whose signature hash contradicts the artifact is refused (304.153542ms)
✔ INV-WRONG: the correct key under an unauthorized role is refused (385.494208ms)
✔ INV-WRONG: a signed member from another run is refused (3650.277459ms)
✔ INV-WRONG: a lifecycle-unreachable signed member is refused (230.436125ms)
✔ INV-WRONG: a member created after the inventory cutoff cannot be listed (320.092834ms)
✖ INV-SET: a duplicated entry is refused (296.110041ms)
✔ INV-SET: an inventory naming another run is refused even when every hash resolves (3628.661625ms)
✔ INV-SET: the right count with one member substituted is refused (217.344666ms)
✔ INV-SET: the verifier declares its own exclusions rather than reading the inventory's (227.766541ms)
✔ INV-SET: entry order is not normative (296.587916ms)
✔ INV-INVALID: an invalid record that retains a signer inventory is refused (218.065167ms)
ℹ tests 22
ℹ suites 0
ℹ pass 21
ℹ fail 1
ℹ cancelled 0
ℹ skipped 0
ℹ todo 0
ℹ duration_ms 20217.013833

✖ failing tests:

test at tests/dist/adversarial/signerInventoryCompleteness.test.js:362:1
✖ INV-SET: a duplicated entry is refused (296.110041ms)
  AssertionError [ERR_ASSERTION]: Expected "actual" to be strictly unequal to: 0
      at TestContext.<anonymous> (file:///private/var/folders/gy/fgcsxyg95yxdym1qs1tvkzj80000gp/T/erl2-negative-control-kjbPvx/tree/tests/dist/adversarial/signerInventoryCompleteness.test.js:369:12)
      at Test.runInAsyncScope (node:async_hooks:226:14)
      at Test.run (node:internal/test_runner/test:1382:25)
      at Test.processPendingSubtests (node:internal/test_runner/test:960:18)
      at Test.postRun (node:internal/test_runner/test:1522:19)
      at Test.run (node:internal/test_runner/test:1447:12)
      at async Test.processPendingSubtests (node:internal/test_runner/test:960:7) {
    generatedMessage: true,
    code: 'ERR_ASSERTION',
    actual: 0,
    expected: 0,
    operator: 'notStrictEqual',
    diff: 'simple'
  }
