✔ INV-BASELINE: an honest CLI terminal lists every applicable signed member (7582.978ms)
✔ INV-HARNESS: re-sealing the chain unchanged still verifies (397.249958ms)
✔ INV-MISSING: an inventory that omits generic-run-policy/v1 is refused (314.60575ms)
✔ INV-MISSING: an inventory that omits trust-policy-manifest/v2 is refused (878.054417ms)
✔ INV-MISSING: an inventory that omits trusted-timestamp-checkpoint/v1 is refused (890.842625ms)
✔ INV-MISSING: an inventory that omits acquisition-preregistration/v1 is refused (375.263333ms)
✔ INV-MISSING: a false completeness claim is not a separate rule — it is never read (618.779709ms)
✔ INV-MISSING: a manipulated completeness flag is not representable at all (863.87775ms)
✔ INV-WRONG: an entry naming a retained artifact that is not an applicable member is refused (438.647709ms)
✔ INV-WRONG: an entry whose schema contradicts the artifact is refused (425.406958ms)
✔ INV-WRONG: an entry whose key contradicts the artifact is refused (470.44825ms)
✔ INV-WRONG: an entry whose signature hash contradicts the artifact is refused (486.590167ms)
✔ INV-WRONG: the correct key under an unauthorized role is refused (484.054667ms)
✔ INV-WRONG: a signed member from another run is refused (6137.246958ms)
✔ INV-WRONG: a lifecycle-unreachable signed member is refused (452.340125ms)
✔ INV-WRONG: a member created after the inventory cutoff cannot be listed (368.031459ms)
✔ INV-SET: a duplicated entry is refused (407.005584ms)
✖ INV-SET: an inventory naming another run is refused even when every hash resolves (5349.528ms)
✔ INV-SET: the right count with one member substituted is refused (358.852875ms)
✔ INV-SET: the verifier declares its own exclusions rather than reading the inventory's (400.974625ms)
✔ INV-SET: entry order is not normative (532.265834ms)
✔ INV-INVALID: an invalid record that retains a signer inventory is refused (433.434667ms)
ℹ tests 22
ℹ suites 0
ℹ pass 21
ℹ fail 1
ℹ cancelled 0
ℹ skipped 0
ℹ todo 0
ℹ duration_ms 28980.159458

✖ failing tests:

test at tests/dist/adversarial/signerInventoryCompleteness.test.js:373:1
✖ INV-SET: an inventory naming another run is refused even when every hash resolves (5349.528ms)
  AssertionError [ERR_ASSERTION]: Expected "actual" to be strictly unequal to: 0
      at TestContext.<anonymous> (file:///private/var/folders/gy/fgcsxyg95yxdym1qs1tvkzj80000gp/T/erl2-negative-control-kjbPvx/tree/tests/dist/adversarial/signerInventoryCompleteness.test.js:378:12)
      at Test.runInAsyncScope (node:async_hooks:226:14)
      at Test.run (node:internal/test_runner/test:1382:25)
      at Test.processPendingSubtests (node:internal/test_runner/test:960:18)
      at Test.postRun (node:internal/test_runner/test:1522:19)
      at Test.run (node:internal/test_runner/test:1447:12)
      at async Test.processPendingSubtests (node:internal/test_runner/test:960:7) {
    generatedMessage: true,
    code: 'ERR_ASSERTION',
    actual: 0,
    expected: 0,
    operator: 'notStrictEqual',
    diff: 'simple'
  }
