✔ INV-BASELINE: an honest CLI terminal lists every applicable signed member (6801.131541ms)
✔ INV-HARNESS: re-sealing the chain unchanged still verifies (210.135667ms)
✖ INV-MISSING: an inventory that omits generic-run-policy/v1 is refused (206.286166ms)
✖ INV-MISSING: an inventory that omits trust-policy-manifest/v2 is refused (220.872041ms)
✖ INV-MISSING: an inventory that omits trusted-timestamp-checkpoint/v1 is refused (212.114084ms)
✖ INV-MISSING: an inventory that omits acquisition-preregistration/v1 is refused (221.697416ms)
✖ INV-MISSING: a false completeness claim is not a separate rule — it is never read (222.456208ms)
✔ INV-MISSING: a manipulated completeness flag is not representable at all (199.832542ms)
✖ INV-WRONG: an entry naming a retained artifact that is not an applicable member is refused (208.223834ms)
✔ INV-WRONG: an entry whose schema contradicts the artifact is refused (214.181ms)
✔ INV-WRONG: an entry whose key contradicts the artifact is refused (206.323042ms)
✖ INV-WRONG: an entry whose signature hash contradicts the artifact is refused (211.238959ms)
✔ INV-WRONG: the correct key under an unauthorized role is refused (208.577917ms)
✖ INV-WRONG: a signed member from another run is refused (3435.25275ms)
✖ INV-WRONG: a lifecycle-unreachable signed member is refused (263.403417ms)
✔ INV-WRONG: a member created after the inventory cutoff cannot be listed (186.559917ms)
✖ INV-SET: a duplicated entry is refused (311.641917ms)
✖ INV-SET: an inventory naming another run is refused even when every hash resolves (3848.417375ms)
✖ INV-SET: the right count with one member substituted is refused (239.364958ms)
✔ INV-SET: the verifier declares its own exclusions rather than reading the inventory's (205.091167ms)
✔ INV-SET: entry order is not normative (226.899792ms)
✔ INV-INVALID: an invalid record that retains a signer inventory is refused (339.537625ms)
ℹ tests 22
ℹ suites 0
ℹ pass 10
ℹ fail 12
ℹ cancelled 0
ℹ skipped 0
ℹ todo 0
ℹ duration_ms 18650.31425

✖ failing tests:

test at tests/dist/adversarial/signerInventoryCompleteness.test.js:170:5
✖ INV-MISSING: an inventory that omits generic-run-policy/v1 is refused (206.286166ms)
  AssertionError [ERR_ASSERTION]: omitting generic-run-policy/v1 must be refused
      at TestContext.<anonymous> (file:///private/var/folders/gy/fgcsxyg95yxdym1qs1tvkzj80000gp/T/erl2-negative-control-kjbPvx/tree/tests/dist/adversarial/signerInventoryCompleteness.test.js:177:16)
      at Test.runInAsyncScope (node:async_hooks:226:14)
      at Test.run (node:internal/test_runner/test:1382:25)
      at Test.processPendingSubtests (node:internal/test_runner/test:960:18)
      at Test.postRun (node:internal/test_runner/test:1522:19)
      at Test.run (node:internal/test_runner/test:1447:12)
      at async Test.processPendingSubtests (node:internal/test_runner/test:960:7) {
    generatedMessage: false,
    code: 'ERR_ASSERTION',
    actual: 0,
    expected: 0,
    operator: 'notStrictEqual',
    diff: 'simple'
  }

test at tests/dist/adversarial/signerInventoryCompleteness.test.js:170:5
✖ INV-MISSING: an inventory that omits trust-policy-manifest/v2 is refused (220.872041ms)
  AssertionError [ERR_ASSERTION]: omitting trust-policy-manifest/v2 must be refused
      at TestContext.<anonymous> (file:///private/var/folders/gy/fgcsxyg95yxdym1qs1tvkzj80000gp/T/erl2-negative-control-kjbPvx/tree/tests/dist/adversarial/signerInventoryCompleteness.test.js:177:16)
      at Test.runInAsyncScope (node:async_hooks:226:14)
      at Test.run (node:internal/test_runner/test:1382:25)
      at Test.processPendingSubtests (node:internal/test_runner/test:960:18)
      at Test.postRun (node:internal/test_runner/test:1522:19)
      at Test.run (node:internal/test_runner/test:1447:12)
      at async Test.processPendingSubtests (node:internal/test_runner/test:960:7) {
    generatedMessage: false,
    code: 'ERR_ASSERTION',
    actual: 0,
    expected: 0,
    operator: 'notStrictEqual',
    diff: 'simple'
  }

test at tests/dist/adversarial/signerInventoryCompleteness.test.js:170:5
✖ INV-MISSING: an inventory that omits trusted-timestamp-checkpoint/v1 is refused (212.114084ms)
  AssertionError [ERR_ASSERTION]: omitting trusted-timestamp-checkpoint/v1 must be refused
      at TestContext.<anonymous> (file:///private/var/folders/gy/fgcsxyg95yxdym1qs1tvkzj80000gp/T/erl2-negative-control-kjbPvx/tree/tests/dist/adversarial/signerInventoryCompleteness.test.js:177:16)
      at Test.runInAsyncScope (node:async_hooks:226:14)
      at Test.run (node:internal/test_runner/test:1382:25)
      at Test.processPendingSubtests (node:internal/test_runner/test:960:18)
      at Test.postRun (node:internal/test_runner/test:1522:19)
      at Test.run (node:internal/test_runner/test:1447:12)
      at async Test.processPendingSubtests (node:internal/test_runner/test:960:7) {
    generatedMessage: false,
    code: 'ERR_ASSERTION',
    actual: 0,
    expected: 0,
    operator: 'notStrictEqual',
    diff: 'simple'
  }

test at tests/dist/adversarial/signerInventoryCompleteness.test.js:170:5
✖ INV-MISSING: an inventory that omits acquisition-preregistration/v1 is refused (221.697416ms)
  AssertionError [ERR_ASSERTION]: omitting acquisition-preregistration/v1 must be refused
      at TestContext.<anonymous> (file:///private/var/folders/gy/fgcsxyg95yxdym1qs1tvkzj80000gp/T/erl2-negative-control-kjbPvx/tree/tests/dist/adversarial/signerInventoryCompleteness.test.js:177:16)
      at Test.runInAsyncScope (node:async_hooks:226:14)
      at Test.run (node:internal/test_runner/test:1382:25)
      at Test.processPendingSubtests (node:internal/test_runner/test:960:18)
      at Test.postRun (node:internal/test_runner/test:1522:19)
      at Test.run (node:internal/test_runner/test:1447:12)
      at async Test.processPendingSubtests (node:internal/test_runner/test:960:7) {
    generatedMessage: false,
    code: 'ERR_ASSERTION',
    actual: 0,
    expected: 0,
    operator: 'notStrictEqual',
    diff: 'simple'
  }

test at tests/dist/adversarial/signerInventoryCompleteness.test.js:182:1
✖ INV-MISSING: a false completeness claim is not a separate rule — it is never read (222.456208ms)
  AssertionError [ERR_ASSERTION]: Expected values to be strictly equal:
  + actual - expected
  
  + '-'
  - 'INVENTORY_ENTRY_MISSING'
  
      at TestContext.<anonymous> (file:///private/var/folders/gy/fgcsxyg95yxdym1qs1tvkzj80000gp/T/erl2-negative-control-kjbPvx/tree/tests/dist/adversarial/signerInventoryCompleteness.test.js:193:12)
      at Test.runInAsyncScope (node:async_hooks:226:14)
      at Test.run (node:internal/test_runner/test:1382:25)
      at Test.processPendingSubtests (node:internal/test_runner/test:960:18)
      at Test.postRun (node:internal/test_runner/test:1522:19)
      at Test.run (node:internal/test_runner/test:1447:12)
      at async Test.processPendingSubtests (node:internal/test_runner/test:960:7) {
    generatedMessage: true,
    code: 'ERR_ASSERTION',
    actual: '-',
    expected: 'INVENTORY_ENTRY_MISSING',
    operator: 'strictEqual',
    diff: 'simple'
  }

test at tests/dist/adversarial/signerInventoryCompleteness.test.js:206:1
✖ INV-WRONG: an entry naming a retained artifact that is not an applicable member is refused (208.223834ms)
  AssertionError [ERR_ASSERTION]: Expected "actual" to be strictly unequal to: 0
      at TestContext.<anonymous> (file:///private/var/folders/gy/fgcsxyg95yxdym1qs1tvkzj80000gp/T/erl2-negative-control-kjbPvx/tree/tests/dist/adversarial/signerInventoryCompleteness.test.js:220:12)
      at Test.runInAsyncScope (node:async_hooks:226:14)
      at Test.run (node:internal/test_runner/test:1382:25)
      at Test.processPendingSubtests (node:internal/test_runner/test:960:18)
      at Test.postRun (node:internal/test_runner/test:1522:19)
      at Test.run (node:internal/test_runner/test:1447:12)
      at async Test.processPendingSubtests (node:internal/test_runner/test:960:7) {
    generatedMessage: true,
    code: 'ERR_ASSERTION',
    actual: 0,
    expected: 0,
    operator: 'notStrictEqual',
    diff: 'simple'
  }

test at tests/dist/adversarial/signerInventoryCompleteness.test.js:248:1
✖ INV-WRONG: an entry whose signature hash contradicts the artifact is refused (211.238959ms)
  AssertionError [ERR_ASSERTION]: Expected "actual" to be strictly unequal to: 0
      at TestContext.<anonymous> (file:///private/var/folders/gy/fgcsxyg95yxdym1qs1tvkzj80000gp/T/erl2-negative-control-kjbPvx/tree/tests/dist/adversarial/signerInventoryCompleteness.test.js:261:12)
      at Test.runInAsyncScope (node:async_hooks:226:14)
      at Test.run (node:internal/test_runner/test:1382:25)
      at Test.processPendingSubtests (node:internal/test_runner/test:960:18)
      at Test.postRun (node:internal/test_runner/test:1522:19)
      at Test.run (node:internal/test_runner/test:1447:12)
      at async Test.processPendingSubtests (node:internal/test_runner/test:960:7) {
    generatedMessage: true,
    code: 'ERR_ASSERTION',
    actual: 0,
    expected: 0,
    operator: 'notStrictEqual',
    diff: 'simple'
  }

test at tests/dist/adversarial/signerInventoryCompleteness.test.js:287:1
✖ INV-WRONG: a signed member from another run is refused (3435.25275ms)
  AssertionError [ERR_ASSERTION]: Expected "actual" to be strictly unequal to: 0
      at TestContext.<anonymous> (file:///private/var/folders/gy/fgcsxyg95yxdym1qs1tvkzj80000gp/T/erl2-negative-control-kjbPvx/tree/tests/dist/adversarial/signerInventoryCompleteness.test.js:305:12)
      at Test.runInAsyncScope (node:async_hooks:226:14)
      at Test.run (node:internal/test_runner/test:1382:25)
      at Test.processPendingSubtests (node:internal/test_runner/test:960:18)
      at Test.postRun (node:internal/test_runner/test:1522:19)
      at Test.run (node:internal/test_runner/test:1447:12)
      at async Test.processPendingSubtests (node:internal/test_runner/test:960:7) {
    generatedMessage: true,
    code: 'ERR_ASSERTION',
    actual: 0,
    expected: 0,
    operator: 'notStrictEqual',
    diff: 'simple'
  }

test at tests/dist/adversarial/signerInventoryCompleteness.test.js:309:1
✖ INV-WRONG: a lifecycle-unreachable signed member is refused (263.403417ms)
  AssertionError [ERR_ASSERTION]: Expected "actual" to be strictly unequal to: 0
      at TestContext.<anonymous> (file:///private/var/folders/gy/fgcsxyg95yxdym1qs1tvkzj80000gp/T/erl2-negative-control-kjbPvx/tree/tests/dist/adversarial/signerInventoryCompleteness.test.js:332:12)
      at Test.runInAsyncScope (node:async_hooks:226:14)
      at Test.run (node:internal/test_runner/test:1382:25)
      at Test.processPendingSubtests (node:internal/test_runner/test:960:18)
      at Test.postRun (node:internal/test_runner/test:1522:19)
      at Test.run (node:internal/test_runner/test:1447:12)
      at async Test.processPendingSubtests (node:internal/test_runner/test:960:7) {
    generatedMessage: true,
    code: 'ERR_ASSERTION',
    actual: 0,
    expected: 0,
    operator: 'notStrictEqual',
    diff: 'simple'
  }

test at tests/dist/adversarial/signerInventoryCompleteness.test.js:362:1
✖ INV-SET: a duplicated entry is refused (311.641917ms)
  AssertionError [ERR_ASSERTION]: Expected "actual" to be strictly unequal to: 0
      at TestContext.<anonymous> (file:///private/var/folders/gy/fgcsxyg95yxdym1qs1tvkzj80000gp/T/erl2-negative-control-kjbPvx/tree/tests/dist/adversarial/signerInventoryCompleteness.test.js:369:12)
      at Test.runInAsyncScope (node:async_hooks:226:14)
      at Test.run (node:internal/test_runner/test:1382:25)
      at Test.processPendingSubtests (node:internal/test_runner/test:960:18)
      at Test.postRun (node:internal/test_runner/test:1522:19)
      at Test.run (node:internal/test_runner/test:1447:12)
      at async Test.processPendingSubtests (node:internal/test_runner/test:960:7) {
    generatedMessage: true,
    code: 'ERR_ASSERTION',
    actual: 0,
    expected: 0,
    operator: 'notStrictEqual',
    diff: 'simple'
  }

test at tests/dist/adversarial/signerInventoryCompleteness.test.js:373:1
✖ INV-SET: an inventory naming another run is refused even when every hash resolves (3848.417375ms)
  AssertionError [ERR_ASSERTION]: Expected "actual" to be strictly unequal to: 0
      at TestContext.<anonymous> (file:///private/var/folders/gy/fgcsxyg95yxdym1qs1tvkzj80000gp/T/erl2-negative-control-kjbPvx/tree/tests/dist/adversarial/signerInventoryCompleteness.test.js:378:12)
      at Test.runInAsyncScope (node:async_hooks:226:14)
      at Test.run (node:internal/test_runner/test:1382:25)
      at Test.processPendingSubtests (node:internal/test_runner/test:960:18)
      at Test.postRun (node:internal/test_runner/test:1522:19)
      at Test.run (node:internal/test_runner/test:1447:12)
      at async Test.processPendingSubtests (node:internal/test_runner/test:960:7) {
    generatedMessage: true,
    code: 'ERR_ASSERTION',
    actual: 0,
    expected: 0,
    operator: 'notStrictEqual',
    diff: 'simple'
  }

test at tests/dist/adversarial/signerInventoryCompleteness.test.js:382:1
✖ INV-SET: the right count with one member substituted is refused (239.364958ms)
  AssertionError [ERR_ASSERTION]: Expected "actual" to be strictly unequal to: 0
      at TestContext.<anonymous> (file:///private/var/folders/gy/fgcsxyg95yxdym1qs1tvkzj80000gp/T/erl2-negative-control-kjbPvx/tree/tests/dist/adversarial/signerInventoryCompleteness.test.js:394:12)
      at Test.runInAsyncScope (node:async_hooks:226:14)
      at Test.run (node:internal/test_runner/test:1382:25)
      at Test.processPendingSubtests (node:internal/test_runner/test:960:18)
      at Test.postRun (node:internal/test_runner/test:1522:19)
      at Test.run (node:internal/test_runner/test:1447:12)
      at async Test.processPendingSubtests (node:internal/test_runner/test:960:7) {
    generatedMessage: true,
    code: 'ERR_ASSERTION',
    actual: 0,
    expected: 0,
    operator: 'notStrictEqual',
    diff: 'simple'
  }
