✔ INV-BASELINE: an honest CLI terminal lists every applicable signed member (18407.296292ms)
✔ INV-HARNESS: re-sealing the chain unchanged still verifies (1160.776ms)
✔ INV-MISSING: an inventory that omits generic-run-policy/v1 is refused (1052.988ms)
✔ INV-MISSING: an inventory that omits trust-policy-manifest/v2 is refused (1307.293334ms)
✔ INV-MISSING: an inventory that omits trusted-timestamp-checkpoint/v1 is refused (832.77875ms)
✔ INV-MISSING: an inventory that omits acquisition-preregistration/v1 is refused (1430.483042ms)
✔ INV-MISSING: a false completeness claim is not a separate rule — it is never read (1374.958667ms)
✔ INV-MISSING: a manipulated completeness flag is not representable at all (1314.730625ms)
✔ INV-WRONG: an entry naming a retained artifact that is not an applicable member is refused (967.815666ms)
✔ INV-WRONG: an entry whose schema contradicts the artifact is refused (1075.948375ms)
✔ INV-WRONG: an entry whose key contradicts the artifact is refused (1029.185708ms)
✔ INV-WRONG: an entry whose signature hash contradicts the artifact is refused (1000.742042ms)
✔ INV-WRONG: the correct key under an unauthorized role is refused (1156.807791ms)
✔ INV-WRONG: a signed member from another run is refused (11695.435458ms)
✖ INV-WRONG: a lifecycle-unreachable signed member is refused (1668.510792ms)
✔ INV-WRONG: a member created after the inventory cutoff cannot be listed (1335.975208ms)
✔ INV-SET: a duplicated entry is refused (3409.703083ms)
✔ INV-SET: an inventory naming another run is refused even when every hash resolves (13330.50675ms)
✔ INV-SET: the right count with one member substituted is refused (1295.958625ms)
✔ INV-SET: the verifier declares its own exclusions rather than reading the inventory's (1005.713917ms)
✔ INV-SET: entry order is not normative (1126.63875ms)
✔ INV-INVALID: an invalid record that retains a signer inventory is refused (905.733334ms)
ℹ tests 22
ℹ suites 0
ℹ pass 21
ℹ fail 1
ℹ cancelled 0
ℹ skipped 0
ℹ todo 0
ℹ duration_ms 68744.69625

✖ failing tests:

test at tests/dist/adversarial/signerInventoryCompleteness.test.js:309:1
✖ INV-WRONG: a lifecycle-unreachable signed member is refused (1668.510792ms)
  AssertionError [ERR_ASSERTION]: Expected values to be strictly equal:
  + actual - expected
  
  + 'INVENTORY_ENTRY_MISSING'
  - 'GRAPH_CLOSURE_UNREACHABLE_ARTIFACT'
  
      at TestContext.<anonymous> (file:///private/var/folders/gy/fgcsxyg95yxdym1qs1tvkzj80000gp/T/erl2-negative-control-kjbPvx/tree/tests/dist/adversarial/signerInventoryCompleteness.test.js:333:12)
      at Test.runInAsyncScope (node:async_hooks:226:14)
      at Test.run (node:internal/test_runner/test:1382:25)
      at Test.processPendingSubtests (node:internal/test_runner/test:960:18)
      at Test.postRun (node:internal/test_runner/test:1522:19)
      at Test.run (node:internal/test_runner/test:1447:12)
      at async Test.processPendingSubtests (node:internal/test_runner/test:960:7) {
    generatedMessage: true,
    code: 'ERR_ASSERTION',
    actual: 'INVENTORY_ENTRY_MISSING',
    expected: 'GRAPH_CLOSURE_UNREACHABLE_ARTIFACT',
    operator: 'strictEqual',
    diff: 'simple'
  }
