✖ INV-ENV-BASELINE: an environment terminal lists every applicable signed member (38145.307083ms)
✖ INV-ENV-MISSING: an environment inventory that omits external-beacon-randomness-receipt/v1 is refused (468.226958ms)
✖ INV-ENV-MISSING: an environment inventory that omits trust-policy-manifest/v2 is refused (417.639125ms)
✖ INV-ENV-MISSING: an environment inventory that omits exposure-event/v1 is refused (370.530916ms)
ℹ tests 4
ℹ suites 0
ℹ pass 0
ℹ fail 4
ℹ cancelled 0
ℹ skipped 0
ℹ todo 0
ℹ duration_ms 39783.160166

✖ failing tests:

test at tests/dist/adversarial/signerInventoryEnvironment.test.js:125:1
✖ INV-ENV-BASELINE: an environment terminal lists every applicable signed member (38145.307083ms)
  AssertionError [ERR_ASSERTION]: [{"code":"INVENTORY_ENTRY_EXTRA","message":"the signer inventory lists external-beacon-randomness-receipt/v1@sha256:e51f3874f45b9d45958024a8bff1ad09d5c319b812c2a282ef9a5dbe3426b062, which is not an applicable signed member of this terminal"}]
  
  10 !== 0
  
      at TestContext.<anonymous> (file:///private/var/folders/gy/fgcsxyg95yxdym1qs1tvkzj80000gp/T/erl2-negative-control-kjbPvx/tree/tests/dist/adversarial/signerInventoryEnvironment.test.js:136:12)
      at Test.runInAsyncScope (node:async_hooks:226:14)
      at Test.run (node:internal/test_runner/test:1382:25)
      at Test.start (node:internal/test_runner/test:1242:17)
      at startSubtestAfterBootstrap (node:internal/test_runner/harness:387:17) {
    generatedMessage: false,
    code: 'ERR_ASSERTION',
    actual: 10,
    expected: 0,
    operator: 'strictEqual',
    diff: 'simple'
  }

test at tests/dist/adversarial/signerInventoryEnvironment.test.js:143:5
✖ INV-ENV-MISSING: an environment inventory that omits external-beacon-randomness-receipt/v1 is refused (468.226958ms)
  AssertionError [ERR_ASSERTION]: omitting external-beacon-randomness-receipt/v1 must be refused
      at TestContext.<anonymous> (file:///private/var/folders/gy/fgcsxyg95yxdym1qs1tvkzj80000gp/T/erl2-negative-control-kjbPvx/tree/tests/dist/adversarial/signerInventoryEnvironment.test.js:150:16)
      at Test.runInAsyncScope (node:async_hooks:226:14)
      at Test.run (node:internal/test_runner/test:1382:25)
      at Test.processPendingSubtests (node:internal/test_runner/test:960:18)
      at Test.postRun (node:internal/test_runner/test:1522:19)
      at Test.run (node:internal/test_runner/test:1447:12)
      at async startSubtestAfterBootstrap (node:internal/test_runner/harness:387:3) {
    generatedMessage: false,
    code: 'ERR_ASSERTION',
    actual: 0,
    expected: 0,
    operator: 'notStrictEqual',
    diff: 'simple'
  }

test at tests/dist/adversarial/signerInventoryEnvironment.test.js:143:5
✖ INV-ENV-MISSING: an environment inventory that omits trust-policy-manifest/v2 is refused (417.639125ms)
  AssertionError [ERR_ASSERTION]: Expected values to be strictly equal:
  + actual - expected
  
  + 'INVENTORY_ENTRY_EXTRA'
  - 'INVENTORY_ENTRY_MISSING'
                     ^
  
      at TestContext.<anonymous> (file:///private/var/folders/gy/fgcsxyg95yxdym1qs1tvkzj80000gp/T/erl2-negative-control-kjbPvx/tree/tests/dist/adversarial/signerInventoryEnvironment.test.js:151:16)
      at Test.runInAsyncScope (node:async_hooks:226:14)
      at Test.run (node:internal/test_runner/test:1382:25)
      at Test.processPendingSubtests (node:internal/test_runner/test:960:18)
      at Test.postRun (node:internal/test_runner/test:1522:19)
      at Test.run (node:internal/test_runner/test:1447:12)
      at async Test.processPendingSubtests (node:internal/test_runner/test:960:7) {
    generatedMessage: true,
    code: 'ERR_ASSERTION',
    actual: 'INVENTORY_ENTRY_EXTRA',
    expected: 'INVENTORY_ENTRY_MISSING',
    operator: 'strictEqual',
    diff: 'simple'
  }

test at tests/dist/adversarial/signerInventoryEnvironment.test.js:143:5
✖ INV-ENV-MISSING: an environment inventory that omits exposure-event/v1 is refused (370.530916ms)
  AssertionError [ERR_ASSERTION]: Expected values to be strictly equal:
  + actual - expected
  
  + 'INVENTORY_ENTRY_EXTRA'
  - 'INVENTORY_ENTRY_MISSING'
                     ^
  
      at TestContext.<anonymous> (file:///private/var/folders/gy/fgcsxyg95yxdym1qs1tvkzj80000gp/T/erl2-negative-control-kjbPvx/tree/tests/dist/adversarial/signerInventoryEnvironment.test.js:151:16)
      at Test.runInAsyncScope (node:async_hooks:226:14)
      at Test.run (node:internal/test_runner/test:1382:25)
      at Test.processPendingSubtests (node:internal/test_runner/test:960:18)
      at Test.postRun (node:internal/test_runner/test:1522:19)
      at Test.run (node:internal/test_runner/test:1447:12)
      at async Test.processPendingSubtests (node:internal/test_runner/test:960:7) {
    generatedMessage: true,
    code: 'ERR_ASSERTION',
    actual: 'INVENTORY_ENTRY_EXTRA',
    expected: 'INVENTORY_ENTRY_MISSING',
    operator: 'strictEqual',
    diff: 'simple'
  }
