✔ EB-MOUNT: a canary in the mounted file's bytes refuses before the adapter is dispatched (37289.834209ms)
✔ EB-MOUNT: the run cannot step past a refused mount by retrying it (25871.887542ms)
✔ EB-MOUNT: a clean run publishes its mounts and the canonical entries are real files (43257.59325ms)
✔ EB-TELEMETRY: a canary in the telemetry bytes refuses before the telemetry is retained (43076.042417ms)
✔ EB-TELEMETRY: a refused capture cannot be stepped past by retrying observe (55081.476541ms)
✔ EB-TELEMETRY: the run still reaches exactly one invalid terminal that verifies offline (50150.719833ms)
✔ EB-OUTPUT: a secret canary in the subject's output bytes refuses before the freeze (76194.538792ms)
✖ EB-OUTPUT: a forbidden identifier in the subject's output bytes refuses before the freeze (64914.73175ms)
✔ EB-OUTPUT: a judge canary still refuses under its own rule, not the new one (71781.48725ms)
✔ EB-OUTPUT: clean binary output freezes and the run finalizes (86696.925958ms)
✔ EB-SIZE: one byte over the declared ceiling refuses before the manifest freezes (80652.116667ms)
✔ EB-SIZE: exactly at the declared ceiling is admitted (73417.357667ms)
ℹ tests 12
ℹ suites 0
ℹ pass 11
ℹ fail 1
ℹ cancelled 0
ℹ skipped 0
ℹ todo 0
ℹ duration_ms 712195.431334

✖ failing tests:

test at tests/dist/e2e/environmentEvidenceBoundaries.test.js:217:1
✖ EB-OUTPUT: a forbidden identifier in the subject's output bytes refuses before the freeze (64914.73175ms)
  AssertionError [ERR_ASSERTION]: Expected "actual" to be strictly unequal to: 0
      at TestContext.<anonymous> (file:///private/var/folders/gy/fgcsxyg95yxdym1qs1tvkzj80000gp/T/erl2-negative-control-kjbPvx/tree/tests/dist/e2e/environmentEvidenceBoundaries.test.js:225:12)
      at Test.runInAsyncScope (node:async_hooks:226:14)
      at Test.run (node:internal/test_runner/test:1382:25)
      at Test.processPendingSubtests (node:internal/test_runner/test:960:18)
      at Test.postRun (node:internal/test_runner/test:1522:19)
      at Test.run (node:internal/test_runner/test:1447:12)
      at async Test.processPendingSubtests (node:internal/test_runner/test:960:7) {
    generatedMessage: true,
    code: 'ERR_ASSERTION',
    actual: 0,
    expected: 0,
    operator: 'notStrictEqual',
    diff: 'simple'
  }
