✔ COMPOSE-ADV: an unqualified lock never reaches a substrate (18.3765ms)
✔ COMPOSE-ADV: a lock whose amd64 slot holds an arm64 manifest is refused (4.404042ms)
✔ COMPOSE-ADV: a lock pinning an EXTRA service is refused (2.54925ms)
✔ COMPOSE-ADV: a lock MISSING one of the subset's images is refused (1.647083ms)
✔ COMPOSE-ADV: a changed applied configuration file is refused before provisioning (1.87325ms)
✔ COMPOSE-ADV: every discovery is an exact run-scoped name or label value (9.5215ms)
✔ COMPOSE-ADV: a broad cleanup selector is refused by construction (0.11975ms)
✔ COMPOSE-ADV: a foreign object wearing this run's project label stops the teardown (4.067459ms)
✔ COMPOSE-ADV: a compensation that reverts nothing is receipted as failed (5.3035ms)
✔ COMPOSE-ADV: a mutation the substrate did not apply is receipted as failed (4.225583ms)
✔ COMPOSE-ADV: a teardown Compose reports as clean is re-inspected (3.605333ms)
✔ COMPOSE-ADV: a failed `compose pull` refuses before anything is created (1.829166ms)
✔ COMPOSE-ADV: a partial provision is reported partial, with everything created (2.428458ms)
✔ COMPOSE-ADV: a stored receipt is not adopted once the substrate contradicts it (2.674209ms)
✔ COMPOSE-ADV: an expected container name running an image the lock does not pin is refused (9.2565ms)
✔ COMPOSE-ADV: an expected container name whose image cannot be resolved at all is refused (3.922375ms)
✔ COMPOSE-ADV: an expected container carrying another run's run_id label is refused (3.33375ms)
✔ COMPOSE-ADV: an expected container carrying a foreign driver_id label is refused (4.084625ms)
✔ COMPOSE-ADV: an expected container carrying a foreign Compose project label is refused (3.6945ms)
✔ COMPOSE-ADV: an expected container MISSING an ownership label is refused (4.448375ms)
✔ COMPOSE-ADV: two unproven containers are two inventory entries, not one (2.748083ms)
✔ COMPOSE-ADV: the baseline observation records what Docker said, not what the lock says (3.740959ms)
✔ COMPOSE-ADV: an activation observed on an unproven container is not this run's mutation (4.165958ms)
✖ COMPOSE-ADV: the RENDERED configuration publishes one loopback port and nothing else (237.5225ms)
✔ COMPOSE-ADV: the substrate identity changes when the daemon does (3.41ms)
✔ COMPOSE-ADV: telemetry the collector received is observed with the lines its counts derive from (2.890333ms)
✔ COMPOSE-ADV: a collector that is not provably this run's yields an absent observation, not a zero (3.164083ms)
✔ COMPOSE-ADV: a collector whose logs cannot be read is absent for a different, named reason (2.735542ms)
✔ COMPOSE-ADV: a verified collector that received nothing this run is observed, honestly, as zero (3.276584ms)
ℹ tests 29
ℹ suites 0
ℹ pass 28
ℹ fail 1
ℹ cancelled 0
ℹ skipped 0
ℹ todo 0
ℹ duration_ms 657.497084

✖ failing tests:

test at tests/dist/adversarial/composeSubstrate.test.js:658:1
✖ COMPOSE-ADV: the RENDERED configuration publishes one loopback port and nothing else (237.5225ms)
  AssertionError [ERR_ASSERTION]: the collector still publishes: [{"mode":"ingress","target":4317,"protocol":"tcp"},{"mode":"ingress","target":4318,"protocol":"tcp"}]
  + actual - expected
  
  + [
  +   {
  +     mode: 'ingress',
  +     protocol: 'tcp',
  +     target: 4317
  +   },
  +   {
  +     mode: 'ingress',
  +     protocol: 'tcp',
  +     target: 4318
  +   }
  + ]
  - undefined
  
      at TestContext.<anonymous> (file:///private/var/folders/gy/fgcsxyg95yxdym1qs1tvkzj80000gp/T/erl2-negative-control-kjbPvx/tree/tests/dist/adversarial/composeSubstrate.test.js:676:12)
      at Test.runInAsyncScope (node:async_hooks:226:14)
      at Test.run (node:internal/test_runner/test:1382:25)
      at Test.processPendingSubtests (node:internal/test_runner/test:960:18)
      at Test.postRun (node:internal/test_runner/test:1522:19)
      at Test.run (node:internal/test_runner/test:1447:12)
      at async Test.processPendingSubtests (node:internal/test_runner/test:960:7) {
    generatedMessage: false,
    code: 'ERR_ASSERTION',
    actual: [ { mode: 'ingress', target: 4317, protocol: 'tcp' }, { mode: 'ingress', target: 4318, protocol: 'tcp' } ],
    expected: undefined,
    operator: 'strictEqual',
    diff: 'simple'
  }
