✔ ATTR-TELEM: parsing the excerpt reproduces the counts of the full log (1.1385ms)
✔ ATTR-TELEM: two markers on one line count as two run-attributed records (0.063375ms)
✔ ATTR-TELEM: service names are deduplicated and sorted (0.051917ms)
✔ ATTR-TELEM-CONTRACT: a valid observed record and a valid absent record both validate (5.42225ms)
✔ ATTR-TELEM-CONTRACT: an absent record cannot carry a count, an excerpt or a collector (0.583208ms)
✔ ATTR-TELEM-CONTRACT: an observed record without its excerpt, or over an unverified collector, is unrepresentable (0.595375ms)
✔ ATTR-TELEM: the declaration predicate needs the driver, the source and the exercising step together (0.094625ms)
✔ ATTR-TELEM: an undeclared run passes the gate with no observation at all (0.06175ms)
✔ ATTR-TELEM: a declared run with no observation fails the gate (0.075458ms)
✔ ATTR-TELEM: a declared run with an absent observation fails the gate (0.126458ms)
✔ ATTR-TELEM: a declared run with zero run-attributed records fails the gate (0.110834ms)
✔ ATTR-TELEM: another run's observation, a foreign marker, or a second observation fails the gate (0.160375ms)
✔ ATTR-TELEM: the fake driver does not offer the capability (0.049417ms)
✔ ATTR-TELEM-VERIFY: a consistent declared observation derives observed and attributed (1.604792ms)
✔ ATTR-TELEM-VERIFY: a declared run that retains no observation is refused (0.684584ms)
✔ ATTR-TELEM-VERIFY: an undeclared run with no observation derives nothing and refuses nothing (2.174917ms)
✔ ATTR-TELEM-VERIFY: an absent observation where declared is refused (0.925917ms)
✔ ATTR-TELEM-VERIFY: a declared observation with zero run-attributed records is refused (0.91375ms)
✔ ATTR-TELEM-VERIFY: counts that contradict the retained excerpt are refused (0.811917ms)
✔ ATTR-TELEM-VERIFY: an excerpt padded with non-contributing lines is refused (0.768583ms)
✔ ATTR-TELEM-VERIFY: another run's observation, a foreign marker, or a wrong producing event is refused (2.099417ms)
✔ ATTR-TELEM-VERIFY: a second retained observation is refused rather than silently ignored (0.918625ms)
✔ ATTR-TELEM-VERIFY: an ambiguous driver manifest or archetype is refused before anything is derived (1.703708ms)
✔ ATTR-TELEM-VERIFY: an observed record whose excerpt the index never validated is still refused (0.730958ms)
✔ ATTR-TELEM-RETAIN: ordinary collector material freezes as observed and passes the gate (23.429083ms)
✔ ATTR-TELEM-RETAIN: a re-entered retention reads what it wrote instead of observing again (16.42225ms)
✔ ATTR-TELEM-RETAIN: an excerpt past the retention bound demotes rather than truncating (16.69575ms)
✔ ATTR-TELEM-RETAIN: an excerpt the canonicalizer refuses demotes rather than throwing (14.8935ms)
✔ ATTR-TELEM-RETAIN: more distinct service names than the contract retains demotes (13.821375ms)
✔ ATTR-TELEM-RETAIN: a service name past the contract's length bound demotes (14.167292ms)
✔ ATTR-TELEM-RETAIN: a service name the canonicalizer refuses demotes (25.830959ms)
✔ ATTR-TELEM-RETAIN: a count the canonicalizer cannot represent demotes (17.380666ms)
✔ ATTR-TELEM-RETAIN: a count outside the contract's range demotes (13.638416ms)
✔ ATTR-TELEM-RETAIN: a collector service id the contract refuses demotes (13.927666ms)
✔ ATTR-TELEM-RETAIN: more observed repo digests than the contract retains demotes (13.867542ms)
✔ ATTR-TELEM-RETAIN: a collector identity string past its bound demotes (13.878917ms)
✖ ATTR-TELEM-RETAIN: a collector identity string the canonicalizer refuses demotes (1.05275ms)
✔ ATTR-TELEM-RETAIN: a driver's own absent material is retained with the driver's reason (14.058542ms)
✔ ATTR-TELEM-RETAIN: a retention failure nothing anticipated still leaves as a routable teardown failure (0.715583ms)
✔ ATTR-TELEM-RETAIN: a demoted observation is refused offline, not quietly accepted (14.202875ms)
✔ ATTR-TELEM-E2E: a fake-driver run declares nothing, retains nothing, and still verifies offline (20066.053292ms)
ℹ tests 41
ℹ suites 0
ℹ pass 40
ℹ fail 1
ℹ cancelled 0
ℹ skipped 0
ℹ todo 0
ℹ duration_ms 20580.101833

✖ failing tests:

test at tests/dist/adversarial/attributableTelemetry.test.js:573:1
✖ ATTR-TELEM-RETAIN: a collector identity string the canonicalizer refuses demotes (1.05275ms)
  Error [Erl2Error]: the attributable-telemetry observation could not be retained (UNCLASSIFIED): string is not NFC
      at retainAttributableTelemetryObservation (file:///private/var/folders/gy/fgcsxyg95yxdym1qs1tvkzj80000gp/T/erl2-negative-control-kjbPvx/tree/packages/core/dist/src/environment/telemetryObservation.js:272:15)
      at file:///private/var/folders/gy/fgcsxyg95yxdym1qs1tvkzj80000gp/T/erl2-negative-control-kjbPvx/tree/tests/dist/adversarial/attributableTelemetry.test.js:467:39
      at Array.map (<anonymous>)
      at retainAll (file:///private/var/folders/gy/fgcsxyg95yxdym1qs1tvkzj80000gp/T/erl2-negative-control-kjbPvx/tree/tests/dist/adversarial/attributableTelemetry.test.js:467:22)
      at retain (file:///private/var/folders/gy/fgcsxyg95yxdym1qs1tvkzj80000gp/T/erl2-negative-control-kjbPvx/tree/tests/dist/adversarial/attributableTelemetry.test.js:477:12)
      at assertDemoted (file:///private/var/folders/gy/fgcsxyg95yxdym1qs1tvkzj80000gp/T/erl2-negative-control-kjbPvx/tree/tests/dist/adversarial/attributableTelemetry.test.js:481:25)
      at TestContext.<anonymous> (file:///private/var/folders/gy/fgcsxyg95yxdym1qs1tvkzj80000gp/T/erl2-negative-control-kjbPvx/tree/tests/dist/adversarial/attributableTelemetry.test.js:574:5)
      at Test.runInAsyncScope (node:async_hooks:226:14)
      at Test.run (node:internal/test_runner/test:1382:25)
      at Test.processPendingSubtests (node:internal/test_runner/test:960:18) {
    code: 'TEARDOWN_FAILED',
    owner: 'lab',
    detail: undefined,
    [cause]: Error [CanonicalizationError]: string is not NFC
        at canonicalString (file:///private/var/folders/gy/fgcsxyg95yxdym1qs1tvkzj80000gp/T/erl2-negative-control-kjbPvx/tree/packages/integrity/dist/src/canonical/jcs.js:48:15)
        at canonicalize (file:///private/var/folders/gy/fgcsxyg95yxdym1qs1tvkzj80000gp/T/erl2-negative-control-kjbPvx/tree/packages/integrity/dist/src/canonical/jcs.js:124:20)
        at file:///private/var/folders/gy/fgcsxyg95yxdym1qs1tvkzj80000gp/T/erl2-negative-control-kjbPvx/tree/packages/integrity/dist/src/canonical/jcs.js:148:66
        at Array.map (<anonymous>)
        at canonicalize (file:///private/var/folders/gy/fgcsxyg95yxdym1qs1tvkzj80000gp/T/erl2-negative-control-kjbPvx/tree/packages/integrity/dist/src/canonical/jcs.js:148:26)
        at file:///private/var/folders/gy/fgcsxyg95yxdym1qs1tvkzj80000gp/T/erl2-negative-control-kjbPvx/tree/packages/integrity/dist/src/canonical/jcs.js:148:66
        at Array.map (<anonymous>)
        at canonicalize (file:///private/var/folders/gy/fgcsxyg95yxdym1qs1tvkzj80000gp/T/erl2-negative-control-kjbPvx/tree/packages/integrity/dist/src/canonical/jcs.js:148:26)
        at jcs (file:///private/var/folders/gy/fgcsxyg95yxdym1qs1tvkzj80000gp/T/erl2-negative-control-kjbPvx/tree/packages/integrity/dist/src/canonical/jcs.js:153:12)
        at jcsBytes (file:///private/var/folders/gy/fgcsxyg95yxdym1qs1tvkzj80000gp/T/erl2-negative-control-kjbPvx/tree/packages/integrity/dist/src/canonical/jcs.js:157:24)
  }
