✔ COMPOSE-ADV: an unqualified lock never reaches a substrate (18.331083ms)
✔ COMPOSE-ADV: a lock whose amd64 slot holds an arm64 manifest is refused (5.202791ms)
✔ COMPOSE-ADV: a lock pinning an EXTRA service is refused (2.173917ms)
✔ COMPOSE-ADV: a lock MISSING one of the subset's images is refused (1.659042ms)
✔ COMPOSE-ADV: a changed applied configuration file is refused before provisioning (1.707042ms)
✔ COMPOSE-ADV: every discovery is an exact run-scoped name or label value (17.493ms)
✔ COMPOSE-ADV: a broad cleanup selector is refused by construction (0.152916ms)
✔ COMPOSE-ADV: a foreign object wearing this run's project label stops the teardown (9.101291ms)
✔ COMPOSE-ADV: a compensation that reverts nothing is receipted as failed (10.495916ms)
✔ COMPOSE-ADV: a mutation the substrate did not apply is receipted as failed (6.4705ms)
✔ COMPOSE-ADV: a teardown Compose reports as clean is re-inspected (3.459292ms)
✔ COMPOSE-ADV: a failed `compose pull` refuses before anything is created (1.651125ms)
✔ COMPOSE-ADV: a partial provision is reported partial, with everything created (2.615459ms)
✔ COMPOSE-ADV: a stored receipt is not adopted once the substrate contradicts it (3.76075ms)
✔ COMPOSE-ADV: an expected container name running an image the lock does not pin is refused (10.419542ms)
✔ COMPOSE-ADV: an expected container name whose image cannot be resolved at all is refused (4.59175ms)
✔ COMPOSE-ADV: an expected container carrying another run's run_id label is refused (5.6365ms)
✔ COMPOSE-ADV: an expected container carrying a foreign driver_id label is refused (3.937333ms)
✔ COMPOSE-ADV: an expected container carrying a foreign Compose project label is refused (3.575958ms)
✔ COMPOSE-ADV: an expected container MISSING an ownership label is refused (3.742291ms)
✔ COMPOSE-ADV: two unproven containers are two inventory entries, not one (2.7015ms)
✔ COMPOSE-ADV: the baseline observation records what Docker said, not what the lock says (3.536916ms)
✔ COMPOSE-ADV: an activation observed on an unproven container is not this run's mutation (3.087625ms)
﹣ COMPOSE-ADV: the RENDERED configuration publishes one loopback port and nothing else (0.026375ms) # RENDERED TOPOLOGY UNPROVEN: the extracted upstream configuration is absent (environments/otel-demo/upstream/extracted-1bf3ef8fbaffc049/.env, environments/otel-demo/upstream/extracted-1bf3ef8fbaffc049/compose.yaml); `environments/otel-demo/upstream/` is git-ignored, so a fresh checkout does not carry it — run `node scripts/qualify-otel-demo.mjs --fetch-only` to materialise it
✔ COMPOSE-ADV: the substrate identity changes when the daemon does (2.176667ms)
✔ COMPOSE-ADV: telemetry the collector received is observed with the lines its counts derive from (2.594125ms)
✖ COMPOSE-ADV: a collector that is not provably this run's yields an absent observation, not a zero (2.779709ms)
✔ COMPOSE-ADV: a collector whose logs cannot be read is absent for a different, named reason (2.322416ms)
✔ COMPOSE-ADV: a verified collector that received nothing this run is observed, honestly, as zero (2.298583ms)
ℹ tests 29
ℹ suites 0
ℹ pass 27
ℹ fail 1
ℹ cancelled 0
ℹ skipped 1
ℹ todo 0
ℹ duration_ms 516.261167

✖ failing tests:

test at tests/dist/adversarial/composeSubstrate.test.js:722:1
✖ COMPOSE-ADV: a collector that is not provably this run's yields an absent observation, not a zero (2.779709ms)
  AssertionError [ERR_ASSERTION]: Expected values to be strictly equal:
  + actual - expected
  
  + 'observed'
  - 'absent'
  
      at TestContext.<anonymous> (file:///private/var/folders/gy/fgcsxyg95yxdym1qs1tvkzj80000gp/T/erl2-negative-control-kjbPvx/tree/tests/dist/adversarial/composeSubstrate.test.js:731:12)
      at Test.runInAsyncScope (node:async_hooks:226:14)
      at Test.run (node:internal/test_runner/test:1382:25)
      at Test.processPendingSubtests (node:internal/test_runner/test:960:18)
      at Test.postRun (node:internal/test_runner/test:1522:19)
      at Test.run (node:internal/test_runner/test:1447:12)
      at async Test.processPendingSubtests (node:internal/test_runner/test:960:7) {
    generatedMessage: true,
    code: 'ERR_ASSERTION',
    actual: 'observed',
    expected: 'absent',
    operator: 'strictEqual',
    diff: 'simple'
  }
