✔ ATTR-TELEM: parsing the excerpt reproduces the counts of the full log (1.335125ms)
✔ ATTR-TELEM: two markers on one line count as two run-attributed records (0.082458ms)
✔ ATTR-TELEM: service names are deduplicated and sorted (0.058667ms)
✔ ATTR-TELEM-CONTRACT: a valid observed record and a valid absent record both validate (5.914333ms)
✔ ATTR-TELEM-CONTRACT: an absent record cannot carry a count, an excerpt or a collector (0.744417ms)
✔ ATTR-TELEM-CONTRACT: an observed record without its excerpt, or over an unverified collector, is unrepresentable (0.432584ms)
✔ ATTR-TELEM: the declaration predicate needs the driver, the source and the exercising step together (0.081208ms)
✔ ATTR-TELEM: an undeclared run passes the gate with no observation at all (0.062125ms)
✔ ATTR-TELEM: a declared run with no observation fails the gate (0.05425ms)
✔ ATTR-TELEM: a declared run with an absent observation fails the gate (0.096ms)
✔ ATTR-TELEM: a declared run with zero run-attributed records fails the gate (0.09575ms)
✔ ATTR-TELEM: another run's observation, a foreign marker, or a second observation fails the gate (0.151625ms)
✔ ATTR-TELEM: the fake driver does not offer the capability (0.055041ms)
✔ ATTR-TELEM-VERIFY: a consistent declared observation derives observed and attributed (1.763209ms)
✔ ATTR-TELEM-VERIFY: a declared run that retains no observation is refused (0.725292ms)
✔ ATTR-TELEM-VERIFY: an undeclared run with no observation derives nothing and refuses nothing (1.902041ms)
✔ ATTR-TELEM-VERIFY: an absent observation where declared is refused (1.319167ms)
✔ ATTR-TELEM-VERIFY: a declared observation with zero run-attributed records is refused (0.985583ms)
✔ ATTR-TELEM-VERIFY: counts that contradict the retained excerpt are refused (0.935792ms)
✔ ATTR-TELEM-VERIFY: an excerpt padded with non-contributing lines is refused (0.877208ms)
✔ ATTR-TELEM-VERIFY: another run's observation, a foreign marker, or a wrong producing event is refused (2.629959ms)
✔ ATTR-TELEM-VERIFY: a second retained observation is refused rather than silently ignored (1.107292ms)
✔ ATTR-TELEM-VERIFY: an ambiguous driver manifest or archetype is refused before anything is derived (1.763167ms)
✔ ATTR-TELEM-VERIFY: an observed record whose excerpt the index never validated is still refused (0.926916ms)
✔ ATTR-TELEM-RETAIN: ordinary collector material freezes as observed and passes the gate (22.273208ms)
✔ ATTR-TELEM-RETAIN: a re-entered retention reads what it wrote instead of observing again (16.444042ms)
✔ ATTR-TELEM-RETAIN: an excerpt past the retention bound demotes rather than truncating (17.690708ms)
✖ ATTR-TELEM-RETAIN: an excerpt the canonicalizer refuses demotes rather than throwing (1.131666ms)
✔ ATTR-TELEM-RETAIN: more distinct service names than the contract retains demotes (15.719125ms)
✔ ATTR-TELEM-RETAIN: a service name past the contract's length bound demotes (16.8525ms)
✔ ATTR-TELEM-RETAIN: a service name the canonicalizer refuses demotes (31.826333ms)
✔ ATTR-TELEM-RETAIN: a count the canonicalizer cannot represent demotes (16.257542ms)
✔ ATTR-TELEM-RETAIN: a count outside the contract's range demotes (15.982209ms)
✔ ATTR-TELEM-RETAIN: a collector service id the contract refuses demotes (15.743583ms)
✔ ATTR-TELEM-RETAIN: more observed repo digests than the contract retains demotes (14.975333ms)
✔ ATTR-TELEM-RETAIN: a collector identity string past its bound demotes (16.024958ms)
✔ ATTR-TELEM-RETAIN: a collector identity string the canonicalizer refuses demotes (17.187625ms)
✔ ATTR-TELEM-RETAIN: a driver's own absent material is retained with the driver's reason (13.87075ms)
✔ ATTR-TELEM-RETAIN: a retention failure nothing anticipated still leaves as a routable teardown failure (0.999666ms)
✔ ATTR-TELEM-RETAIN: a demoted observation is refused offline, not quietly accepted (18.613292ms)
✔ ATTR-TELEM-E2E: a fake-driver run declares nothing, retains nothing, and still verifies offline (19721.579917ms)
ℹ tests 41
ℹ suites 0
ℹ pass 40
ℹ fail 1
ℹ cancelled 0
ℹ skipped 0
ℹ todo 0
ℹ duration_ms 20231.162208

✖ failing tests:

test at tests/dist/adversarial/attributableTelemetry.test.js:515:1
✖ ATTR-TELEM-RETAIN: an excerpt the canonicalizer refuses demotes rather than throwing (1.131666ms)
  Error [Erl2Error]: the attributable-telemetry observation could not be retained (UNCLASSIFIED): string is not NFC
      at retainAttributableTelemetryObservation (file:///private/var/folders/gy/fgcsxyg95yxdym1qs1tvkzj80000gp/T/erl2-negative-control-kjbPvx/tree/packages/core/dist/src/environment/telemetryObservation.js:272:15)
      at file:///private/var/folders/gy/fgcsxyg95yxdym1qs1tvkzj80000gp/T/erl2-negative-control-kjbPvx/tree/tests/dist/adversarial/attributableTelemetry.test.js:467:39
      at Array.map (<anonymous>)
      at retainAll (file:///private/var/folders/gy/fgcsxyg95yxdym1qs1tvkzj80000gp/T/erl2-negative-control-kjbPvx/tree/tests/dist/adversarial/attributableTelemetry.test.js:467:22)
      at retain (file:///private/var/folders/gy/fgcsxyg95yxdym1qs1tvkzj80000gp/T/erl2-negative-control-kjbPvx/tree/tests/dist/adversarial/attributableTelemetry.test.js:477:12)
      at TestContext.<anonymous> (file:///private/var/folders/gy/fgcsxyg95yxdym1qs1tvkzj80000gp/T/erl2-negative-control-kjbPvx/tree/tests/dist/adversarial/attributableTelemetry.test.js:528:25)
      at Test.runInAsyncScope (node:async_hooks:226:14)
      at Test.run (node:internal/test_runner/test:1382:25)
      at Test.processPendingSubtests (node:internal/test_runner/test:960:18)
      at Test.postRun (node:internal/test_runner/test:1522:19) {
    code: 'TEARDOWN_FAILED',
    owner: 'lab',
    detail: undefined,
    [cause]: Error [CanonicalizationError]: string is not NFC
        at canonicalString (file:///private/var/folders/gy/fgcsxyg95yxdym1qs1tvkzj80000gp/T/erl2-negative-control-kjbPvx/tree/packages/integrity/dist/src/canonical/jcs.js:48:15)
        at canonicalize (file:///private/var/folders/gy/fgcsxyg95yxdym1qs1tvkzj80000gp/T/erl2-negative-control-kjbPvx/tree/packages/integrity/dist/src/canonical/jcs.js:124:20)
        at file:///private/var/folders/gy/fgcsxyg95yxdym1qs1tvkzj80000gp/T/erl2-negative-control-kjbPvx/tree/packages/integrity/dist/src/canonical/jcs.js:148:66
        at Array.map (<anonymous>)
        at canonicalize (file:///private/var/folders/gy/fgcsxyg95yxdym1qs1tvkzj80000gp/T/erl2-negative-control-kjbPvx/tree/packages/integrity/dist/src/canonical/jcs.js:148:26)
        at jcs (file:///private/var/folders/gy/fgcsxyg95yxdym1qs1tvkzj80000gp/T/erl2-negative-control-kjbPvx/tree/packages/integrity/dist/src/canonical/jcs.js:153:12)
        at jcsBytes (file:///private/var/folders/gy/fgcsxyg95yxdym1qs1tvkzj80000gp/T/erl2-negative-control-kjbPvx/tree/packages/integrity/dist/src/canonical/jcs.js:157:24)
        at coreHash (file:///private/var/folders/gy/fgcsxyg95yxdym1qs1tvkzj80000gp/T/erl2-negative-control-kjbPvx/tree/packages/integrity/dist/src/hash/hash.js:95:22)
        at retainObservation (file:///private/var/folders/gy/fgcsxyg95yxdym1qs1tvkzj80000gp/T/erl2-negative-control-kjbPvx/tree/packages/core/dist/src/environment/telemetryObservation.js:314:100)
        at retainAttributableTelemetryObservation (file:///private/var/folders/gy/fgcsxyg95yxdym1qs1tvkzj80000gp/T/erl2-negative-control-kjbPvx/tree/packages/core/dist/src/environment/telemetryObservation.js:256:16)
  }
