✔ ATTR-TELEM: parsing the excerpt reproduces the counts of the full log (1.118ms)
✔ ATTR-TELEM: two markers on one line count as two run-attributed records (0.062833ms)
✔ ATTR-TELEM: service names are deduplicated and sorted (0.051917ms)
✔ ATTR-TELEM-CONTRACT: a valid observed record and a valid absent record both validate (5.471958ms)
✔ ATTR-TELEM-CONTRACT: an absent record cannot carry a count, an excerpt or a collector (0.561667ms)
✔ ATTR-TELEM-CONTRACT: an observed record without its excerpt, or over an unverified collector, is unrepresentable (0.3575ms)
✔ ATTR-TELEM: the declaration predicate needs the driver, the source and the exercising step together (0.073959ms)
✔ ATTR-TELEM: an undeclared run passes the gate with no observation at all (0.057375ms)
✔ ATTR-TELEM: a declared run with no observation fails the gate (0.054416ms)
✔ ATTR-TELEM: a declared run with an absent observation fails the gate (0.092458ms)
✔ ATTR-TELEM: a declared run with zero run-attributed records fails the gate (0.096875ms)
✔ ATTR-TELEM: another run's observation, a foreign marker, or a second observation fails the gate (0.154833ms)
✔ ATTR-TELEM: the fake driver does not offer the capability (0.044166ms)
✔ ATTR-TELEM-VERIFY: a consistent declared observation derives observed and attributed (1.626042ms)
✔ ATTR-TELEM-VERIFY: a declared run that retains no observation is refused (0.702583ms)
✔ ATTR-TELEM-VERIFY: an undeclared run with no observation derives nothing and refuses nothing (2.142458ms)
✔ ATTR-TELEM-VERIFY: an absent observation where declared is refused (0.801791ms)
✔ ATTR-TELEM-VERIFY: a declared observation with zero run-attributed records is refused (0.803833ms)
✔ ATTR-TELEM-VERIFY: counts that contradict the retained excerpt are refused (0.800542ms)
✔ ATTR-TELEM-VERIFY: an excerpt padded with non-contributing lines is refused (0.773042ms)
✔ ATTR-TELEM-VERIFY: another run's observation, a foreign marker, or a wrong producing event is refused (2.114167ms)
✔ ATTR-TELEM-VERIFY: a second retained observation is refused rather than silently ignored (1.01125ms)
✔ ATTR-TELEM-VERIFY: an ambiguous driver manifest or archetype is refused before anything is derived (1.554875ms)
✔ ATTR-TELEM-VERIFY: an observed record whose excerpt the index never validated is still refused (0.85525ms)
✔ ATTR-TELEM-RETAIN: ordinary collector material freezes as observed and passes the gate (19.292042ms)
✔ ATTR-TELEM-RETAIN: a re-entered retention reads what it wrote instead of observing again (15.579542ms)
✔ ATTR-TELEM-RETAIN: an excerpt past the retention bound demotes rather than truncating (16.282375ms)
✔ ATTR-TELEM-RETAIN: an excerpt the canonicalizer refuses demotes rather than throwing (13.740083ms)
✔ ATTR-TELEM-RETAIN: more distinct service names than the contract retains demotes (13.183459ms)
✔ ATTR-TELEM-RETAIN: a service name past the contract's length bound demotes (12.9035ms)
✔ ATTR-TELEM-RETAIN: a service name the canonicalizer refuses demotes (25.907375ms)
✔ ATTR-TELEM-RETAIN: a count the canonicalizer cannot represent demotes (13.084166ms)
✔ ATTR-TELEM-RETAIN: a count outside the contract's range demotes (13.006583ms)
✔ ATTR-TELEM-RETAIN: a collector service id the contract refuses demotes (12.847458ms)
✔ ATTR-TELEM-RETAIN: more observed repo digests than the contract retains demotes (13.88675ms)
✔ ATTR-TELEM-RETAIN: a collector identity string past its bound demotes (14.20825ms)
✔ ATTR-TELEM-RETAIN: a collector identity string the canonicalizer refuses demotes (15.166125ms)
✔ ATTR-TELEM-RETAIN: a driver's own absent material is retained with the driver's reason (13.724583ms)
✖ ATTR-TELEM-RETAIN: a retention failure nothing anticipated still leaves as a routable teardown failure (1.222875ms)
✔ ATTR-TELEM-RETAIN: a demoted observation is refused offline, not quietly accepted (15.049083ms)
✔ ATTR-TELEM-E2E: a fake-driver run declares nothing, retains nothing, and still verifies offline (18837.891042ms)
ℹ tests 41
ℹ suites 0
ℹ pass 40
ℹ fail 1
ℹ cancelled 0
ℹ skipped 0
ℹ todo 0
ℹ duration_ms 19299.4545

✖ failing tests:

test at tests/dist/adversarial/attributableTelemetry.test.js:585:1
✖ ATTR-TELEM-RETAIN: a retention failure nothing anticipated still leaves as a routable teardown failure (1.222875ms)
  AssertionError [ERR_ASSERTION]: The validation function is expected to return "true". Received false
  
  Caught error:
  
  CanonicalizationError: string is not NFC
      at TestContext.<anonymous> (file:///private/var/folders/gy/fgcsxyg95yxdym1qs1tvkzj80000gp/T/erl2-negative-control-kjbPvx/tree/tests/dist/adversarial/attributableTelemetry.test.js:599:16)
      at Test.runInAsyncScope (node:async_hooks:226:14)
      at Test.run (node:internal/test_runner/test:1382:25)
      at Test.processPendingSubtests (node:internal/test_runner/test:960:18)
      at Test.postRun (node:internal/test_runner/test:1522:19)
      at Test.run (node:internal/test_runner/test:1447:12)
      at async Test.processPendingSubtests (node:internal/test_runner/test:960:7) {
    generatedMessage: true,
    code: 'ERR_ASSERTION',
    actual: CanonicalizationError: string is not NFC
        at canonicalString (file:///private/var/folders/gy/fgcsxyg95yxdym1qs1tvkzj80000gp/T/erl2-negative-control-kjbPvx/tree/packages/integrity/dist/src/canonical/jcs.js:48:15)
        at canonicalize (file:///private/var/folders/gy/fgcsxyg95yxdym1qs1tvkzj80000gp/T/erl2-negative-control-kjbPvx/tree/packages/integrity/dist/src/canonical/jcs.js:124:20)
        at file:///private/var/folders/gy/fgcsxyg95yxdym1qs1tvkzj80000gp/T/erl2-negative-control-kjbPvx/tree/packages/integrity/dist/src/canonical/jcs.js:148:66
        at Array.map (<anonymous>)
        at canonicalize (file:///private/var/folders/gy/fgcsxyg95yxdym1qs1tvkzj80000gp/T/erl2-negative-control-kjbPvx/tree/packages/integrity/dist/src/canonical/jcs.js:148:26)
        at jcs (file:///private/var/folders/gy/fgcsxyg95yxdym1qs1tvkzj80000gp/T/erl2-negative-control-kjbPvx/tree/packages/integrity/dist/src/canonical/jcs.js:153:12)
        at jcsBytes (file:///private/var/folders/gy/fgcsxyg95yxdym1qs1tvkzj80000gp/T/erl2-negative-control-kjbPvx/tree/packages/integrity/dist/src/canonical/jcs.js:157:24)
        at coreHash (file:///private/var/folders/gy/fgcsxyg95yxdym1qs1tvkzj80000gp/T/erl2-negative-control-kjbPvx/tree/packages/integrity/dist/src/hash/hash.js:95:22)
        at retainObservation (file:///private/var/folders/gy/fgcsxyg95yxdym1qs1tvkzj80000gp/T/erl2-negative-control-kjbPvx/tree/packages/core/dist/src/environment/telemetryObservation.js:314:100)
        at retainAttributableTelemetryObservation (file:///private/var/folders/gy/fgcsxyg95yxdym1qs1tvkzj80000gp/T/erl2-negative-control-kjbPvx/tree/packages/core/dist/src/environment/telemetryObservation.js:256:16),
    operator: 'throws',
    diff: 'simple'
  }
