✔ ATTR-TELEM: parsing the excerpt reproduces the counts of the full log (1.133625ms)
✔ ATTR-TELEM: two markers on one line count as two run-attributed records (0.062417ms)
✔ ATTR-TELEM: service names are deduplicated and sorted (0.052208ms)
✔ ATTR-TELEM-CONTRACT: a valid observed record and a valid absent record both validate (4.350334ms)
✔ ATTR-TELEM-CONTRACT: an absent record cannot carry a count, an excerpt or a collector (0.590959ms)
✔ ATTR-TELEM-CONTRACT: an observed record without its excerpt, or over an unverified collector, is unrepresentable (0.432333ms)
✔ ATTR-TELEM: the declaration predicate needs the driver, the source and the exercising step together (0.085958ms)
✔ ATTR-TELEM: an undeclared run passes the gate with no observation at all (0.06375ms)
✔ ATTR-TELEM: a declared run with no observation fails the gate (0.050916ms)
✔ ATTR-TELEM: a declared run with an absent observation fails the gate (0.096ms)
✔ ATTR-TELEM: a declared run with zero run-attributed records fails the gate (0.093334ms)
✔ ATTR-TELEM: another run's observation, a foreign marker, or a second observation fails the gate (0.159667ms)
✔ ATTR-TELEM: the fake driver does not offer the capability (0.047958ms)
✔ ATTR-TELEM-VERIFY: a consistent declared observation derives observed and attributed (1.633167ms)
✔ ATTR-TELEM-VERIFY: a declared run that retains no observation is refused (0.685209ms)
✔ ATTR-TELEM-VERIFY: an undeclared run with no observation derives nothing and refuses nothing (1.714084ms)
✔ ATTR-TELEM-VERIFY: an absent observation where declared is refused (0.815166ms)
✔ ATTR-TELEM-VERIFY: a declared observation with zero run-attributed records is refused (0.954334ms)
✔ ATTR-TELEM-VERIFY: counts that contradict the retained excerpt are refused (0.794542ms)
✔ ATTR-TELEM-VERIFY: an excerpt padded with non-contributing lines is refused (0.777708ms)
✔ ATTR-TELEM-VERIFY: another run's observation, a foreign marker, or a wrong producing event is refused (2.064209ms)
✔ ATTR-TELEM-VERIFY: a second retained observation is refused rather than silently ignored (1.634709ms)
✔ ATTR-TELEM-VERIFY: an ambiguous driver manifest or archetype is refused before anything is derived (1.709917ms)
✔ ATTR-TELEM-VERIFY: an observed record whose excerpt the index never validated is still refused (0.894917ms)
✔ ATTR-TELEM-RETAIN: ordinary collector material freezes as observed and passes the gate (18.295666ms)
✔ ATTR-TELEM-RETAIN: a re-entered retention reads what it wrote instead of observing again (12.9835ms)
✔ ATTR-TELEM-RETAIN: an excerpt past the retention bound demotes rather than truncating (18.72575ms)
✔ ATTR-TELEM-RETAIN: an excerpt the canonicalizer refuses demotes rather than throwing (14.805791ms)
✔ ATTR-TELEM-RETAIN: more distinct service names than the contract retains demotes (13.219541ms)
✔ ATTR-TELEM-RETAIN: a service name past the contract's length bound demotes (13.040958ms)
✔ ATTR-TELEM-RETAIN: a service name the canonicalizer refuses demotes (26.728375ms)
✔ ATTR-TELEM-RETAIN: a count the canonicalizer cannot represent demotes (16.511167ms)
✔ ATTR-TELEM-RETAIN: a count outside the contract's range demotes (15.6425ms)
✔ ATTR-TELEM-RETAIN: a collector service id the contract refuses demotes (15.873375ms)
✖ ATTR-TELEM-RETAIN: more observed repo digests than the contract retains demotes (1.322167ms)
✔ ATTR-TELEM-RETAIN: a collector identity string past its bound demotes (15.489333ms)
✔ ATTR-TELEM-RETAIN: a collector identity string the canonicalizer refuses demotes (16.245ms)
✔ ATTR-TELEM-RETAIN: a driver's own absent material is retained with the driver's reason (15.872917ms)
✔ ATTR-TELEM-RETAIN: a retention failure nothing anticipated still leaves as a routable teardown failure (1.54425ms)
✔ ATTR-TELEM-RETAIN: a demoted observation is refused offline, not quietly accepted (18.002125ms)
✔ ATTR-TELEM-E2E: a fake-driver run declares nothing, retains nothing, and still verifies offline (19427.967791ms)
ℹ tests 41
ℹ suites 0
ℹ pass 40
ℹ fail 1
ℹ cancelled 0
ℹ skipped 0
ℹ todo 0
ℹ duration_ms 19898.032458

✖ failing tests:

test at tests/dist/adversarial/attributableTelemetry.test.js:563:1
✖ ATTR-TELEM-RETAIN: more observed repo digests than the contract retains demotes (1.322167ms)
  Error [Erl2Error]: the attributable-telemetry observation could not be retained (SCHEMA_VALIDATION_FAILED): AttributableTelemetryObservationV1 failed validation at /collector/observed_image_repo_digests: must NOT have more than 16 items
      at retainAttributableTelemetryObservation (file:///private/var/folders/gy/fgcsxyg95yxdym1qs1tvkzj80000gp/T/erl2-negative-control-kjbPvx/tree/packages/core/dist/src/environment/telemetryObservation.js:272:15)
      at file:///private/var/folders/gy/fgcsxyg95yxdym1qs1tvkzj80000gp/T/erl2-negative-control-kjbPvx/tree/tests/dist/adversarial/attributableTelemetry.test.js:467:39
      ... 5 lines matching cause stack trace ...
      at Test.runInAsyncScope (node:async_hooks:226:14)
      at Test.run (node:internal/test_runner/test:1382:25)
      at Test.processPendingSubtests (node:internal/test_runner/test:960:18) {
    code: 'TEARDOWN_FAILED',
    owner: 'lab',
    detail: undefined,
    [cause]: Error [Erl2Error]: AttributableTelemetryObservationV1 failed validation at /collector/observed_image_repo_digests: must NOT have more than 16 items
        at assertContract (file:///private/var/folders/gy/fgcsxyg95yxdym1qs1tvkzj80000gp/T/erl2-negative-control-kjbPvx/tree/packages/contracts/dist/src/validate.js:124:15)
        at retainObservation (file:///private/var/folders/gy/fgcsxyg95yxdym1qs1tvkzj80000gp/T/erl2-negative-control-kjbPvx/tree/packages/core/dist/src/environment/telemetryObservation.js:314:25)
        at retainAttributableTelemetryObservation (file:///private/var/folders/gy/fgcsxyg95yxdym1qs1tvkzj80000gp/T/erl2-negative-control-kjbPvx/tree/packages/core/dist/src/environment/telemetryObservation.js:256:16)
        at file:///private/var/folders/gy/fgcsxyg95yxdym1qs1tvkzj80000gp/T/erl2-negative-control-kjbPvx/tree/tests/dist/adversarial/attributableTelemetry.test.js:467:39
        at Array.map (<anonymous>)
        at retainAll (file:///private/var/folders/gy/fgcsxyg95yxdym1qs1tvkzj80000gp/T/erl2-negative-control-kjbPvx/tree/tests/dist/adversarial/attributableTelemetry.test.js:467:22)
        at retain (file:///private/var/folders/gy/fgcsxyg95yxdym1qs1tvkzj80000gp/T/erl2-negative-control-kjbPvx/tree/tests/dist/adversarial/attributableTelemetry.test.js:477:12)
        at assertDemoted (file:///private/var/folders/gy/fgcsxyg95yxdym1qs1tvkzj80000gp/T/erl2-negative-control-kjbPvx/tree/tests/dist/adversarial/attributableTelemetry.test.js:481:25)
        at TestContext.<anonymous> (file:///private/var/folders/gy/fgcsxyg95yxdym1qs1tvkzj80000gp/T/erl2-negative-control-kjbPvx/tree/tests/dist/adversarial/attributableTelemetry.test.js:564:5)
        at Test.runInAsyncScope (node:async_hooks:226:14) {
      code: 'SCHEMA_VALIDATION_FAILED',
      owner: 'lab',
      detail: '[{"instancePath":"/collector/observed_image_repo_digests","keyword":"maxItems","message":"must NOT have more than 16 items"}]'
    }
  }
