✔ ATTR-TELEM: parsing the excerpt reproduces the counts of the full log (1.083792ms)
✔ ATTR-TELEM: two markers on one line count as two run-attributed records (0.06025ms)
✔ ATTR-TELEM: service names are deduplicated and sorted (0.047792ms)
✔ ATTR-TELEM-CONTRACT: a valid observed record and a valid absent record both validate (4.240333ms)
✔ ATTR-TELEM-CONTRACT: an absent record cannot carry a count, an excerpt or a collector (0.513833ms)
✔ ATTR-TELEM-CONTRACT: an observed record without its excerpt, or over an unverified collector, is unrepresentable (0.34325ms)
✔ ATTR-TELEM: the declaration predicate needs the driver, the source and the exercising step together (0.075458ms)
✔ ATTR-TELEM: an undeclared run passes the gate with no observation at all (0.056375ms)
✔ ATTR-TELEM: a declared run with no observation fails the gate (0.051292ms)
✔ ATTR-TELEM: a declared run with an absent observation fails the gate (0.089542ms)
✔ ATTR-TELEM: a declared run with zero run-attributed records fails the gate (0.091333ms)
✔ ATTR-TELEM: another run's observation, a foreign marker, or a second observation fails the gate (0.1525ms)
✔ ATTR-TELEM: the fake driver does not offer the capability (0.043208ms)
✔ ATTR-TELEM-VERIFY: a consistent declared observation derives observed and attributed (1.613541ms)
✔ ATTR-TELEM-VERIFY: a declared run that retains no observation is refused (0.69175ms)
✔ ATTR-TELEM-VERIFY: an undeclared run with no observation derives nothing and refuses nothing (1.749334ms)
✔ ATTR-TELEM-VERIFY: an absent observation where declared is refused (0.736208ms)
✖ ATTR-TELEM-VERIFY: a declared observation with zero run-attributed records is refused (1.247667ms)
✔ ATTR-TELEM-VERIFY: counts that contradict the retained excerpt are refused (0.777917ms)
✔ ATTR-TELEM-VERIFY: an excerpt padded with non-contributing lines is refused (0.791125ms)
✔ ATTR-TELEM-VERIFY: another run's observation, a foreign marker, or a wrong producing event is refused (2.110667ms)
✔ ATTR-TELEM-VERIFY: a second retained observation is refused rather than silently ignored (0.992ms)
✔ ATTR-TELEM-VERIFY: an ambiguous driver manifest or archetype is refused before anything is derived (1.440417ms)
✔ ATTR-TELEM-VERIFY: an observed record whose excerpt the index never validated is still refused (0.801ms)
✔ ATTR-TELEM-RETAIN: ordinary collector material freezes as observed and passes the gate (20.151792ms)
✔ ATTR-TELEM-RETAIN: a re-entered retention reads what it wrote instead of observing again (14.94225ms)
✔ ATTR-TELEM-RETAIN: an excerpt past the retention bound demotes rather than truncating (17.166125ms)
✔ ATTR-TELEM-RETAIN: an excerpt the canonicalizer refuses demotes rather than throwing (12.948625ms)
✔ ATTR-TELEM-RETAIN: more distinct service names than the contract retains demotes (12.700916ms)
✔ ATTR-TELEM-RETAIN: a service name past the contract's length bound demotes (13.928083ms)
✔ ATTR-TELEM-RETAIN: a service name the canonicalizer refuses demotes (28.187333ms)
✔ ATTR-TELEM-RETAIN: a count the canonicalizer cannot represent demotes (13.8595ms)
✔ ATTR-TELEM-RETAIN: a count outside the contract's range demotes (15.001125ms)
✔ ATTR-TELEM-RETAIN: a collector service id the contract refuses demotes (15.156208ms)
✔ ATTR-TELEM-RETAIN: more observed repo digests than the contract retains demotes (13.964209ms)
✔ ATTR-TELEM-RETAIN: a collector identity string past its bound demotes (14.811333ms)
✔ ATTR-TELEM-RETAIN: a collector identity string the canonicalizer refuses demotes (15.125584ms)
✔ ATTR-TELEM-RETAIN: a driver's own absent material is retained with the driver's reason (16.194916ms)
✔ ATTR-TELEM-RETAIN: a retention failure nothing anticipated still leaves as a routable teardown failure (0.969209ms)
✔ ATTR-TELEM-RETAIN: a demoted observation is refused offline, not quietly accepted (15.86875ms)
✔ ATTR-TELEM-E2E: a fake-driver run declares nothing, retains nothing, and still verifies offline (18613.259667ms)
ℹ tests 41
ℹ suites 0
ℹ pass 40
ℹ fail 1
ℹ cancelled 0
ℹ skipped 0
ℹ todo 0
ℹ duration_ms 19076.424166

✖ failing tests:

test at tests/dist/adversarial/attributableTelemetry.test.js:353:1
✖ ATTR-TELEM-VERIFY: a declared observation with zero run-attributed records is refused (1.247667ms)
  AssertionError [ERR_ASSERTION]: Expected values to be strictly equal:
  + actual - expected
  
  + undefined
  - 'ENV_TELEMETRY_NOT_ATTRIBUTED'
  
      at TestContext.<anonymous> (file:///private/var/folders/gy/fgcsxyg95yxdym1qs1tvkzj80000gp/T/erl2-negative-control-kjbPvx/tree/tests/dist/adversarial/attributableTelemetry.test.js:365:12)
      at Test.runInAsyncScope (node:async_hooks:226:14)
      at Test.run (node:internal/test_runner/test:1382:25)
      at Test.processPendingSubtests (node:internal/test_runner/test:960:18)
      at Test.postRun (node:internal/test_runner/test:1522:19)
      at Test.run (node:internal/test_runner/test:1447:12)
      at async Test.processPendingSubtests (node:internal/test_runner/test:960:7) {
    generatedMessage: true,
    code: 'ERR_ASSERTION',
    actual: undefined,
    expected: 'ENV_TELEMETRY_NOT_ATTRIBUTED',
    operator: 'strictEqual',
    diff: 'simple'
  }
