✔ ATTR-TELEM: parsing the excerpt reproduces the counts of the full log (1.124625ms)
✔ ATTR-TELEM: two markers on one line count as two run-attributed records (0.061958ms)
✔ ATTR-TELEM: service names are deduplicated and sorted (0.050833ms)
✔ ATTR-TELEM-CONTRACT: a valid observed record and a valid absent record both validate (4.178625ms)
✔ ATTR-TELEM-CONTRACT: an absent record cannot carry a count, an excerpt or a collector (0.493375ms)
✔ ATTR-TELEM-CONTRACT: an observed record without its excerpt, or over an unverified collector, is unrepresentable (0.332792ms)
✔ ATTR-TELEM: the declaration predicate needs the driver, the source and the exercising step together (0.076334ms)
✔ ATTR-TELEM: an undeclared run passes the gate with no observation at all (0.058916ms)
✔ ATTR-TELEM: a declared run with no observation fails the gate (0.0525ms)
✔ ATTR-TELEM: a declared run with an absent observation fails the gate (0.089375ms)
✔ ATTR-TELEM: a declared run with zero run-attributed records fails the gate (0.094792ms)
✔ ATTR-TELEM: another run's observation, a foreign marker, or a second observation fails the gate (0.1545ms)
✔ ATTR-TELEM: the fake driver does not offer the capability (0.044125ms)
✔ ATTR-TELEM-VERIFY: a consistent declared observation derives observed and attributed (1.600709ms)
✔ ATTR-TELEM-VERIFY: a declared run that retains no observation is refused (0.701041ms)
✔ ATTR-TELEM-VERIFY: an undeclared run with no observation derives nothing and refuses nothing (1.746917ms)
✔ ATTR-TELEM-VERIFY: an absent observation where declared is refused (0.723ms)
✔ ATTR-TELEM-VERIFY: a declared observation with zero run-attributed records is refused (0.786125ms)
✔ ATTR-TELEM-VERIFY: counts that contradict the retained excerpt are refused (1.190083ms)
✖ ATTR-TELEM-VERIFY: an excerpt padded with non-contributing lines is refused (1.285584ms)
✔ ATTR-TELEM-VERIFY: another run's observation, a foreign marker, or a wrong producing event is refused (2.218083ms)
✔ ATTR-TELEM-VERIFY: a second retained observation is refused rather than silently ignored (0.928625ms)
✔ ATTR-TELEM-VERIFY: an ambiguous driver manifest or archetype is refused before anything is derived (1.586708ms)
✔ ATTR-TELEM-VERIFY: an observed record whose excerpt the index never validated is still refused (0.842ms)
✔ ATTR-TELEM-RETAIN: ordinary collector material freezes as observed and passes the gate (19.2985ms)
✔ ATTR-TELEM-RETAIN: a re-entered retention reads what it wrote instead of observing again (13.064083ms)
✔ ATTR-TELEM-RETAIN: an excerpt past the retention bound demotes rather than truncating (14.683125ms)
✔ ATTR-TELEM-RETAIN: an excerpt the canonicalizer refuses demotes rather than throwing (12.850792ms)
✔ ATTR-TELEM-RETAIN: more distinct service names than the contract retains demotes (13.235875ms)
✔ ATTR-TELEM-RETAIN: a service name past the contract's length bound demotes (12.891542ms)
✔ ATTR-TELEM-RETAIN: a service name the canonicalizer refuses demotes (25.892792ms)
✔ ATTR-TELEM-RETAIN: a count the canonicalizer cannot represent demotes (32.66775ms)
✔ ATTR-TELEM-RETAIN: a count outside the contract's range demotes (16.730291ms)
✔ ATTR-TELEM-RETAIN: a collector service id the contract refuses demotes (24.0105ms)
✔ ATTR-TELEM-RETAIN: more observed repo digests than the contract retains demotes (67.546791ms)
✔ ATTR-TELEM-RETAIN: a collector identity string past its bound demotes (32.538ms)
✔ ATTR-TELEM-RETAIN: a collector identity string the canonicalizer refuses demotes (19.280041ms)
✔ ATTR-TELEM-RETAIN: a driver's own absent material is retained with the driver's reason (15.752083ms)
✔ ATTR-TELEM-RETAIN: a retention failure nothing anticipated still leaves as a routable teardown failure (1.272875ms)
✔ ATTR-TELEM-RETAIN: a demoted observation is refused offline, not quietly accepted (16.822792ms)
✔ ATTR-TELEM-E2E: a fake-driver run declares nothing, retains nothing, and still verifies offline (20149.52425ms)
ℹ tests 41
ℹ suites 0
ℹ pass 40
ℹ fail 1
ℹ cancelled 0
ℹ skipped 0
ℹ todo 0
ℹ duration_ms 20723.977958

✖ failing tests:

test at tests/dist/adversarial/attributableTelemetry.test.js:374:1
✖ ATTR-TELEM-VERIFY: an excerpt padded with non-contributing lines is refused (1.285584ms)
  AssertionError [ERR_ASSERTION]: Expected values to be strictly equal:
  + actual - expected
  
  + undefined
  - 'ENV_TELEMETRY_OBSERVATION_MISMATCH'
  
      at TestContext.<anonymous> (file:///private/var/folders/gy/fgcsxyg95yxdym1qs1tvkzj80000gp/T/erl2-negative-control-kjbPvx/tree/tests/dist/adversarial/attributableTelemetry.test.js:380:12)
      at Test.runInAsyncScope (node:async_hooks:226:14)
      at Test.run (node:internal/test_runner/test:1382:25)
      at Test.processPendingSubtests (node:internal/test_runner/test:960:18)
      at Test.postRun (node:internal/test_runner/test:1522:19)
      at Test.run (node:internal/test_runner/test:1447:12)
      at async Test.processPendingSubtests (node:internal/test_runner/test:960:7) {
    generatedMessage: true,
    code: 'ERR_ASSERTION',
    actual: undefined,
    expected: 'ENV_TELEMETRY_OBSERVATION_MISMATCH',
    operator: 'strictEqual',
    diff: 'simple'
  }
