✔ ATTR-TELEM: parsing the excerpt reproduces the counts of the full log (1.090875ms)
✔ ATTR-TELEM: two markers on one line count as two run-attributed records (0.061583ms)
✔ ATTR-TELEM: service names are deduplicated and sorted (0.049958ms)
✔ ATTR-TELEM-CONTRACT: a valid observed record and a valid absent record both validate (4.024208ms)
✔ ATTR-TELEM-CONTRACT: an absent record cannot carry a count, an excerpt or a collector (0.4745ms)
✔ ATTR-TELEM-CONTRACT: an observed record without its excerpt, or over an unverified collector, is unrepresentable (0.323667ms)
✔ ATTR-TELEM: the declaration predicate needs the driver, the source and the exercising step together (0.068959ms)
✔ ATTR-TELEM: an undeclared run passes the gate with no observation at all (0.057334ms)
✔ ATTR-TELEM: a declared run with no observation fails the gate (0.051584ms)
✔ ATTR-TELEM: a declared run with an absent observation fails the gate (0.088875ms)
✔ ATTR-TELEM: a declared run with zero run-attributed records fails the gate (0.092208ms)
✔ ATTR-TELEM: another run's observation, a foreign marker, or a second observation fails the gate (0.151791ms)
✔ ATTR-TELEM: the fake driver does not offer the capability (0.042875ms)
✔ ATTR-TELEM-VERIFY: a consistent declared observation derives observed and attributed (1.558ms)
✔ ATTR-TELEM-VERIFY: a declared run that retains no observation is refused (0.683417ms)
✔ ATTR-TELEM-VERIFY: an undeclared run with no observation derives nothing and refuses nothing (1.690125ms)
✔ ATTR-TELEM-VERIFY: an absent observation where declared is refused (0.723834ms)
✔ ATTR-TELEM-VERIFY: a declared observation with zero run-attributed records is refused (0.744208ms)
✔ ATTR-TELEM-VERIFY: counts that contradict the retained excerpt are refused (1.0705ms)
✔ ATTR-TELEM-VERIFY: an excerpt padded with non-contributing lines is refused (0.832875ms)
✔ ATTR-TELEM-VERIFY: another run's observation, a foreign marker, or a wrong producing event is refused (2.264125ms)
✔ ATTR-TELEM-VERIFY: a second retained observation is refused rather than silently ignored (1.008666ms)
✔ ATTR-TELEM-VERIFY: an ambiguous driver manifest or archetype is refused before anything is derived (1.636ms)
✔ ATTR-TELEM-VERIFY: an observed record whose excerpt the index never validated is still refused (0.795875ms)
✔ ATTR-TELEM-RETAIN: ordinary collector material freezes as observed and passes the gate (20.343166ms)
✖ ATTR-TELEM-RETAIN: a re-entered retention reads what it wrote instead of observing again (14.579125ms)
✔ ATTR-TELEM-RETAIN: an excerpt past the retention bound demotes rather than truncating (15.2575ms)
✔ ATTR-TELEM-RETAIN: an excerpt the canonicalizer refuses demotes rather than throwing (14.079041ms)
✔ ATTR-TELEM-RETAIN: more distinct service names than the contract retains demotes (12.938416ms)
✔ ATTR-TELEM-RETAIN: a service name past the contract's length bound demotes (12.913417ms)
✔ ATTR-TELEM-RETAIN: a service name the canonicalizer refuses demotes (25.602625ms)
✔ ATTR-TELEM-RETAIN: a count the canonicalizer cannot represent demotes (13.482125ms)
✔ ATTR-TELEM-RETAIN: a count outside the contract's range demotes (12.916ms)
✔ ATTR-TELEM-RETAIN: a collector service id the contract refuses demotes (12.912ms)
✔ ATTR-TELEM-RETAIN: more observed repo digests than the contract retains demotes (13.001583ms)
✔ ATTR-TELEM-RETAIN: a collector identity string past its bound demotes (13.165833ms)
✔ ATTR-TELEM-RETAIN: a collector identity string the canonicalizer refuses demotes (12.783833ms)
✔ ATTR-TELEM-RETAIN: a driver's own absent material is retained with the driver's reason (15.6215ms)
✔ ATTR-TELEM-RETAIN: a retention failure nothing anticipated still leaves as a routable teardown failure (0.832209ms)
✔ ATTR-TELEM-RETAIN: a demoted observation is refused offline, not quietly accepted (16.813833ms)
✔ ATTR-TELEM-E2E: a fake-driver run declares nothing, retains nothing, and still verifies offline (18492.926708ms)
ℹ tests 41
ℹ suites 0
ℹ pass 40
ℹ fail 1
ℹ cancelled 0
ℹ skipped 0
ℹ todo 0
ℹ duration_ms 18958.925958

✖ failing tests:

test at tests/dist/adversarial/attributableTelemetry.test.js:495:1
✖ ATTR-TELEM-RETAIN: a re-entered retention reads what it wrote instead of observing again (14.579125ms)
  Error [Erl2Error]: the attributable-telemetry observation could not be retained (ARTIFACT_ALREADY_FROZEN): artifact retained/environment/attributable-telemetry-observation.json is frozen with different bytes
      at retainAttributableTelemetryObservation (file:///private/var/folders/gy/fgcsxyg95yxdym1qs1tvkzj80000gp/T/erl2-negative-control-kjbPvx/tree/packages/core/dist/src/environment/telemetryObservation.js:272:15)
      at file:///private/var/folders/gy/fgcsxyg95yxdym1qs1tvkzj80000gp/T/erl2-negative-control-kjbPvx/tree/tests/dist/adversarial/attributableTelemetry.test.js:467:39
      ... 4 lines matching cause stack trace ...
      at Test.run (node:internal/test_runner/test:1382:25)
      at Test.processPendingSubtests (node:internal/test_runner/test:960:18)
      at Test.postRun (node:internal/test_runner/test:1522:19)
      at Test.run (node:internal/test_runner/test:1447:12) {
    code: 'TEARDOWN_FAILED',
    owner: 'lab',
    detail: undefined,
    [cause]: Error [Erl2Error]: artifact retained/environment/attributable-telemetry-observation.json is frozen with different bytes
        at ArtifactStore.freeze (file:///private/var/folders/gy/fgcsxyg95yxdym1qs1tvkzj80000gp/T/erl2-negative-control-kjbPvx/tree/packages/integrity/dist/src/artifacts/store.js:70:27)
        at ArtifactStore.freezeJson (file:///private/var/folders/gy/fgcsxyg95yxdym1qs1tvkzj80000gp/T/erl2-negative-control-kjbPvx/tree/packages/integrity/dist/src/artifacts/store.js:140:21)
        at retainObservation (file:///private/var/folders/gy/fgcsxyg95yxdym1qs1tvkzj80000gp/T/erl2-negative-control-kjbPvx/tree/packages/core/dist/src/environment/telemetryObservation.js:315:17)
        at retainAttributableTelemetryObservation (file:///private/var/folders/gy/fgcsxyg95yxdym1qs1tvkzj80000gp/T/erl2-negative-control-kjbPvx/tree/packages/core/dist/src/environment/telemetryObservation.js:256:16)
        at file:///private/var/folders/gy/fgcsxyg95yxdym1qs1tvkzj80000gp/T/erl2-negative-control-kjbPvx/tree/tests/dist/adversarial/attributableTelemetry.test.js:467:39
        at Array.map (<anonymous>)
        at retainAll (file:///private/var/folders/gy/fgcsxyg95yxdym1qs1tvkzj80000gp/T/erl2-negative-control-kjbPvx/tree/tests/dist/adversarial/attributableTelemetry.test.js:467:22)
        at TestContext.<anonymous> (file:///private/var/folders/gy/fgcsxyg95yxdym1qs1tvkzj80000gp/T/erl2-negative-control-kjbPvx/tree/tests/dist/adversarial/attributableTelemetry.test.js:504:29)
        at Test.runInAsyncScope (node:async_hooks:226:14)
        at Test.run (node:internal/test_runner/test:1382:25) {
      code: 'ARTIFACT_ALREADY_FROZEN',
      owner: 'lab',
      detail: undefined
    }
  }
