✔ ATTR-TELEM: parsing the excerpt reproduces the counts of the full log (1.188334ms)
✔ ATTR-TELEM: two markers on one line count as two run-attributed records (0.165333ms)
✔ ATTR-TELEM: service names are deduplicated and sorted (0.098167ms)
✔ ATTR-TELEM-CONTRACT: a valid observed record and a valid absent record both validate (4.459375ms)
✔ ATTR-TELEM-CONTRACT: an absent record cannot carry a count, an excerpt or a collector (0.546333ms)
✔ ATTR-TELEM-CONTRACT: an observed record without its excerpt, or over an unverified collector, is unrepresentable (0.355125ms)
✔ ATTR-TELEM: the declaration predicate needs the driver, the source and the exercising step together (0.076334ms)
✔ ATTR-TELEM: an undeclared run passes the gate with no observation at all (0.061209ms)
✔ ATTR-TELEM: a declared run with no observation fails the gate (0.051917ms)
✔ ATTR-TELEM: a declared run with an absent observation fails the gate (0.09125ms)
✔ ATTR-TELEM: a declared run with zero run-attributed records fails the gate (0.092584ms)
✔ ATTR-TELEM: another run's observation, a foreign marker, or a second observation fails the gate (0.161125ms)
✔ ATTR-TELEM: the fake driver does not offer the capability (0.0455ms)
✔ ATTR-TELEM-VERIFY: a consistent declared observation derives observed and attributed (1.704375ms)
✔ ATTR-TELEM-VERIFY: a declared run that retains no observation is refused (0.731208ms)
✔ ATTR-TELEM-VERIFY: an undeclared run with no observation derives nothing and refuses nothing (1.916166ms)
✔ ATTR-TELEM-VERIFY: an absent observation where declared is refused (0.87425ms)
✔ ATTR-TELEM-VERIFY: a declared observation with zero run-attributed records is refused (0.868833ms)
✔ ATTR-TELEM-VERIFY: counts that contradict the retained excerpt are refused (0.818292ms)
✔ ATTR-TELEM-VERIFY: an excerpt padded with non-contributing lines is refused (0.795083ms)
✔ ATTR-TELEM-VERIFY: another run's observation, a foreign marker, or a wrong producing event is refused (2.892875ms)
✔ ATTR-TELEM-VERIFY: a second retained observation is refused rather than silently ignored (1.163542ms)
✔ ATTR-TELEM-VERIFY: an ambiguous driver manifest or archetype is refused before anything is derived (1.58125ms)
✔ ATTR-TELEM-VERIFY: an observed record whose excerpt the index never validated is still refused (0.722791ms)
✔ ATTR-TELEM-RETAIN: ordinary collector material freezes as observed and passes the gate (27.575ms)
✔ ATTR-TELEM-RETAIN: a re-entered retention reads what it wrote instead of observing again (15.504209ms)
✔ ATTR-TELEM-RETAIN: an excerpt past the retention bound demotes rather than truncating (15.634916ms)
✔ ATTR-TELEM-RETAIN: an excerpt the canonicalizer refuses demotes rather than throwing (13.816292ms)
✔ ATTR-TELEM-RETAIN: more distinct service names than the contract retains demotes (12.996208ms)
✔ ATTR-TELEM-RETAIN: a service name past the contract's length bound demotes (13.0295ms)
✖ ATTR-TELEM-RETAIN: a service name the canonicalizer refuses demotes (0.467125ms)
✔ ATTR-TELEM-RETAIN: a count the canonicalizer cannot represent demotes (12.566875ms)
✔ ATTR-TELEM-RETAIN: a count outside the contract's range demotes (13.85525ms)
✔ ATTR-TELEM-RETAIN: a collector service id the contract refuses demotes (13.888459ms)
✔ ATTR-TELEM-RETAIN: more observed repo digests than the contract retains demotes (14.278916ms)
✔ ATTR-TELEM-RETAIN: a collector identity string past its bound demotes (15.986042ms)
✔ ATTR-TELEM-RETAIN: a collector identity string the canonicalizer refuses demotes (15.13825ms)
✔ ATTR-TELEM-RETAIN: a driver's own absent material is retained with the driver's reason (15.577667ms)
✔ ATTR-TELEM-RETAIN: a retention failure nothing anticipated still leaves as a routable teardown failure (1.33825ms)
✖ ATTR-TELEM-RETAIN: a demoted observation is refused offline, not quietly accepted (0.54575ms)
✔ ATTR-TELEM-E2E: a fake-driver run declares nothing, retains nothing, and still verifies offline (19482.626916ms)
ℹ tests 41
ℹ suites 0
ℹ pass 39
ℹ fail 2
ℹ cancelled 0
ℹ skipped 0
ℹ todo 0
ℹ duration_ms 19926.2325

✖ failing tests:

test at tests/dist/adversarial/attributableTelemetry.test.js:542:1
✖ ATTR-TELEM-RETAIN: a service name the canonicalizer refuses demotes (0.467125ms)
  Error [Erl2Error]: the attributable-telemetry observation could not be retained (UNCLASSIFIED): string is not NFC
      at retainAttributableTelemetryObservation (file:///private/var/folders/gy/fgcsxyg95yxdym1qs1tvkzj80000gp/T/erl2-negative-control-kjbPvx/tree/packages/core/dist/src/environment/telemetryObservation.js:272:15)
      at file:///private/var/folders/gy/fgcsxyg95yxdym1qs1tvkzj80000gp/T/erl2-negative-control-kjbPvx/tree/tests/dist/adversarial/attributableTelemetry.test.js:467:39
      at Array.map (<anonymous>)
      at retainAll (file:///private/var/folders/gy/fgcsxyg95yxdym1qs1tvkzj80000gp/T/erl2-negative-control-kjbPvx/tree/tests/dist/adversarial/attributableTelemetry.test.js:467:22)
      at retain (file:///private/var/folders/gy/fgcsxyg95yxdym1qs1tvkzj80000gp/T/erl2-negative-control-kjbPvx/tree/tests/dist/adversarial/attributableTelemetry.test.js:477:12)
      at assertDemoted (file:///private/var/folders/gy/fgcsxyg95yxdym1qs1tvkzj80000gp/T/erl2-negative-control-kjbPvx/tree/tests/dist/adversarial/attributableTelemetry.test.js:481:25)
      at TestContext.<anonymous> (file:///private/var/folders/gy/fgcsxyg95yxdym1qs1tvkzj80000gp/T/erl2-negative-control-kjbPvx/tree/tests/dist/adversarial/attributableTelemetry.test.js:546:5)
      at Test.runInAsyncScope (node:async_hooks:226:14)
      at Test.run (node:internal/test_runner/test:1382:25)
      at Test.processPendingSubtests (node:internal/test_runner/test:960:18) {
    code: 'TEARDOWN_FAILED',
    owner: 'lab',
    detail: undefined,
    [cause]: Error [CanonicalizationError]: string is not NFC
        at canonicalString (file:///private/var/folders/gy/fgcsxyg95yxdym1qs1tvkzj80000gp/T/erl2-negative-control-kjbPvx/tree/packages/integrity/dist/src/canonical/jcs.js:48:15)
        at canonicalize (file:///private/var/folders/gy/fgcsxyg95yxdym1qs1tvkzj80000gp/T/erl2-negative-control-kjbPvx/tree/packages/integrity/dist/src/canonical/jcs.js:124:20)
        at file:///private/var/folders/gy/fgcsxyg95yxdym1qs1tvkzj80000gp/T/erl2-negative-control-kjbPvx/tree/packages/integrity/dist/src/canonical/jcs.js:136:37
        at Array.map (<anonymous>)
        at canonicalize (file:///private/var/folders/gy/fgcsxyg95yxdym1qs1tvkzj80000gp/T/erl2-negative-control-kjbPvx/tree/packages/integrity/dist/src/canonical/jcs.js:136:26)
        at file:///private/var/folders/gy/fgcsxyg95yxdym1qs1tvkzj80000gp/T/erl2-negative-control-kjbPvx/tree/packages/integrity/dist/src/canonical/jcs.js:148:66
        at Array.map (<anonymous>)
        at canonicalize (file:///private/var/folders/gy/fgcsxyg95yxdym1qs1tvkzj80000gp/T/erl2-negative-control-kjbPvx/tree/packages/integrity/dist/src/canonical/jcs.js:148:26)
        at jcs (file:///private/var/folders/gy/fgcsxyg95yxdym1qs1tvkzj80000gp/T/erl2-negative-control-kjbPvx/tree/packages/integrity/dist/src/canonical/jcs.js:153:12)
        at jcsBytes (file:///private/var/folders/gy/fgcsxyg95yxdym1qs1tvkzj80000gp/T/erl2-negative-control-kjbPvx/tree/packages/integrity/dist/src/canonical/jcs.js:157:24)
  }

test at tests/dist/adversarial/attributableTelemetry.test.js:610:1
✖ ATTR-TELEM-RETAIN: a demoted observation is refused offline, not quietly accepted (0.54575ms)
  Error [Erl2Error]: the attributable-telemetry observation could not be retained (UNCLASSIFIED): string is not NFC
      at retainAttributableTelemetryObservation (file:///private/var/folders/gy/fgcsxyg95yxdym1qs1tvkzj80000gp/T/erl2-negative-control-kjbPvx/tree/packages/core/dist/src/environment/telemetryObservation.js:272:15)
      at file:///private/var/folders/gy/fgcsxyg95yxdym1qs1tvkzj80000gp/T/erl2-negative-control-kjbPvx/tree/tests/dist/adversarial/attributableTelemetry.test.js:467:39
      at Array.map (<anonymous>)
      at retainAll (file:///private/var/folders/gy/fgcsxyg95yxdym1qs1tvkzj80000gp/T/erl2-negative-control-kjbPvx/tree/tests/dist/adversarial/attributableTelemetry.test.js:467:22)
      at retain (file:///private/var/folders/gy/fgcsxyg95yxdym1qs1tvkzj80000gp/T/erl2-negative-control-kjbPvx/tree/tests/dist/adversarial/attributableTelemetry.test.js:477:12)
      at TestContext.<anonymous> (file:///private/var/folders/gy/fgcsxyg95yxdym1qs1tvkzj80000gp/T/erl2-negative-control-kjbPvx/tree/tests/dist/adversarial/attributableTelemetry.test.js:614:25)
      at Test.runInAsyncScope (node:async_hooks:226:14)
      at Test.run (node:internal/test_runner/test:1382:25)
      at Test.processPendingSubtests (node:internal/test_runner/test:960:18)
      at Test.postRun (node:internal/test_runner/test:1522:19) {
    code: 'TEARDOWN_FAILED',
    owner: 'lab',
    detail: undefined,
    [cause]: Error [CanonicalizationError]: string is not NFC
        at canonicalString (file:///private/var/folders/gy/fgcsxyg95yxdym1qs1tvkzj80000gp/T/erl2-negative-control-kjbPvx/tree/packages/integrity/dist/src/canonical/jcs.js:48:15)
        at canonicalize (file:///private/var/folders/gy/fgcsxyg95yxdym1qs1tvkzj80000gp/T/erl2-negative-control-kjbPvx/tree/packages/integrity/dist/src/canonical/jcs.js:124:20)
        at file:///private/var/folders/gy/fgcsxyg95yxdym1qs1tvkzj80000gp/T/erl2-negative-control-kjbPvx/tree/packages/integrity/dist/src/canonical/jcs.js:136:37
        at Array.map (<anonymous>)
        at canonicalize (file:///private/var/folders/gy/fgcsxyg95yxdym1qs1tvkzj80000gp/T/erl2-negative-control-kjbPvx/tree/packages/integrity/dist/src/canonical/jcs.js:136:26)
        at file:///private/var/folders/gy/fgcsxyg95yxdym1qs1tvkzj80000gp/T/erl2-negative-control-kjbPvx/tree/packages/integrity/dist/src/canonical/jcs.js:148:66
        at Array.map (<anonymous>)
        at canonicalize (file:///private/var/folders/gy/fgcsxyg95yxdym1qs1tvkzj80000gp/T/erl2-negative-control-kjbPvx/tree/packages/integrity/dist/src/canonical/jcs.js:148:26)
        at jcs (file:///private/var/folders/gy/fgcsxyg95yxdym1qs1tvkzj80000gp/T/erl2-negative-control-kjbPvx/tree/packages/integrity/dist/src/canonical/jcs.js:153:12)
        at jcsBytes (file:///private/var/folders/gy/fgcsxyg95yxdym1qs1tvkzj80000gp/T/erl2-negative-control-kjbPvx/tree/packages/integrity/dist/src/canonical/jcs.js:157:24)
  }
