✔ ATTR-TELEM: parsing the excerpt reproduces the counts of the full log (1.083208ms)
✔ ATTR-TELEM: two markers on one line count as two run-attributed records (0.060916ms)
✔ ATTR-TELEM: service names are deduplicated and sorted (0.05025ms)
✔ ATTR-TELEM-CONTRACT: a valid observed record and a valid absent record both validate (4.142084ms)
✔ ATTR-TELEM-CONTRACT: an absent record cannot carry a count, an excerpt or a collector (0.48525ms)
✔ ATTR-TELEM-CONTRACT: an observed record without its excerpt, or over an unverified collector, is unrepresentable (0.328ms)
✔ ATTR-TELEM: the declaration predicate needs the driver, the source and the exercising step together (0.070958ms)
✔ ATTR-TELEM: an undeclared run passes the gate with no observation at all (0.056917ms)
✔ ATTR-TELEM: a declared run with no observation fails the gate (0.052ms)
✔ ATTR-TELEM: a declared run with an absent observation fails the gate (0.089333ms)
✔ ATTR-TELEM: a declared run with zero run-attributed records fails the gate (0.093958ms)
✔ ATTR-TELEM: another run's observation, a foreign marker, or a second observation fails the gate (0.156458ms)
✔ ATTR-TELEM: the fake driver does not offer the capability (0.042542ms)
✔ ATTR-TELEM-VERIFY: a consistent declared observation derives observed and attributed (1.602958ms)
✔ ATTR-TELEM-VERIFY: a declared run that retains no observation is refused (0.704166ms)
✔ ATTR-TELEM-VERIFY: an undeclared run with no observation derives nothing and refuses nothing (2.028083ms)
✔ ATTR-TELEM-VERIFY: an absent observation where declared is refused (0.743916ms)
✔ ATTR-TELEM-VERIFY: a declared observation with zero run-attributed records is refused (0.896166ms)
✔ ATTR-TELEM-VERIFY: counts that contradict the retained excerpt are refused (0.784125ms)
✔ ATTR-TELEM-VERIFY: an excerpt padded with non-contributing lines is refused (0.769833ms)
✔ ATTR-TELEM-VERIFY: another run's observation, a foreign marker, or a wrong producing event is refused (2.426334ms)
✖ ATTR-TELEM-VERIFY: a second retained observation is refused rather than silently ignored (1.477125ms)
✔ ATTR-TELEM-VERIFY: an ambiguous driver manifest or archetype is refused before anything is derived (1.525833ms)
✔ ATTR-TELEM-VERIFY: an observed record whose excerpt the index never validated is still refused (0.696875ms)
✔ ATTR-TELEM-RETAIN: ordinary collector material freezes as observed and passes the gate (29.445166ms)
✔ ATTR-TELEM-RETAIN: a re-entered retention reads what it wrote instead of observing again (14.413167ms)
✔ ATTR-TELEM-RETAIN: an excerpt past the retention bound demotes rather than truncating (15.329333ms)
✔ ATTR-TELEM-RETAIN: an excerpt the canonicalizer refuses demotes rather than throwing (13.14475ms)
✔ ATTR-TELEM-RETAIN: more distinct service names than the contract retains demotes (13.047792ms)
✔ ATTR-TELEM-RETAIN: a service name past the contract's length bound demotes (13.8805ms)
✔ ATTR-TELEM-RETAIN: a service name the canonicalizer refuses demotes (27.021667ms)
✔ ATTR-TELEM-RETAIN: a count the canonicalizer cannot represent demotes (13.0525ms)
✔ ATTR-TELEM-RETAIN: a count outside the contract's range demotes (14.997042ms)
✔ ATTR-TELEM-RETAIN: a collector service id the contract refuses demotes (15.971166ms)
✔ ATTR-TELEM-RETAIN: more observed repo digests than the contract retains demotes (15.925583ms)
✔ ATTR-TELEM-RETAIN: a collector identity string past its bound demotes (16.160708ms)
✔ ATTR-TELEM-RETAIN: a collector identity string the canonicalizer refuses demotes (14.7395ms)
✔ ATTR-TELEM-RETAIN: a driver's own absent material is retained with the driver's reason (15.905334ms)
✔ ATTR-TELEM-RETAIN: a retention failure nothing anticipated still leaves as a routable teardown failure (1.255208ms)
✔ ATTR-TELEM-RETAIN: a demoted observation is refused offline, not quietly accepted (19.483041ms)
✔ ATTR-TELEM-E2E: a fake-driver run declares nothing, retains nothing, and still verifies offline (19781.868125ms)
ℹ tests 41
ℹ suites 0
ℹ pass 40
ℹ fail 1
ℹ cancelled 0
ℹ skipped 0
ℹ todo 0
ℹ duration_ms 20260.154167

✖ failing tests:

test at tests/dist/adversarial/attributableTelemetry.test.js:399:1
✖ ATTR-TELEM-VERIFY: a second retained observation is refused rather than silently ignored (1.477125ms)
  AssertionError [ERR_ASSERTION]: Expected values to be strictly equal:
  + actual - expected
  
  + undefined
  - 'ENV_TELEMETRY_OBSERVATION_MISMATCH'
  
      at TestContext.<anonymous> (file:///private/var/folders/gy/fgcsxyg95yxdym1qs1tvkzj80000gp/T/erl2-negative-control-kjbPvx/tree/tests/dist/adversarial/attributableTelemetry.test.js:405:12)
      at Test.runInAsyncScope (node:async_hooks:226:14)
      at Test.run (node:internal/test_runner/test:1382:25)
      at Test.processPendingSubtests (node:internal/test_runner/test:960:18)
      at Test.postRun (node:internal/test_runner/test:1522:19)
      at Test.run (node:internal/test_runner/test:1447:12)
      at async Test.processPendingSubtests (node:internal/test_runner/test:960:7) {
    generatedMessage: true,
    code: 'ERR_ASSERTION',
    actual: undefined,
    expected: 'ENV_TELEMETRY_OBSERVATION_MISMATCH',
    operator: 'strictEqual',
    diff: 'simple'
  }
