✔ ATTR-TELEM: parsing the excerpt reproduces the counts of the full log (1.212208ms)
✔ ATTR-TELEM: two markers on one line count as two run-attributed records (0.095417ms)
✔ ATTR-TELEM: service names are deduplicated and sorted (0.062167ms)
✔ ATTR-TELEM-CONTRACT: a valid observed record and a valid absent record both validate (5.812ms)
✔ ATTR-TELEM-CONTRACT: an absent record cannot carry a count, an excerpt or a collector (0.532958ms)
✔ ATTR-TELEM-CONTRACT: an observed record without its excerpt, or over an unverified collector, is unrepresentable (0.350125ms)
✔ ATTR-TELEM: the declaration predicate needs the driver, the source and the exercising step together (0.072625ms)
✔ ATTR-TELEM: an undeclared run passes the gate with no observation at all (0.061084ms)
✔ ATTR-TELEM: a declared run with no observation fails the gate (0.05175ms)
✔ ATTR-TELEM: a declared run with an absent observation fails the gate (0.088625ms)
✔ ATTR-TELEM: a declared run with zero run-attributed records fails the gate (0.088417ms)
✔ ATTR-TELEM: another run's observation, a foreign marker, or a second observation fails the gate (0.143375ms)
✔ ATTR-TELEM: the fake driver does not offer the capability (0.05025ms)
✔ ATTR-TELEM-VERIFY: a consistent declared observation derives observed and attributed (1.630209ms)
✔ ATTR-TELEM-VERIFY: a declared run that retains no observation is refused (0.676334ms)
✔ ATTR-TELEM-VERIFY: an undeclared run with no observation derives nothing and refuses nothing (1.984708ms)
✔ ATTR-TELEM-VERIFY: an absent observation where declared is refused (0.874042ms)
✔ ATTR-TELEM-VERIFY: a declared observation with zero run-attributed records is refused (0.865042ms)
✔ ATTR-TELEM-VERIFY: counts that contradict the retained excerpt are refused (0.972084ms)
✔ ATTR-TELEM-VERIFY: an excerpt padded with non-contributing lines is refused (1.021375ms)
✔ ATTR-TELEM-VERIFY: another run's observation, a foreign marker, or a wrong producing event is refused (3.020708ms)
✔ ATTR-TELEM-VERIFY: a second retained observation is refused rather than silently ignored (0.925ms)
✔ ATTR-TELEM-VERIFY: an ambiguous driver manifest or archetype is refused before anything is derived (2.246458ms)
✔ ATTR-TELEM-VERIFY: an observed record whose excerpt the index never validated is still refused (0.952875ms)
✔ ATTR-TELEM-RETAIN: ordinary collector material freezes as observed and passes the gate (21.968667ms)
✔ ATTR-TELEM-RETAIN: a re-entered retention reads what it wrote instead of observing again (16.076208ms)
✔ ATTR-TELEM-RETAIN: an excerpt past the retention bound demotes rather than truncating (17.599958ms)
✔ ATTR-TELEM-RETAIN: an excerpt the canonicalizer refuses demotes rather than throwing (13.294375ms)
✔ ATTR-TELEM-RETAIN: more distinct service names than the contract retains demotes (12.96925ms)
✔ ATTR-TELEM-RETAIN: a service name past the contract's length bound demotes (12.766666ms)
✔ ATTR-TELEM-RETAIN: a service name the canonicalizer refuses demotes (27.308209ms)
✔ ATTR-TELEM-RETAIN: a count the canonicalizer cannot represent demotes (12.80625ms)
✔ ATTR-TELEM-RETAIN: a count outside the contract's range demotes (13.784875ms)
✔ ATTR-TELEM-RETAIN: a collector service id the contract refuses demotes (12.993875ms)
✔ ATTR-TELEM-RETAIN: more observed repo digests than the contract retains demotes (13.235833ms)
✔ ATTR-TELEM-RETAIN: a collector identity string past its bound demotes (12.82525ms)
✔ ATTR-TELEM-RETAIN: a collector identity string the canonicalizer refuses demotes (13.915208ms)
✔ ATTR-TELEM-RETAIN: a driver's own absent material is retained with the driver's reason (13.869167ms)
✔ ATTR-TELEM-RETAIN: a retention failure nothing anticipated still leaves as a routable teardown failure (0.777958ms)
✔ ATTR-TELEM-RETAIN: a demoted observation is refused offline, not quietly accepted (14.979042ms)
✔ ATTR-TELEM-E2E: a fake-driver run declares nothing, retains nothing, and still verifies offline (19696.101375ms)
ℹ tests 41
ℹ suites 0
ℹ pass 41
ℹ fail 0
ℹ cancelled 0
ℹ skipped 0
ℹ todo 0
ℹ duration_ms 20184.675
