✔ ATTR-TELEM: parsing the excerpt reproduces the counts of the full log (1.118584ms)
✔ ATTR-TELEM: two markers on one line count as two run-attributed records (0.070916ms)
✔ ATTR-TELEM: service names are deduplicated and sorted (0.066084ms)
✔ ATTR-TELEM-CONTRACT: a valid observed record and a valid absent record both validate (5.800375ms)
✔ ATTR-TELEM-CONTRACT: an absent record cannot carry a count, an excerpt or a collector (0.524459ms)
✔ ATTR-TELEM-CONTRACT: an observed record without its excerpt, or over an unverified collector, is unrepresentable (0.342292ms)
✔ ATTR-TELEM: the declaration predicate needs the driver, the source and the exercising step together (0.071459ms)
✔ ATTR-TELEM: an undeclared run passes the gate with no observation at all (0.055958ms)
✔ ATTR-TELEM: a declared run with no observation fails the gate (0.048917ms)
✔ ATTR-TELEM: a declared run with an absent observation fails the gate (0.090375ms)
✔ ATTR-TELEM: a declared run with zero run-attributed records fails the gate (0.09125ms)
✔ ATTR-TELEM: another run's observation, a foreign marker, or a second observation fails the gate (0.149209ms)
✔ ATTR-TELEM: the fake driver does not offer the capability (0.042625ms)
✔ ATTR-TELEM-VERIFY: a consistent declared observation derives observed and attributed (1.852292ms)
✔ ATTR-TELEM-VERIFY: a declared run that retains no observation is refused (0.758583ms)
✔ ATTR-TELEM-VERIFY: an undeclared run with no observation derives nothing and refuses nothing (1.810083ms)
✔ ATTR-TELEM-VERIFY: an absent observation where declared is refused (1.028625ms)
✔ ATTR-TELEM-VERIFY: a declared observation with zero run-attributed records is refused (1.035709ms)
✔ ATTR-TELEM-VERIFY: counts that contradict the retained excerpt are refused (1.022875ms)
✔ ATTR-TELEM-VERIFY: an excerpt padded with non-contributing lines is refused (0.973292ms)
✔ ATTR-TELEM-VERIFY: another run's observation, a foreign marker, or a wrong producing event is refused (4.103833ms)
✔ ATTR-TELEM-VERIFY: a second retained observation is refused rather than silently ignored (0.950917ms)
✔ ATTR-TELEM-VERIFY: an ambiguous driver manifest or archetype is refused before anything is derived (1.425583ms)
✔ ATTR-TELEM-VERIFY: an observed record whose excerpt the index never validated is still refused (0.730875ms)
✔ ATTR-TELEM-RETAIN: ordinary collector material freezes as observed and passes the gate (18.724458ms)
✔ ATTR-TELEM-RETAIN: a re-entered retention reads what it wrote instead of observing again (16.678667ms)
✔ ATTR-TELEM-RETAIN: an excerpt past the retention bound demotes rather than truncating (16.174167ms)
✔ ATTR-TELEM-RETAIN: an excerpt the canonicalizer refuses demotes rather than throwing (13.035708ms)
✔ ATTR-TELEM-RETAIN: more distinct service names than the contract retains demotes (13.045667ms)
✔ ATTR-TELEM-RETAIN: a service name past the contract's length bound demotes (12.9585ms)
✔ ATTR-TELEM-RETAIN: a service name the canonicalizer refuses demotes (27.138875ms)
✖ ATTR-TELEM-RETAIN: a count the canonicalizer cannot represent demotes (0.87175ms)
✖ ATTR-TELEM-RETAIN: a count outside the contract's range demotes (0.409417ms)
✔ ATTR-TELEM-RETAIN: a collector service id the contract refuses demotes (14.456666ms)
✔ ATTR-TELEM-RETAIN: more observed repo digests than the contract retains demotes (12.94975ms)
✔ ATTR-TELEM-RETAIN: a collector identity string past its bound demotes (12.796417ms)
✔ ATTR-TELEM-RETAIN: a collector identity string the canonicalizer refuses demotes (15.15225ms)
✔ ATTR-TELEM-RETAIN: a driver's own absent material is retained with the driver's reason (13.028917ms)
✔ ATTR-TELEM-RETAIN: a retention failure nothing anticipated still leaves as a routable teardown failure (0.869333ms)
✔ ATTR-TELEM-RETAIN: a demoted observation is refused offline, not quietly accepted (15.498458ms)
✔ ATTR-TELEM-E2E: a fake-driver run declares nothing, retains nothing, and still verifies offline (20476.150709ms)
ℹ tests 41
ℹ suites 0
ℹ pass 39
ℹ fail 2
ℹ cancelled 0
ℹ skipped 0
ℹ todo 0
ℹ duration_ms 20936.178458

✖ failing tests:

test at tests/dist/adversarial/attributableTelemetry.test.js:549:1
✖ ATTR-TELEM-RETAIN: a count the canonicalizer cannot represent demotes (0.87175ms)
  Error [Erl2Error]: the attributable-telemetry observation could not be retained (UNCLASSIFIED): non-finite number rejected: Infinity
      at retainAttributableTelemetryObservation (file:///private/var/folders/gy/fgcsxyg95yxdym1qs1tvkzj80000gp/T/erl2-negative-control-kjbPvx/tree/packages/core/dist/src/environment/telemetryObservation.js:272:15)
      at file:///private/var/folders/gy/fgcsxyg95yxdym1qs1tvkzj80000gp/T/erl2-negative-control-kjbPvx/tree/tests/dist/adversarial/attributableTelemetry.test.js:467:39
      at Array.map (<anonymous>)
      at retainAll (file:///private/var/folders/gy/fgcsxyg95yxdym1qs1tvkzj80000gp/T/erl2-negative-control-kjbPvx/tree/tests/dist/adversarial/attributableTelemetry.test.js:467:22)
      at retain (file:///private/var/folders/gy/fgcsxyg95yxdym1qs1tvkzj80000gp/T/erl2-negative-control-kjbPvx/tree/tests/dist/adversarial/attributableTelemetry.test.js:477:12)
      at assertDemoted (file:///private/var/folders/gy/fgcsxyg95yxdym1qs1tvkzj80000gp/T/erl2-negative-control-kjbPvx/tree/tests/dist/adversarial/attributableTelemetry.test.js:481:25)
      at TestContext.<anonymous> (file:///private/var/folders/gy/fgcsxyg95yxdym1qs1tvkzj80000gp/T/erl2-negative-control-kjbPvx/tree/tests/dist/adversarial/attributableTelemetry.test.js:555:5)
      at Test.runInAsyncScope (node:async_hooks:226:14)
      at Test.run (node:internal/test_runner/test:1382:25)
      at Test.processPendingSubtests (node:internal/test_runner/test:960:18) {
    code: 'TEARDOWN_FAILED',
    owner: 'lab',
    detail: undefined,
    [cause]: Error [CanonicalizationError]: non-finite number rejected: Infinity
        at canonicalNumber (file:///private/var/folders/gy/fgcsxyg95yxdym1qs1tvkzj80000gp/T/erl2-negative-control-kjbPvx/tree/packages/integrity/dist/src/canonical/jcs.js:102:15)
        at canonicalize (file:///private/var/folders/gy/fgcsxyg95yxdym1qs1tvkzj80000gp/T/erl2-negative-control-kjbPvx/tree/packages/integrity/dist/src/canonical/jcs.js:122:20)
        at file:///private/var/folders/gy/fgcsxyg95yxdym1qs1tvkzj80000gp/T/erl2-negative-control-kjbPvx/tree/packages/integrity/dist/src/canonical/jcs.js:148:66
        at Array.map (<anonymous>)
        at canonicalize (file:///private/var/folders/gy/fgcsxyg95yxdym1qs1tvkzj80000gp/T/erl2-negative-control-kjbPvx/tree/packages/integrity/dist/src/canonical/jcs.js:148:26)
        at jcs (file:///private/var/folders/gy/fgcsxyg95yxdym1qs1tvkzj80000gp/T/erl2-negative-control-kjbPvx/tree/packages/integrity/dist/src/canonical/jcs.js:153:12)
        at jcsBytes (file:///private/var/folders/gy/fgcsxyg95yxdym1qs1tvkzj80000gp/T/erl2-negative-control-kjbPvx/tree/packages/integrity/dist/src/canonical/jcs.js:157:24)
        at coreHash (file:///private/var/folders/gy/fgcsxyg95yxdym1qs1tvkzj80000gp/T/erl2-negative-control-kjbPvx/tree/packages/integrity/dist/src/hash/hash.js:95:22)
        at retainObservation (file:///private/var/folders/gy/fgcsxyg95yxdym1qs1tvkzj80000gp/T/erl2-negative-control-kjbPvx/tree/packages/core/dist/src/environment/telemetryObservation.js:314:100)
        at retainAttributableTelemetryObservation (file:///private/var/folders/gy/fgcsxyg95yxdym1qs1tvkzj80000gp/T/erl2-negative-control-kjbPvx/tree/packages/core/dist/src/environment/telemetryObservation.js:256:16)
  }

test at tests/dist/adversarial/attributableTelemetry.test.js:557:1
✖ ATTR-TELEM-RETAIN: a count outside the contract's range demotes (0.409417ms)
  Error [Erl2Error]: the attributable-telemetry observation could not be retained (SCHEMA_VALIDATION_FAILED): AttributableTelemetryObservationV1 failed validation at /spans: must be <= 100000000
      at retainAttributableTelemetryObservation (file:///private/var/folders/gy/fgcsxyg95yxdym1qs1tvkzj80000gp/T/erl2-negative-control-kjbPvx/tree/packages/core/dist/src/environment/telemetryObservation.js:272:15)
      at file:///private/var/folders/gy/fgcsxyg95yxdym1qs1tvkzj80000gp/T/erl2-negative-control-kjbPvx/tree/tests/dist/adversarial/attributableTelemetry.test.js:467:39
      ... 5 lines matching cause stack trace ...
      at Test.runInAsyncScope (node:async_hooks:226:14)
      at Test.run (node:internal/test_runner/test:1382:25)
      at Test.processPendingSubtests (node:internal/test_runner/test:960:18) {
    code: 'TEARDOWN_FAILED',
    owner: 'lab',
    detail: undefined,
    [cause]: Error [Erl2Error]: AttributableTelemetryObservationV1 failed validation at /spans: must be <= 100000000
        at assertContract (file:///private/var/folders/gy/fgcsxyg95yxdym1qs1tvkzj80000gp/T/erl2-negative-control-kjbPvx/tree/packages/contracts/dist/src/validate.js:124:15)
        at retainObservation (file:///private/var/folders/gy/fgcsxyg95yxdym1qs1tvkzj80000gp/T/erl2-negative-control-kjbPvx/tree/packages/core/dist/src/environment/telemetryObservation.js:314:25)
        at retainAttributableTelemetryObservation (file:///private/var/folders/gy/fgcsxyg95yxdym1qs1tvkzj80000gp/T/erl2-negative-control-kjbPvx/tree/packages/core/dist/src/environment/telemetryObservation.js:256:16)
        at file:///private/var/folders/gy/fgcsxyg95yxdym1qs1tvkzj80000gp/T/erl2-negative-control-kjbPvx/tree/tests/dist/adversarial/attributableTelemetry.test.js:467:39
        at Array.map (<anonymous>)
        at retainAll (file:///private/var/folders/gy/fgcsxyg95yxdym1qs1tvkzj80000gp/T/erl2-negative-control-kjbPvx/tree/tests/dist/adversarial/attributableTelemetry.test.js:467:22)
        at retain (file:///private/var/folders/gy/fgcsxyg95yxdym1qs1tvkzj80000gp/T/erl2-negative-control-kjbPvx/tree/tests/dist/adversarial/attributableTelemetry.test.js:477:12)
        at assertDemoted (file:///private/var/folders/gy/fgcsxyg95yxdym1qs1tvkzj80000gp/T/erl2-negative-control-kjbPvx/tree/tests/dist/adversarial/attributableTelemetry.test.js:481:25)
        at TestContext.<anonymous> (file:///private/var/folders/gy/fgcsxyg95yxdym1qs1tvkzj80000gp/T/erl2-negative-control-kjbPvx/tree/tests/dist/adversarial/attributableTelemetry.test.js:558:5)
        at Test.runInAsyncScope (node:async_hooks:226:14) {
      code: 'SCHEMA_VALIDATION_FAILED',
      owner: 'lab',
      detail: '[{"instancePath":"/spans","keyword":"maximum","message":"must be <= 100000000"}]'
    }
  }
