✖ LOCAL-FIREWALL: every local type is rejected by every governed consumer contract (36.602333ms)
✔ LOCAL-FIREWALL: local schemas have no signer role, tier upgrade or governed alias (0.097125ms)
✔ LOCAL-FIREWALL: projection remains local output and cannot acquire a trusted role (1.184167ms)
ℹ tests 3
ℹ suites 0
ℹ pass 2
ℹ fail 1
ℹ cancelled 0
ℹ skipped 0
ℹ todo 0
ℹ duration_ms 238.661875

✖ failing tests:

test at tests/dist/adversarial/localObservationFirewall.test.js:30:1
✖ LOCAL-FIREWALL: every local type is rejected by every governed consumer contract (36.602333ms)
  AssertionError [ERR_ASSERTION]: local result entered terminal finalization through LabRunRecordV1
  
  true !== false
  
      at TestContext.<anonymous> (file:///private/var/folders/gy/fgcsxyg95yxdym1qs1tvkzj80000gp/T/erl2-negative-control-kjbPvx/tree/tests/dist/adversarial/localObservationFirewall.test.js:35:20)
      at Test.runInAsyncScope (node:async_hooks:226:14)
      at Test.run (node:internal/test_runner/test:1382:25)
      at Test.start (node:internal/test_runner/test:1242:17)
      at startSubtestAfterBootstrap (node:internal/test_runner/harness:387:17) {
    generatedMessage: false,
    code: 'ERR_ASSERTION',
    actual: true,
    expected: false,
    operator: 'strictEqual',
    diff: 'simple'
  }
