✔ VERIFIER-DERIVE: a real environment bundle verifies, and the derivations are reached (20962.743667ms)
✔ VERIFIER-DERIVE: a validity result that claims `valid` over a failed gate is refused (17306.867958ms)
✔ VERIFIER-DERIVE: a status that disagrees with its own gates is refused, on that ground alone (17374.460625ms)
✔ VERIFIER-DERIVE: a failed gate with no invalidity finding naming it is refused (17104.855958ms)
✔ VERIFIER-DERIVE: a valid result citing invalidity findings is refused (16515.954791ms)
✖ VERIFIER-DERIVE: a restoration `passed` that its own evidence contradicts is refused (17067.885667ms)
✔ VERIFIER-DERIVE: a restoration citing no compensation receipt is refused (16804.73125ms)
✔ VERIFIER-DERIVE: a teardown `passed` over non-empty residue is refused (16753.422125ms)
✔ VERIFIER-DERIVE: a teardown whose residue count and list disagree is refused (16924.880333ms)
✔ VERIFIER-DERIVE: a bundle whose lifecycle names no substrate binding is refused (17508.677958ms)
✔ VERIFIER-DERIVE: a binding naming another run is refused (16377.594375ms)
✔ VERIFIER-DERIVE: a cancellation claiming `not_required` over an environment is refused (5452.0065ms)
✔ VERIFIER-DERIVE: a cancellation closing over a pre-environment cleanup is refused (5377.70375ms)
ℹ tests 13
ℹ suites 0
ℹ pass 12
ℹ fail 1
ℹ cancelled 0
ℹ skipped 0
ℹ todo 0
ℹ duration_ms 202192.7205

✖ failing tests:

test at tests/dist/adversarial/environmentVerifierDerivation.test.js:122:1
✖ VERIFIER-DERIVE: a restoration `passed` that its own evidence contradicts is refused (17067.885667ms)
  AssertionError [ERR_ASSERTION]: Expected values to be strictly equal:
  + actual - expected
  
  + undefined
  - 'RESTORATION_FAILED'
  
      at TestContext.<anonymous> (file:///private/var/folders/gy/fgcsxyg95yxdym1qs1tvkzj80000gp/T/erl2-negative-control-kjbPvx/tree/tests/dist/adversarial/environmentVerifierDerivation.test.js:132:12)
      at Test.runInAsyncScope (node:async_hooks:226:14)
      at Test.run (node:internal/test_runner/test:1382:25)
      at Test.processPendingSubtests (node:internal/test_runner/test:960:18)
      at Test.postRun (node:internal/test_runner/test:1522:19)
      at Test.run (node:internal/test_runner/test:1447:12)
      at async Test.processPendingSubtests (node:internal/test_runner/test:960:7) {
    generatedMessage: true,
    code: 'ERR_ASSERTION',
    actual: undefined,
    expected: 'RESTORATION_FAILED',
    operator: 'strictEqual',
    diff: 'simple'
  }
