✔ WINDOW-BASELINE: a shipped environment terminal commits exactly one window and verifies (20909.378208ms)
✔ WINDOW-HARNESS: re-sealing the whole chain unchanged still verifies (340.789292ms)
✔ WINDOW-SHIFTED-WITHIN-BOUNDS: a window moved inside the bounds no longer escapes (344.19325ms)
✔ WINDOW-SHIFTED-COMMITMENT: moving the commitment to match a shifted window is caught too (358.986375ms)
✔ WINDOW-OBSERVATION-DURATION: an observation window shifted within bounds is caught (352.660541ms)
✔ WINDOW-BUNDLE-CUTOFF: an observation bundle whose cutoff disagrees with the commitment refuses (457.214541ms)
✖ WINDOW-MISSING: a terminal that started traffic and dropped its commitment refuses (481.340584ms)
✔ WINDOW-UNREACHED: a commitment retained but produced by no event refuses (432.147292ms)
✔ WINDOW-LATE-COMMITMENT: a window committed after the capture it governs refuses (468.031667ms)
✔ WINDOW-WRONG-SIGNER: a commitment signed by the traffic supervisor refuses (384.929875ms)
✔ WINDOW-FOREIGN-RUN: a commitment naming another run refuses (494.85875ms)
✔ WINDOW-POLICY-BINDING: a commitment naming a different cutoff policy refuses (375.997291ms)
✔ WINDOW-PROCESS-BINDING: a commitment measured from a different process start refuses (443.284ms)
✔ WINDOW-CLOCK-BINDING: a commitment in a different clock domain refuses (361.422542ms)
✔ WINDOW-OBSERVATION-BINDING: a commitment naming a different comparison policy refuses (367.048458ms)
✔ WINDOW-RULE-BINDING: a commitment declaring another instant rule refuses (372.542542ms)
✔ WINDOW-INVENTORY: the commitment is an applicable signed member of the terminal (71.288292ms)
✔ WINDOW-INVENTORY-OMITTED: dropping the commitment from an otherwise complete inventory refuses (355.215917ms)
ℹ tests 18
ℹ suites 0
ℹ pass 17
ℹ fail 1
ℹ cancelled 0
ℹ skipped 0
ℹ todo 0
ℹ duration_ms 27796.548584

✖ failing tests:

test at tests/dist/adversarial/evidenceWindowCommitment.test.js:451:1
✖ WINDOW-MISSING: a terminal that started traffic and dropped its commitment refuses (481.340584ms)
  AssertionError [ERR_ASSERTION]: Expected "actual" to be strictly unequal to: 0
      at TestContext.<anonymous> (file:///private/var/folders/gy/fgcsxyg95yxdym1qs1tvkzj80000gp/T/erl2-negative-control-kjbPvx/tree/tests/dist/adversarial/evidenceWindowCommitment.test.js:461:12)
      at Test.runInAsyncScope (node:async_hooks:226:14)
      at Test.run (node:internal/test_runner/test:1382:25)
      at Test.processPendingSubtests (node:internal/test_runner/test:960:18)
      at Test.postRun (node:internal/test_runner/test:1522:19)
      at Test.run (node:internal/test_runner/test:1447:12)
      at async Test.processPendingSubtests (node:internal/test_runner/test:960:7) {
    generatedMessage: true,
    code: 'ERR_ASSERTION',
    actual: 0,
    expected: 0,
    operator: 'notStrictEqual',
    diff: 'simple'
  }
