✔ WINDOW-SEAL: a well-formed window seals, and carries the exact durations (4.767084ms)
✔ WINDOW-SEAL: the cutoff is exactly process start plus warmup plus observation (0.429458ms)
✔ WINDOW-BOUNDS: a zero warmup is legal; a zero observation window is not (0.392959ms)
✔ WINDOW-BOUNDS: the policy's minimum and maximum are the edges, inclusive (0.590959ms)
✖ WINDOW-BOUNDS: one unit outside either edge refuses (0.766666ms)
✔ WINDOW-BOUNDS: a negative duration refuses (0.194375ms)
✔ WINDOW-BOUNDS: a fractional duration refuses (0.20275ms)
✔ WINDOW-BOUNDS: a sub-second window refuses, because its instant is not representable (0.257875ms)
✔ WINDOW-ARITH: exact integer addition refuses to overflow rather than losing precision (0.077459ms)
✔ WINDOW-CLOCK: a window measured against another clock domain refuses (0.149166ms)
✔ WINDOW-RUN: a receipt from another run refuses before it is signed (0.173583ms)
✔ WINDOW-MILESTONE: the observed milestone must land exactly on the committed boundary (0.539208ms)
✔ WINDOW-MILESTONE: a milestone before the process it attests refuses (0.310542ms)
✔ WINDOW-MILESTONE: a zero-warmup window puts the milestone at the process start (0.606417ms)
✔ WINDOW-TZ: the arithmetic is on UTC instants, so offsets and DST are irrelevant (0.343291ms)
✔ WINDOW-TZ: an unparseable process start refuses rather than yielding NaN arithmetic (0.197666ms)
ℹ tests 16
ℹ suites 0
ℹ pass 15
ℹ fail 1
ℹ cancelled 0
ℹ skipped 0
ℹ todo 0
ℹ duration_ms 159.149542

✖ failing tests:

test at tests/dist/integration/evidenceWindowDerivation.test.js:150:1
✖ WINDOW-BOUNDS: one unit outside either edge refuses (0.766666ms)
  AssertionError [ERR_ASSERTION]: Expected values to be strictly equal:
  + actual - expected
  
  + '<no refusal>'
  - 'CUTOFF_BOUND_EXCEEDED'
  
      at TestContext.<anonymous> (file:///private/var/folders/gy/fgcsxyg95yxdym1qs1tvkzj80000gp/T/erl2-negative-control-kjbPvx/tree/tests/dist/integration/evidenceWindowDerivation.test.js:154:12)
      at Test.runInAsyncScope (node:async_hooks:226:14)
      at Test.run (node:internal/test_runner/test:1382:25)
      at Test.processPendingSubtests (node:internal/test_runner/test:960:18)
      at Test.postRun (node:internal/test_runner/test:1522:19)
      at Test.run (node:internal/test_runner/test:1447:12)
      at async Test.processPendingSubtests (node:internal/test_runner/test:960:7) {
    generatedMessage: true,
    code: 'ERR_ASSERTION',
    actual: '<no refusal>',
    expected: 'CUTOFF_BOUND_EXCEEDED',
    operator: 'strictEqual',
    diff: 'simple'
  }
