✔ WINDOW-SEAL: a well-formed window seals, and carries the exact durations (5.544ms)
✔ WINDOW-SEAL: the cutoff is exactly process start plus warmup plus observation (0.49775ms)
✔ WINDOW-BOUNDS: a zero warmup is legal; a zero observation window is not (1.160334ms)
✔ WINDOW-BOUNDS: the policy's minimum and maximum are the edges, inclusive (1.656042ms)
✔ WINDOW-BOUNDS: one unit outside either edge refuses (0.391541ms)
✔ WINDOW-BOUNDS: a negative duration refuses (0.182666ms)
✔ WINDOW-BOUNDS: a fractional duration refuses (0.196709ms)
✔ WINDOW-BOUNDS: a sub-second window refuses, because its instant is not representable (0.251458ms)
✔ WINDOW-ARITH: exact integer addition refuses to overflow rather than losing precision (0.083875ms)
✔ WINDOW-CLOCK: a window measured against another clock domain refuses (0.168333ms)
✔ WINDOW-RUN: a receipt from another run refuses before it is signed (0.174208ms)
✖ WINDOW-MILESTONE: the observed milestone must land exactly on the committed boundary (1.209917ms)
✖ WINDOW-MILESTONE: a milestone before the process it attests refuses (0.375458ms)
✖ WINDOW-MILESTONE: a zero-warmup window puts the milestone at the process start (0.403042ms)
✔ WINDOW-TZ: the arithmetic is on UTC instants, so offsets and DST are irrelevant (0.282625ms)
✔ WINDOW-TZ: an unparseable process start refuses rather than yielding NaN arithmetic (0.175833ms)
ℹ tests 16
ℹ suites 0
ℹ pass 13
ℹ fail 3
ℹ cancelled 0
ℹ skipped 0
ℹ todo 0
ℹ duration_ms 186.582416

✖ failing tests:

test at tests/dist/integration/evidenceWindowDerivation.test.js:196:1
✖ WINDOW-MILESTONE: the observed milestone must land exactly on the committed boundary (1.209917ms)
  AssertionError [ERR_ASSERTION]: Expected values to be strictly equal:
  + actual - expected
  
  + '<no refusal>'
  - 'CUTOFF_BOUND_EXCEEDED'
  
      at TestContext.<anonymous> (file:///private/var/folders/gy/fgcsxyg95yxdym1qs1tvkzj80000gp/T/erl2-negative-control-kjbPvx/tree/tests/dist/integration/evidenceWindowDerivation.test.js:203:12)
      at Test.runInAsyncScope (node:async_hooks:226:14)
      at Test.run (node:internal/test_runner/test:1382:25)
      at Test.processPendingSubtests (node:internal/test_runner/test:960:18)
      at Test.postRun (node:internal/test_runner/test:1522:19)
      at Test.run (node:internal/test_runner/test:1447:12)
      at async Test.processPendingSubtests (node:internal/test_runner/test:960:7) {
    generatedMessage: true,
    code: 'ERR_ASSERTION',
    actual: '<no refusal>',
    expected: 'CUTOFF_BOUND_EXCEEDED',
    operator: 'strictEqual',
    diff: 'simple'
  }

test at tests/dist/integration/evidenceWindowDerivation.test.js:206:1
✖ WINDOW-MILESTONE: a milestone before the process it attests refuses (0.375458ms)
  AssertionError [ERR_ASSERTION]: Expected values to be strictly equal:
  + actual - expected
  
  + '<no refusal>'
  - 'CUTOFF_BOUND_EXCEEDED'
  
      at TestContext.<anonymous> (file:///private/var/folders/gy/fgcsxyg95yxdym1qs1tvkzj80000gp/T/erl2-negative-control-kjbPvx/tree/tests/dist/integration/evidenceWindowDerivation.test.js:207:12)
      at Test.runInAsyncScope (node:async_hooks:226:14)
      at Test.run (node:internal/test_runner/test:1382:25)
      at Test.processPendingSubtests (node:internal/test_runner/test:960:18)
      at Test.postRun (node:internal/test_runner/test:1522:19)
      at Test.run (node:internal/test_runner/test:1447:12)
      at async Test.processPendingSubtests (node:internal/test_runner/test:960:7) {
    generatedMessage: true,
    code: 'ERR_ASSERTION',
    actual: '<no refusal>',
    expected: 'CUTOFF_BOUND_EXCEEDED',
    operator: 'strictEqual',
    diff: 'simple'
  }

test at tests/dist/integration/evidenceWindowDerivation.test.js:209:1
✖ WINDOW-MILESTONE: a zero-warmup window puts the milestone at the process start (0.403042ms)
  AssertionError [ERR_ASSERTION]: Expected values to be strictly equal:
  + actual - expected
  
  + '<no refusal>'
  - 'CUTOFF_BOUND_EXCEEDED'
  
      at TestContext.<anonymous> (file:///private/var/folders/gy/fgcsxyg95yxdym1qs1tvkzj80000gp/T/erl2-negative-control-kjbPvx/tree/tests/dist/integration/evidenceWindowDerivation.test.js:212:12)
      at Test.runInAsyncScope (node:async_hooks:226:14)
      at Test.run (node:internal/test_runner/test:1382:25)
      at Test.processPendingSubtests (node:internal/test_runner/test:960:18)
      at Test.postRun (node:internal/test_runner/test:1522:19)
      at Test.run (node:internal/test_runner/test:1447:12)
      at async Test.processPendingSubtests (node:internal/test_runner/test:960:7) {
    generatedMessage: true,
    code: 'ERR_ASSERTION',
    actual: '<no refusal>',
    expected: 'CUTOFF_BOUND_EXCEEDED',
    operator: 'strictEqual',
    diff: 'simple'
  }
