✔ WINDOW-BASELINE: a shipped environment terminal commits exactly one window and verifies (20151.437709ms)
✔ WINDOW-HARNESS: re-sealing the whole chain unchanged still verifies (329.005875ms)
✔ WINDOW-SHIFTED-WITHIN-BOUNDS: a window moved inside the bounds no longer escapes (316.088375ms)
✔ WINDOW-SHIFTED-COMMITMENT: moving the commitment to match a shifted window is caught too (309.236291ms)
✔ WINDOW-OBSERVATION-DURATION: an observation window shifted within bounds is caught (330.089709ms)
✔ WINDOW-BUNDLE-CUTOFF: an observation bundle whose cutoff disagrees with the commitment refuses (359.042ms)
✔ WINDOW-MISSING: a terminal that started traffic and dropped its commitment refuses (323.418084ms)
✔ WINDOW-UNREACHED: a commitment retained but produced by no event refuses (336.23775ms)
✖ WINDOW-LATE-COMMITMENT: a window committed after the capture it governs refuses (348.255541ms)
✔ WINDOW-WRONG-SIGNER: a commitment signed by the traffic supervisor refuses (309.902042ms)
✔ WINDOW-FOREIGN-RUN: a commitment naming another run refuses (316.883792ms)
✔ WINDOW-POLICY-BINDING: a commitment naming a different cutoff policy refuses (339.044334ms)
✔ WINDOW-PROCESS-BINDING: a commitment measured from a different process start refuses (352.932ms)
✔ WINDOW-CLOCK-BINDING: a commitment in a different clock domain refuses (321.658375ms)
✔ WINDOW-OBSERVATION-BINDING: a commitment naming a different comparison policy refuses (330.227542ms)
✔ WINDOW-RULE-BINDING: a commitment declaring another instant rule refuses (345.32125ms)
✔ WINDOW-INVENTORY: the commitment is an applicable signed member of the terminal (70.825917ms)
✔ WINDOW-INVENTORY-OMITTED: dropping the commitment from an otherwise complete inventory refuses (324.582875ms)
ℹ tests 18
ℹ suites 0
ℹ pass 17
ℹ fail 1
ℹ cancelled 0
ℹ skipped 0
ℹ todo 0
ℹ duration_ms 25754.061

✖ failing tests:

test at tests/dist/adversarial/evidenceWindowCommitment.test.js:481:1
✖ WINDOW-LATE-COMMITMENT: a window committed after the capture it governs refuses (348.255541ms)
  AssertionError [ERR_ASSERTION]: Expected "actual" to be strictly unequal to: 0
      at TestContext.<anonymous> (file:///private/var/folders/gy/fgcsxyg95yxdym1qs1tvkzj80000gp/T/erl2-negative-control-kjbPvx/tree/tests/dist/adversarial/evidenceWindowCommitment.test.js:489:12)
      at Test.runInAsyncScope (node:async_hooks:226:14)
      at Test.run (node:internal/test_runner/test:1382:25)
      at Test.processPendingSubtests (node:internal/test_runner/test:960:18)
      at Test.postRun (node:internal/test_runner/test:1522:19)
      at Test.run (node:internal/test_runner/test:1447:12)
      at async Test.processPendingSubtests (node:internal/test_runner/test:960:7) {
    generatedMessage: true,
    code: 'ERR_ASSERTION',
    actual: 0,
    expected: 0,
    operator: 'notStrictEqual',
    diff: 'simple'
  }
