
> telemetrytest-ai@0.6.1 prepare
> npm run build


> telemetrytest-ai@0.6.1 build
> npm run build:packages && tsc -p tsconfig.json && npm run build:ui:phase3 && npm run build:ui:phase4


> telemetrytest-ai@0.6.1 build:packages
> tsc -p packages/qe-contracts/tsconfig.build.json && tsc -p packages/reference-oracle/tsconfig.build.json && tsc -p packages/collector/tsconfig.build.json


> telemetrytest-ai@0.6.1 build:ui:phase3
> tsc -p ui/phase3/tsconfig.build.json && node scripts/copy-phase3-ui-assets.mjs

phase3 ui assets copied to <CAMP>/work/qualiber/ui/phase3/dist

> telemetrytest-ai@0.6.1 build:ui:phase4
> tsc -p ui/phase4/tsconfig.build.json && node scripts/copy-phase4-ui-assets.mjs

phase4 ui assets copied to <CAMP>/work/qualiber/ui/phase4/dist

added 242 packages, and audited 248 packages in 8s

51 packages are looking for funding
  run `npm fund` for details

11 vulnerabilities (5 moderate, 5 high, 1 critical)

To address issues that do not require attention, run:
  npm audit fix

To address all issues (including breaking changes), run:
  npm audit fix --force

Run `npm audit` for details.
npm warn allow-scripts 5 packages have install scripts not yet covered by allowScripts:
npm warn allow-scripts   esbuild@0.28.1 (postinstall: node install.js)
npm warn allow-scripts   fsevents@2.3.2 (install: (install scripts present))
npm warn allow-scripts   fsevents@2.3.3 (install: (install scripts present))
npm warn allow-scripts   esbuild@0.21.5 (postinstall: node install.js)
npm warn allow-scripts   fsevents@2.3.3 (install: (install scripts present))
npm warn allow-scripts
npm warn allow-scripts Run `npm approve-scripts --allow-scripts-pending` to review, or `npm approve-scripts <pkg>` to allow.
