{
  "control_id": "NC-9",
  "evidence_root": "/private/tmp/qualiber-wave3-control-closure-1787765436-98932/work/evidence-copy",
  "scratch_dir": "/private/tmp/qualiber-wave3-control-closure-1787765436-98932/work/scratch/NC-9",
  "started_at": "2026-08-26T17:35:45.639Z",
  "mutations": [
    {
      "target": "execution-lock.json (dep mutation)",
      "beforeDigest": "fb96c200f941712174f495394be3ce384165c2739170a287501c693bd0f3636f",
      "afterDigest": "6fd443c454870c7c84c4573fe73598d264d69c0c5e2f5d48eb32d1e13a684ff5",
      "mutationApplied": true
    }
  ],
  "legs": [
    {
      "name": "nc9-dep-drift",
      "exit_code": 0,
      "stdout": "{\n  \"schema_version\": \"qualiber-reality-lab/campaign-comparison/v1\",\n  \"scenario_id\": \"QLB-EXT-009\",\n  \"mode\": \"scenario\",\n  \"observation_id\": null,\n  \"oracle_precommit_sha256\": \"sha256:171d2ad61f91ce8379203438bff68ebf2255ab6abd20262556f2d14ee407477b\",\n  \"oracle_precommit_revision\": 1,\n  \"execution_lock_sha256\": \"sha256:6fd443c454870c7c84c4573fe73598d264d69c0c5e2f5d48eb32d1e13a684ff5\",\n  \"expectation_sha256\": null,\n  \"comparator_dependencies_resolved\": [\n    {\n      \"name\": \"@erl2/contracts\",\n      \"version\": \"0.1.0\",\n      \"entry_sha256\": \"sha256:da45bec05eada150c6006c64cf51a41f7bcfa233eb1d299b8adb341adb9dc00c\"\n    },\n    {\n      \"name\": \"@erl2/integrity\",\n      \"version\": \"0.1.0\",\n      \"entry_sha256\": \"sha256:c927d02cb33fa1c8f0a08a78fedcfe8137d0954180ed07ceaa8f2e1112feff13\"\n    }\n  ],\n  \"binding\": {\n    \"bound\": false,\n    \"dependency_triples_matched\": false,\n    \"expectation_digest_matched\": null,\n    \"expectation_binding_mode\": \"scenario\",\n    \"record_retained_output_refs_matched\": [],\n    \"record_retained_output_refs_mismatched\": [],\n    \"adapter_artifact_hashes_matched\": null,\n    \"frozen_sidecars_matched\": null,\n    \"response_envelope_bytes_matched\": null,\n    \"response_envelope_schema_valid\": null,\n    \"response_envelope_core_hash_recomputed\": null,\n    \"response_envelope_core_hash_matched\": null,\n    \"plan_hash\": null,\n    \"adapter_artifact_hash\": null,\n    \"capture_stimulus_sha256\": null,\n    \"contract_stimulus_sha256\": null,\n    \"oracle_precommit_digests_matched\": null,\n    \"execution_lock_digests_matched\": null,\n    \"campaign_index_observation_id_matched\": null\n  },\n  \"expected\": null,\n  \"observed\": {\n    \"operation_state\": null,\n    \"response_status\": null,\n    \"envelope_error_code\": null,\n    \"envelope_error_owner\": null,\n    \"envelope_error_safe_message\": null,\n    \"run_status\": null,\n    \"not_run_reason\": null,\n    \"inconclusive_reason\": null,\n    \"collector_health\": null,\n    \"customer_visible_message\": null,\n    \"finding_count\": null,\n    \"finding_types\": null,\n    \"finding_events\": null,\n    \"target_event_observed\": null,\n    \"recorded_exit_code\": null,\n    \"recorded_ci_exit_code\": null,\n    \"artifacts_present\": [],\n    \"artifacts_absent\": [],\n    \"terminal_status_recorded_not_used\": null\n  },\n  \"verdict\": \"unavailable\",\n  \"classification\": \"lab_harness_failure\",\n  \"sub_reasons\": [\n    \"comparator_dependency_triple_mismatch\"\n  ],\n  \"evidence_refs\": []\n}\nQLB-EXT-009 [scenario] verdict=unavailable classification=lab_harness_failure sub_reasons=comparator_dependency_triple_mismatch\n",
      "stderr": ""
    }
  ],
  "verdict": "HELD",
  "classification": "lab_harness_failure",
  "sub_reasons": [],
  "precommitted_outcome": "dependency drift unavailable/lab_harness_failure with comparator_dependency_mismatch",
  "source_evidence_intact": null,
  "completed_at": "2026-08-26T17:35:45.754Z"
}
